Archive member included to satisfy reference by file (symbol)

C:/Users/gene_/.pico-sdk/toolchain/13_2_Rel1/bin/../lib/gcc/arm-none-eabi/13.2.1/thumb/v6-m/nofp\libgcc.a(_dvmd_tls.o)
                              CMakeFiles/myADC_PLL.dir/C_/Users/gene_/.pico-sdk/sdk/1.5.1/src/rp2_common/pico_divider/divider.S.obj (__aeabi_idiv0)
C:/Users/gene_/.pico-sdk/toolchain/13_2_Rel1/bin/../lib/gcc/arm-none-eabi/13.2.1/thumb/v6-m/nofp\libg.a(libc_a-calloc.o)
                              CMakeFiles/myADC_PLL.dir/C_/Users/gene_/.pico-sdk/sdk/1.5.1/src/rp2_common/pico_malloc/pico_malloc.c.obj (calloc)
C:/Users/gene_/.pico-sdk/toolchain/13_2_Rel1/bin/../lib/gcc/arm-none-eabi/13.2.1/thumb/v6-m/nofp\libg.a(libc_a-callocr.o)
                              C:/Users/gene_/.pico-sdk/toolchain/13_2_Rel1/bin/../lib/gcc/arm-none-eabi/13.2.1/thumb/v6-m/nofp\libg.a(libc_a-calloc.o) (_calloc_r)
C:/Users/gene_/.pico-sdk/toolchain/13_2_Rel1/bin/../lib/gcc/arm-none-eabi/13.2.1/thumb/v6-m/nofp\libg.a(libc_a-malloc.o)
                              CMakeFiles/myADC_PLL.dir/C_/Users/gene_/.pico-sdk/sdk/1.5.1/src/rp2_common/pico_malloc/pico_malloc.c.obj (malloc)
C:/Users/gene_/.pico-sdk/toolchain/13_2_Rel1/bin/../lib/gcc/arm-none-eabi/13.2.1/thumb/v6-m/nofp\libg.a(libc_a-mallocr.o)
                              C:/Users/gene_/.pico-sdk/toolchain/13_2_Rel1/bin/../lib/gcc/arm-none-eabi/13.2.1/thumb/v6-m/nofp\libg.a(libc_a-callocr.o) (_malloc_r)
C:/Users/gene_/.pico-sdk/toolchain/13_2_Rel1/bin/../lib/gcc/arm-none-eabi/13.2.1/thumb/v6-m/nofp\libg.a(libc_a-mlock.o)
                              C:/Users/gene_/.pico-sdk/toolchain/13_2_Rel1/bin/../lib/gcc/arm-none-eabi/13.2.1/thumb/v6-m/nofp\libg.a(libc_a-mallocr.o) (__malloc_lock)
C:/Users/gene_/.pico-sdk/toolchain/13_2_Rel1/bin/../lib/gcc/arm-none-eabi/13.2.1/thumb/v6-m/nofp\libg.a(libc_a-realloc.o)
                              CMakeFiles/myADC_PLL.dir/C_/Users/gene_/.pico-sdk/sdk/1.5.1/src/rp2_common/pico_malloc/pico_malloc.c.obj (realloc)
C:/Users/gene_/.pico-sdk/toolchain/13_2_Rel1/bin/../lib/gcc/arm-none-eabi/13.2.1/thumb/v6-m/nofp\libg.a(libc_a-reallocr.o)
                              C:/Users/gene_/.pico-sdk/toolchain/13_2_Rel1/bin/../lib/gcc/arm-none-eabi/13.2.1/thumb/v6-m/nofp\libg.a(libc_a-realloc.o) (_realloc_r)
C:/Users/gene_/.pico-sdk/toolchain/13_2_Rel1/bin/../lib/gcc/arm-none-eabi/13.2.1/thumb/v6-m/nofp\libg.a(libc_a-memcmp.o)
                              CMakeFiles/myADC_PLL.dir/C_/Users/gene_/.pico-sdk/sdk/1.5.1/lib/cyw43-driver/src/cyw43_ll.c.obj (memcmp)
C:/Users/gene_/.pico-sdk/toolchain/13_2_Rel1/bin/../lib/gcc/arm-none-eabi/13.2.1/thumb/v6-m/nofp\libg.a(libc_a-memmove.o)
                              CMakeFiles/myADC_PLL.dir/C_/Users/gene_/.pico-sdk/sdk/1.5.1/lib/cyw43-driver/src/cyw43_ll.c.obj (memmove)
C:/Users/gene_/.pico-sdk/toolchain/13_2_Rel1/bin/../lib/gcc/arm-none-eabi/13.2.1/thumb/v6-m/nofp\libg.a(libc_a-strncmp.o)
                              CMakeFiles/myADC_PLL.dir/C_/Users/gene_/.pico-sdk/sdk/1.5.1/lib/cyw43-driver/src/cyw43_ll.c.obj (strncmp)
C:/Users/gene_/.pico-sdk/toolchain/13_2_Rel1/bin/../lib/gcc/arm-none-eabi/13.2.1/thumb/v6-m/nofp\libg.a(libc_a-impure.o)
                              C:/Users/gene_/.pico-sdk/toolchain/13_2_Rel1/bin/../lib/gcc/arm-none-eabi/13.2.1/thumb/v6-m/nofp\libg.a(libc_a-calloc.o) (_impure_ptr)
C:/Users/gene_/.pico-sdk/toolchain/13_2_Rel1/bin/../lib/gcc/arm-none-eabi/13.2.1/thumb/v6-m/nofp\libg.a(libc_a-sbrkr.o)
                              C:/Users/gene_/.pico-sdk/toolchain/13_2_Rel1/bin/../lib/gcc/arm-none-eabi/13.2.1/thumb/v6-m/nofp\libg.a(libc_a-mallocr.o) (_sbrk_r)
C:/Users/gene_/.pico-sdk/toolchain/13_2_Rel1/bin/../lib/gcc/arm-none-eabi/13.2.1/thumb/v6-m/nofp\libg.a(libc_a-errno.o)
                              C:/Users/gene_/.pico-sdk/toolchain/13_2_Rel1/bin/../lib/gcc/arm-none-eabi/13.2.1/thumb/v6-m/nofp\libg.a(libc_a-callocr.o) (__errno)
C:/Users/gene_/.pico-sdk/toolchain/13_2_Rel1/bin/../lib/gcc/arm-none-eabi/13.2.1/thumb/v6-m/nofp\libg.a(libc_a-init.o)
                              C:/Users/gene_/.pico-sdk/toolchain/13_2_Rel1/bin/../lib/gcc/arm-none-eabi/13.2.1/thumb/v6-m/nofp/crt0.o (__libc_init_array)
C:/Users/gene_/.pico-sdk/toolchain/13_2_Rel1/bin/../lib/gcc/arm-none-eabi/13.2.1/thumb/v6-m/nofp\libg.a(libc_a-lock.o)
                              C:/Users/gene_/.pico-sdk/toolchain/13_2_Rel1/bin/../lib/gcc/arm-none-eabi/13.2.1/thumb/v6-m/nofp\libg.a(libc_a-mlock.o) (__retarget_lock_acquire_recursive)
C:/Users/gene_/.pico-sdk/toolchain/13_2_Rel1/bin/../lib/gcc/arm-none-eabi/13.2.1/thumb/v6-m/nofp\libg.a(libc_a-sysconf.o)
                              C:/Users/gene_/.pico-sdk/toolchain/13_2_Rel1/bin/../lib/gcc/arm-none-eabi/13.2.1/thumb/v6-m/nofp\libg.a(libc_a-mallocr.o) (sysconf)
C:/Users/gene_/.pico-sdk/toolchain/13_2_Rel1/bin/../lib/gcc/arm-none-eabi/13.2.1/thumb/v6-m/nofp\libg.a(libc_a-strlen-stub.o)
[...]
Memory Configuration

Name             Origin             Length             Attributes
FLASH            0x10000000         0x00200000         xr
RAM              0x20000000         0x00040000         xrw
SCRATCH_X        0x20040000         0x00001000         xrw
SCRATCH_Y        0x20041000         0x00001000         xrw
*default*        0x00000000         0xffffffff

Linker script and memory map

LOAD C:/Users/gene_/.pico-sdk/toolchain/13_2_Rel1/bin/../lib/gcc/arm-none-eabi/13.2.1/thumb/v6-m/nofp/crti.o
LOAD C:/Users/gene_/.pico-sdk/toolchain/13_2_Rel1/bin/../lib/gcc/arm-none-eabi/13.2.1/thumb/v6-m/nofp/crtbegin.o
LOAD C:/Users/gene_/.pico-sdk/toolchain/13_2_Rel1/bin/../lib/gcc/arm-none-eabi/13.2.1/thumb/v6-m/nofp/crt0.o

.flash_begin    0x10000000        0x0
                0x10000000                        __flash_binary_start = .

.boot2          0x10000000      0x100
                0x10000000                        __boot2_start__ = .
 *(.boot2)
 .boot2         0x10000000      0x100 C:\Users\gene_\AppData\Local\Temp\ccacIrMH.o
                0x10000100                        __boot2_end__ = .
                0x00000001                        ASSERT (((__boot2_end__ - __boot2_start__) == 0x100), ERROR: Pico second stage bootloader must be 256 bytes in size)

.text           0x10000100     0x7d28
                0x10000100                        __logical_binary_start = .
 *(.vectors)
 .vectors       0x10000100       0xd4 CMakeFiles/myADC_PLL.dir/C_/Users/gene_/.pico-sdk/sdk/1.5.1/src/rp2_common/pico_standard_link/crt0.S.obj
                0x10000100                __VECTOR_TABLE
                0x10000100                __vectors
                0x100001c0                isr_invalid
                0x100001c0                __default_isrs_start
                0x100001c2                isr_nmi
                0x100001c4                isr_hardfault
                0x100001c6                isr_svcall
                0x100001c8                isr_pendsv
                0x100001ca                isr_systick
                0x100001cc                isr_irq23
                0x100001cc                isr_irq18
                0x100001cc                isr_irq11
                0x100001cc                isr_irq28
                0x100001cc                isr_irq19
                0x100001cc                isr_irq0
                0x100001cc                isr_irq6
                0x100001cc                isr_irq5
                0x100001cc                isr_irq12
                0x100001cc                isr_irq22
                0x100001cc                isr_irq31
                0x100001cc                isr_irq17
                0x100001cc                isr_irq27
                0x100001cc                isr_irq30
                0x100001cc                isr_irq2
                0x100001cc                isr_irq10
                0x100001cc                isr_irq8
                0x100001cc                isr_irq24
                0x100001cc                isr_irq1
                0x100001cc                isr_irq7
                0x100001cc                isr_irq21
                0x100001cc                isr_irq20
                0x100001cc                isr_irq15
                0x100001cc                isr_irq25
                0x100001cc                isr_irq13
                0x100001cc                __unhandled_user_irq
                0x100001cc                isr_irq4
                0x100001cc                isr_irq16
                0x100001cc                isr_irq29
                0x100001cc                isr_irq26
                0x100001cc                __default_isrs_end
                0x100001cc                isr_irq3
                0x100001cc                isr_irq14
                0x100001cc                isr_irq9
                0x100001d2                unhandled_user_irq_num_in_r0
 *(.binary_info_header)
 .binary_info_header
                0x100001d4       0x14 CMakeFiles/myADC_PLL.dir/C_/Users/gene_/.pico-sdk/sdk/1.5.1/src/rp2_common/pico_standard_link/crt0.S.obj
                0x100001e8                        __binary_info_header_end = .
 *(.reset)
 .reset         0x100001e8       0xa0 CMakeFiles/myADC_PLL.dir/C_/Users/gene_/.pico-sdk/sdk/1.5.1/src/rp2_common/pico_standard_link/crt0.S.obj
                0x100001e8                _entry_point
 .reset         0x10000288       0x30 CMakeFiles/myADC_PLL.dir/C_/Users/gene_/.pico-sdk/sdk/1.5.1/src/rp2_common/pico_standard_link/binary_info.c.obj
 *(.init)
 .init          0x100002b8        0x4 C:/Users/gene_/.pico-sdk/toolchain/13_2_Rel1/bin/../lib/gcc/arm-none-eabi/13.2.1/thumb/v6-m/nofp/crti.o
                0x100002b8                _init
 *(EXCLUDE_FILE(*libm.a: *libc.a:*lib_a-mem*.o *libgcc.a:) .text*)
 .text.register_tm_clones
                0x100002bc       0x28 C:/Users/gene_/.pico-sdk/toolchain/13_2_Rel1/bin/../lib/gcc/arm-none-eabi/13.2.1/thumb/v6-m/nofp/crtbegin.o
 .text.frame_dummy
                0x100002e4       0x24 C:/Users/gene_/.pico-sdk/toolchain/13_2_Rel1/bin/../lib/gcc/arm-none-eabi/13.2.1/thumb/v6-m/nofp/crtbegin.o
 .text.pio_get_default_sm_config
                0x10000308       0x28 CMakeFiles/myADC_PLL.dir/myADC_PLL.c.obj
 .text.blink_program_get_default_config
                0x10000330       0x28 CMakeFiles/myADC_PLL.dir/myADC_PLL.c.obj
 .text.alarm_callback
                0x10000358        0x6 CMakeFiles/myADC_PLL.dir/myADC_PLL.c.obj
                0x10000358                alarm_callback
 *fill*         0x1000035e        0x2 
 .text.update_us_since_boot
                0x10000360       0x24 CMakeFiles/myADC_PLL.dir/myADC_PLL.c.obj
 .text.get_absolute_time
                0x10000384       0x22 CMakeFiles/myADC_PLL.dir/myADC_PLL.c.obj
 *fill*         0x100003a6        0x2 
 .text.delayed_by_ms
                0x100003a8       0x44 CMakeFiles/myADC_PLL.dir/myADC_PLL.c.obj
 .text.alarm_pool_add_alarm_in_ms
                0x100003ec       0x3e CMakeFiles/myADC_PLL.dir/myADC_PLL.c.obj
 .text.add_alarm_in_ms
                0x1000042a       0x20 CMakeFiles/myADC_PLL.dir/myADC_PLL.c.obj
 *fill*         0x1000044a        0x2 
 .text.blink_program_init
                0x1000044c       0x60 CMakeFiles/myADC_PLL.dir/myADC_PLL.c.obj
                0x1000044c                blink_program_init
 .text.blink_pin_forever
                0x100004ac       0x3c CMakeFiles/myADC_PLL.dir/myADC_PLL.c.obj
                0x100004ac                blink_pin_forever
 .text.main     0x100004e8       0x80 CMakeFiles/myADC_PLL.dir/myADC_PLL.c.obj
                0x100004e8                main
 .text.gpio_set_function
                0x10000568       0x30 CMakeFiles/myADC_PLL.dir/C_/Users/gene_/.pico-sdk/sdk/1.5.1/src/rp2_common/hardware_gpio/gpio.c.obj
                0x10000568                gpio_set_function
 .text.gpio_set_pulls
                0x10000598       0x34 CMakeFiles/myADC_PLL.dir/C_/Users/gene_/.pico-sdk/sdk/1.5.1/src/rp2_common/hardware_gpio/gpio.c.obj
                0x10000598                gpio_set_pulls
 .text.gpio_set_input_hysteresis_enabled
                0x100005cc       0x30 CMakeFiles/myADC_PLL.dir/C_/Users/gene_/.pico-sdk/sdk/1.5.1/src/rp2_common/hardware_gpio/gpio.c.obj
                0x100005cc                gpio_set_input_hysteresis_enabled
 .text.gpio_add_raw_irq_handler_with_order_priority_masked
                0x100005fc       0x40 CMakeFiles/myADC_PLL.dir/C_/Users/gene_/.pico-sdk/sdk/1.5.1/src/rp2_common/hardware_gpio/gpio.c.obj
                0x100005fc                gpio_add_raw_irq_handler_with_order_priority_masked
 .text.gpio_remove_raw_irq_handler_masked
                0x1000063c       0x48 CMakeFiles/myADC_PLL.dir/C_/Users/gene_/.pico-sdk/sdk/1.5.1/src/rp2_common/hardware_gpio/gpio.c.obj
                0x1000063c                gpio_remove_raw_irq_handler_masked
 .text.gpio_acknowledge_irq
                0x10000684       0x18 CMakeFiles/myADC_PLL.dir/C_/Users/gene_/.pico-sdk/sdk/1.5.1/src/rp2_common/hardware_gpio/gpio.c.obj
                0x10000684                gpio_acknowledge_irq
 .text._gpio_set_irq_enabled
                0x1000069c       0x34 CMakeFiles/myADC_PLL.dir/C_/Users/gene_/.pico-sdk/sdk/1.5.1/src/rp2_common/hardware_gpio/gpio.c.obj
 .text.gpio_set_irq_enabled
                0x100006d0       0x20 CMakeFiles/myADC_PLL.dir/C_/Users/gene_/.pico-sdk/sdk/1.5.1/src/rp2_common/hardware_gpio/gpio.c.obj
                0x100006d0                gpio_set_irq_enabled
 .text.gpio_init
                0x100006f0       0x16 CMakeFiles/myADC_PLL.dir/C_/Users/gene_/.pico-sdk/sdk/1.5.1/src/rp2_common/hardware_gpio/gpio.c.obj
                0x100006f0                gpio_init
 *fill*         0x10000706        0x2 
 .text.running_on_fpga
                0x10000708       0x14 CMakeFiles/myADC_PLL.dir/C_/Users/gene_/.pico-sdk/sdk/1.5.1/src/rp2_common/pico_platform/platform.c.obj
                0x10000708                running_on_fpga
 .text.hw_claim_lock
                0x1000071c       0x18 CMakeFiles/myADC_PLL.dir/C_/Users/gene_/.pico-sdk/sdk/1.5.1/src/rp2_common/hardware_claim/claim.c.obj
                0x1000071c                hw_claim_lock
 .text.hw_claim_unlock
                0x10000734       0x14 CMakeFiles/myADC_PLL.dir/C_/Users/gene_/.pico-sdk/sdk/1.5.1/src/rp2_common/hardware_claim/claim.c.obj
                0x10000734                hw_claim_unlock
 .text.hw_claim_or_assert
                0x10000748       0x32 CMakeFiles/myADC_PLL.dir/C_/Users/gene_/.pico-sdk/sdk/1.5.1/src/rp2_common/hardware_claim/claim.c.obj
                0x10000748                hw_claim_or_assert
 .text.hw_claim_unused_from_range
                0x1000077a       0x50 CMakeFiles/myADC_PLL.dir/C_/Users/gene_/.pico-sdk/sdk/1.5.1/src/rp2_common/hardware_claim/claim.c.obj
                0x1000077a                hw_claim_unused_from_range
 *fill*         0x100007ca        0x2 
 .text.hw_claim_clear
                0x100007cc       0x40 CMakeFiles/myADC_PLL.dir/C_/Users/gene_/.pico-sdk/sdk/1.5.1/src/rp2_common/hardware_claim/claim.c.obj
                0x100007cc                hw_claim_clear
 .text.spin_locks_reset
                0x1000080c       0x20 CMakeFiles/myADC_PLL.dir/C_/Users/gene_/.pico-sdk/sdk/1.5.1/src/rp2_common/hardware_sync/sync.c.obj
                0x1000080c                spin_locks_reset
 .text.next_striped_spin_lock_num
                0x1000082c       0x1c CMakeFiles/myADC_PLL.dir/C_/Users/gene_/.pico-sdk/sdk/1.5.1/src/rp2_common/hardware_sync/sync.c.obj
                0x1000082c                next_striped_spin_lock_num
 .text.set_raw_irq_handler_and_unlock
                0x10000848       0x28 CMakeFiles/myADC_PLL.dir/C_/Users/gene_/.pico-sdk/sdk/1.5.1/src/rp2_common/hardware_irq/irq.c.obj
 .text.get_user_irq_claim_index
                0x10000870        0x6 CMakeFiles/myADC_PLL.dir/C_/Users/gene_/.pico-sdk/sdk/1.5.1/src/rp2_common/hardware_irq/irq.c.obj
 *fill*         0x10000876        0x2 
 .text.resolve_branch
                0x10000878       0x30 CMakeFiles/myADC_PLL.dir/C_/Users/gene_/.pico-sdk/sdk/1.5.1/src/rp2_common/hardware_irq/irq.c.obj
 .text.make_branch
                0x100008a8       0x48 CMakeFiles/myADC_PLL.dir/C_/Users/gene_/.pico-sdk/sdk/1.5.1/src/rp2_common/hardware_irq/irq.c.obj
 .text.insert_branch_and_link
                0x100008f0       0x40 CMakeFiles/myADC_PLL.dir/C_/Users/gene_/.pico-sdk/sdk/1.5.1/src/rp2_common/hardware_irq/irq.c.obj
 .text.irq_is_enabled
                0x10000930       0x18 CMakeFiles/myADC_PLL.dir/C_/Users/gene_/.pico-sdk/sdk/1.5.1/src/rp2_common/hardware_irq/irq.c.obj
                0x10000930                irq_is_enabled
 .text.irq_set_mask_enabled
                0x10000948       0x20 CMakeFiles/myADC_PLL.dir/C_/Users/gene_/.pico-sdk/sdk/1.5.1/src/rp2_common/hardware_irq/irq.c.obj
                0x10000948                irq_set_mask_enabled
 .text.irq_set_enabled
                0x10000968        0xe CMakeFiles/myADC_PLL.dir/C_/Users/gene_/.pico-sdk/sdk/1.5.1/src/rp2_common/hardware_irq/irq.c.obj
                0x10000968                irq_set_enabled
 *fill*         0x10000976        0x2 
 .text.irq_set_pending
                0x10000978       0x10 CMakeFiles/myADC_PLL.dir/C_/Users/gene_/.pico-sdk/sdk/1.5.1/src/rp2_common/hardware_irq/irq.c.obj
                0x10000978                irq_set_pending
 .text.irq_get_vtable_handler
                0x10000988       0x10 CMakeFiles/myADC_PLL.dir/C_/Users/gene_/.pico-sdk/sdk/1.5.1/src/rp2_common/hardware_irq/irq.c.obj
                0x10000988                irq_get_vtable_handler
 .text.irq_set_exclusive_handler
                0x10000998       0x54 CMakeFiles/myADC_PLL.dir/C_/Users/gene_/.pico-sdk/sdk/1.5.1/src/rp2_common/hardware_irq/irq.c.obj
                0x10000998                irq_set_exclusive_handler
 .text.irq_add_shared_handler
                0x100009ec      0x210 CMakeFiles/myADC_PLL.dir/C_/Users/gene_/.pico-sdk/sdk/1.5.1/src/rp2_common/hardware_irq/irq.c.obj
                0x100009ec                irq_add_shared_handler
 .text.irq_remove_handler
                0x10000bfc      0x188 CMakeFiles/myADC_PLL.dir/C_/Users/gene_/.pico-sdk/sdk/1.5.1/src/rp2_common/hardware_irq/irq.c.obj
                0x10000bfc                irq_remove_handler
 .text.irq_set_priority
                0x10000d84       0x28 CMakeFiles/myADC_PLL.dir/C_/Users/gene_/.pico-sdk/sdk/1.5.1/src/rp2_common/hardware_irq/irq.c.obj
                0x10000d84                irq_set_priority
 .text.irq_add_tail_to_free_list
                0x10000dac       0xf0 CMakeFiles/myADC_PLL.dir/C_/Users/gene_/.pico-sdk/sdk/1.5.1/src/rp2_common/hardware_irq/irq.c.obj
                0x10000dac                irq_add_tail_to_free_list
 .text.irq_init_priorities
                0x10000e9c       0x1c CMakeFiles/myADC_PLL.dir/C_/Users/gene_/.pico-sdk/sdk/1.5.1/src/rp2_common/hardware_irq/irq.c.obj
                0x10000e9c                irq_init_priorities
 .text.user_irq_unclaim
                0x10000eb8       0x18 CMakeFiles/myADC_PLL.dir/C_/Users/gene_/.pico-sdk/sdk/1.5.1/src/rp2_common/hardware_irq/irq.c.obj
                0x10000eb8                user_irq_unclaim
 .text.user_irq_claim_unused
                0x10000ed0       0x2c CMakeFiles/myADC_PLL.dir/C_/Users/gene_/.pico-sdk/sdk/1.5.1/src/rp2_common/hardware_irq/irq.c.obj
                0x10000ed0                user_irq_claim_unused
 .text.sem_init
                0x10000efc       0x1e CMakeFiles/myADC_PLL.dir/C_/Users/gene_/.pico-sdk/sdk/1.5.1/src/common/pico_sync/sem.c.obj
                0x10000efc                sem_init
 *fill*         0x10000f1a        0x2 
 .text.lock_init
                0x10000f1c       0x10 CMakeFiles/myADC_PLL.dir/C_/Users/gene_/.pico-sdk/sdk/1.5.1/src/common/pico_sync/lock_core.c.obj
                0x10000f1c                lock_init
 .text.mutex_init
                0x10000f2c       0x1a CMakeFiles/myADC_PLL.dir/C_/Users/gene_/.pico-sdk/sdk/1.5.1/src/common/pico_sync/mutex.c.obj
                0x10000f2c                mutex_init
 .text.recursive_mutex_init
                0x10000f46       0x1e CMakeFiles/myADC_PLL.dir/C_/Users/gene_/.pico-sdk/sdk/1.5.1/src/common/pico_sync/mutex.c.obj
                0x10000f46                recursive_mutex_init
 .text.time_reached
                0x10000f64       0x28 CMakeFiles/myADC_PLL.dir/C_/Users/gene_/.pico-sdk/sdk/1.5.1/src/common/pico_time/time.c.obj
 .text.get_entry
                0x10000f8c       0x38 CMakeFiles/myADC_PLL.dir/C_/Users/gene_/.pico-sdk/sdk/1.5.1/src/common/pico_time/time.c.obj
 .text.timer_pool_entry_comparator
                0x10000fc4       0x2e CMakeFiles/myADC_PLL.dir/C_/Users/gene_/.pico-sdk/sdk/1.5.1/src/common/pico_time/time.c.obj
                0x10000fc4                timer_pool_entry_comparator
 *fill*         0x10000ff2        0x2 
 .text.update_us_since_boot
                0x10000ff4       0x24 CMakeFiles/myADC_PLL.dir/C_/Users/gene_/.pico-sdk/sdk/1.5.1/src/common/pico_time/time.c.obj
 .text.delayed_by_us
                0x10001018       0x34 CMakeFiles/myADC_PLL.dir/C_/Users/gene_/.pico-sdk/sdk/1.5.1/src/common/pico_time/time.c.obj
 .text.ph_get_node
                0x1000104c       0x30 CMakeFiles/myADC_PLL.dir/C_/Users/gene_/.pico-sdk/sdk/1.5.1/src/common/pico_time/time.c.obj
 .text.ph_contains_node
                0x1000107c       0x1e CMakeFiles/myADC_PLL.dir/C_/Users/gene_/.pico-sdk/sdk/1.5.1/src/common/pico_time/time.c.obj
 .text.ph_new_node
                0x1000109a       0x28 CMakeFiles/myADC_PLL.dir/C_/Users/gene_/.pico-sdk/sdk/1.5.1/src/common/pico_time/time.c.obj
 *fill*         0x100010c2        0x2 
 .text.ph_add_child_node
                0x100010c4       0x6c CMakeFiles/myADC_PLL.dir/C_/Users/gene_/.pico-sdk/sdk/1.5.1/src/common/pico_time/time.c.obj
 .text.ph_merge_nodes
                0x10001130       0x3e CMakeFiles/myADC_PLL.dir/C_/Users/gene_/.pico-sdk/sdk/1.5.1/src/common/pico_time/time.c.obj
 *fill*         0x1000116e        0x2 
 .text.ph_insert_node
                0x10001170       0x3c CMakeFiles/myADC_PLL.dir/C_/Users/gene_/.pico-sdk/sdk/1.5.1/src/common/pico_time/time.c.obj
 .text.ph_free_node
                0x100011ac       0x5c CMakeFiles/myADC_PLL.dir/C_/Users/gene_/.pico-sdk/sdk/1.5.1/src/common/pico_time/time.c.obj
 .text.get_entry_id_high
                0x10001208       0x30 CMakeFiles/myADC_PLL.dir/C_/Users/gene_/.pico-sdk/sdk/1.5.1/src/common/pico_time/time.c.obj
 .text.alarm_pool_post_alloc_init
                0x10001238       0x40 CMakeFiles/myADC_PLL.dir/C_/Users/gene_/.pico-sdk/sdk/1.5.1/src/common/pico_time/time.c.obj
 .text.sleep_until_callback
                0x10001278       0x30 CMakeFiles/myADC_PLL.dir/C_/Users/gene_/.pico-sdk/sdk/1.5.1/src/common/pico_time/time.c.obj
 .text.get_absolute_time
                0x100012a8       0x22 CMakeFiles/myADC_PLL.dir/C_/Users/gene_/.pico-sdk/sdk/1.5.1/src/common/pico_time/time.c.obj
 .text.make_timeout_time_us
                0x100012ca       0x24 CMakeFiles/myADC_PLL.dir/C_/Users/gene_/.pico-sdk/sdk/1.5.1/src/common/pico_time/time.c.obj
 *fill*         0x100012ee        0x2 
 .text.add_alarm_under_lock
                0x100012f0       0x94 CMakeFiles/myADC_PLL.dir/C_/Users/gene_/.pico-sdk/sdk/1.5.1/src/common/pico_time/time.c.obj
 .text.alarm_pool_alarm_callback
                0x10001384      0x210 CMakeFiles/myADC_PLL.dir/C_/Users/gene_/.pico-sdk/sdk/1.5.1/src/common/pico_time/time.c.obj
 .text.alarm_pool_init_default
                0x10001594       0x40 CMakeFiles/myADC_PLL.dir/C_/Users/gene_/.pico-sdk/sdk/1.5.1/src/common/pico_time/time.c.obj
                0x10001594                alarm_pool_init_default
 .text.alarm_pool_get_default
                0x100015d4       0x2c CMakeFiles/myADC_PLL.dir/C_/Users/gene_/.pico-sdk/sdk/1.5.1/src/common/pico_time/time.c.obj
                0x100015d4                alarm_pool_get_default
 .text.alarm_pool_add_alarm_at
                0x10001600      0x10e CMakeFiles/myADC_PLL.dir/C_/Users/gene_/.pico-sdk/sdk/1.5.1/src/common/pico_time/time.c.obj
                0x10001600                alarm_pool_add_alarm_at
 .text.add_alarm_at
                0x1000170e       0x2e CMakeFiles/myADC_PLL.dir/C_/Users/gene_/.pico-sdk/sdk/1.5.1/src/common/pico_time/time.c.obj
 .text.alarm_pool_cancel_alarm
                0x1000173c       0xa8 CMakeFiles/myADC_PLL.dir/C_/Users/gene_/.pico-sdk/sdk/1.5.1/src/common/pico_time/time.c.obj
                0x1000173c                alarm_pool_cancel_alarm
 .text.cancel_alarm
                0x100017e4       0x10 CMakeFiles/myADC_PLL.dir/C_/Users/gene_/.pico-sdk/sdk/1.5.1/src/common/pico_time/time.c.obj
 .text.alarm_pool_core_num
                0x100017f4        0x4 CMakeFiles/myADC_PLL.dir/C_/Users/gene_/.pico-sdk/sdk/1.5.1/src/common/pico_time/time.c.obj
                0x100017f4                alarm_pool_core_num
 .text.sleep_until
                0x100017f8       0xb0 CMakeFiles/myADC_PLL.dir/C_/Users/gene_/.pico-sdk/sdk/1.5.1/src/common/pico_time/time.c.obj
                0x100017f8                sleep_until
 .text.sleep_us
                0x100018a8       0x1a CMakeFiles/myADC_PLL.dir/C_/Users/gene_/.pico-sdk/sdk/1.5.1/src/common/pico_time/time.c.obj
                0x100018a8                sleep_us
 .text.sleep_ms
                0x100018c2       0x14 CMakeFiles/myADC_PLL.dir/C_/Users/gene_/.pico-sdk/sdk/1.5.1/src/common/pico_time/time.c.obj
                0x100018c2                sleep_ms
 *fill*         0x100018d6        0x2 
 .text.best_effort_wfe_or_timeout
                0x100018d8       0x44 CMakeFiles/myADC_PLL.dir/C_/Users/gene_/.pico-sdk/sdk/1.5.1/src/common/pico_time/time.c.obj
                0x100018d8                best_effort_wfe_or_timeout
 .text.update_us_since_boot
                0x1000191c       0x24 CMakeFiles/myADC_PLL.dir/C_/Users/gene_/.pico-sdk/sdk/1.5.1/src/rp2_common/hardware_timer/timer.c.obj
 .text.hardware_alarm_irq_handler
                0x10001940       0x8c CMakeFiles/myADC_PLL.dir/C_/Users/gene_/.pico-sdk/sdk/1.5.1/src/rp2_common/hardware_timer/timer.c.obj
 .text.hardware_alarm_claim
                0x100019cc       0x18 CMakeFiles/myADC_PLL.dir/C_/Users/gene_/.pico-sdk/sdk/1.5.1/src/rp2_common/hardware_timer/timer.c.obj
                0x100019cc                hardware_alarm_claim
 .text.time_us_64
                0x100019e4       0x18 CMakeFiles/myADC_PLL.dir/C_/Users/gene_/.pico-sdk/sdk/1.5.1/src/rp2_common/hardware_timer/timer.c.obj
                0x100019e4                time_us_64
 .text.busy_wait_until
                0x100019fc       0x28 CMakeFiles/myADC_PLL.dir/C_/Users/gene_/.pico-sdk/sdk/1.5.1/src/rp2_common/hardware_timer/timer.c.obj
                0x100019fc                busy_wait_until
 .text.busy_wait_us
                0x10001a24       0x3a CMakeFiles/myADC_PLL.dir/C_/Users/gene_/.pico-sdk/sdk/1.5.1/src/rp2_common/hardware_timer/timer.c.obj
                0x10001a24                busy_wait_us
 *fill*         0x10001a5e        0x2 
 .text.hardware_alarm_set_callback
                0x10001a60       0x90 CMakeFiles/myADC_PLL.dir/C_/Users/gene_/.pico-sdk/sdk/1.5.1/src/rp2_common/hardware_timer/timer.c.obj
                0x10001a60                hardware_alarm_set_callback
 .text.hardware_alarm_set_target
                0x10001af0       0xe8 CMakeFiles/myADC_PLL.dir/C_/Users/gene_/.pico-sdk/sdk/1.5.1/src/rp2_common/hardware_timer/timer.c.obj
                0x10001af0                hardware_alarm_set_target
 .text.hardware_alarm_cancel
                0x10001bd8       0x40 CMakeFiles/myADC_PLL.dir/C_/Users/gene_/.pico-sdk/sdk/1.5.1/src/rp2_common/hardware_timer/timer.c.obj
                0x10001bd8                hardware_alarm_cancel
 .text.ph_get_node
                0x10001c18       0x30 CMakeFiles/myADC_PLL.dir/C_/Users/gene_/.pico-sdk/sdk/1.5.1/src/common/pico_util/pheap.c.obj
 .text.ph_add_child_node
                0x10001c48       0x6c CMakeFiles/myADC_PLL.dir/C_/Users/gene_/.pico-sdk/sdk/1.5.1/src/common/pico_util/pheap.c.obj
 .text.ph_merge_nodes
                0x10001cb4       0x3e CMakeFiles/myADC_PLL.dir/C_/Users/gene_/.pico-sdk/sdk/1.5.1/src/common/pico_util/pheap.c.obj
 .text.ph_clear
                0x10001cf2       0x34 CMakeFiles/myADC_PLL.dir/C_/Users/gene_/.pico-sdk/sdk/1.5.1/src/common/pico_util/pheap.c.obj
                0x10001cf2                ph_clear
 .text.ph_post_alloc_init
                0x10001d26        0xe CMakeFiles/myADC_PLL.dir/C_/Users/gene_/.pico-sdk/sdk/1.5.1/src/common/pico_util/pheap.c.obj
                0x10001d26                ph_post_alloc_init
 .text.ph_merge_two_pass
                0x10001d34       0x5c CMakeFiles/myADC_PLL.dir/C_/Users/gene_/.pico-sdk/sdk/1.5.1/src/common/pico_util/pheap.c.obj
                0x10001d34                ph_merge_two_pass
 .text.ph_remove_any_head
                0x10001d90       0xc0 CMakeFiles/myADC_PLL.dir/C_/Users/gene_/.pico-sdk/sdk/1.5.1/src/common/pico_util/pheap.c.obj
 .text.ph_remove_head
                0x10001e50       0x14 CMakeFiles/myADC_PLL.dir/C_/Users/gene_/.pico-sdk/sdk/1.5.1/src/common/pico_util/pheap.c.obj
                0x10001e50                ph_remove_head
 .text.ph_remove_and_free_node
                0x10001e64       0xa0 CMakeFiles/myADC_PLL.dir/C_/Users/gene_/.pico-sdk/sdk/1.5.1/src/common/pico_util/pheap.c.obj
                0x10001e64                ph_remove_and_free_node
 .text.uart_disable_before_lcr_write
                0x10001f04       0x48 CMakeFiles/myADC_PLL.dir/C_/Users/gene_/.pico-sdk/sdk/1.5.1/src/rp2_common/hardware_uart/uart.c.obj
 .text.uart_write_lcr_bits_masked
                0x10001f4c       0x22 CMakeFiles/myADC_PLL.dir/C_/Users/gene_/.pico-sdk/sdk/1.5.1/src/rp2_common/hardware_uart/uart.c.obj
 *fill*         0x10001f6e        0x2 
 .text.uart_set_baudrate
                0x10001f70       0x5c CMakeFiles/myADC_PLL.dir/C_/Users/gene_/.pico-sdk/sdk/1.5.1/src/rp2_common/hardware_uart/uart.c.obj
                0x10001f70                uart_set_baudrate
 .text.uart_set_format
                0x10001fcc       0x2c CMakeFiles/myADC_PLL.dir/C_/Users/gene_/.pico-sdk/sdk/1.5.1/src/rp2_common/hardware_uart/uart.c.obj
                0x10001fcc                uart_set_format
 .text.uart_set_translate_crlf
                0x10001ff8       0x28 CMakeFiles/myADC_PLL.dir/C_/Users/gene_/.pico-sdk/sdk/1.5.1/src/rp2_common/hardware_uart/uart.c.obj
                0x10001ff8                uart_set_translate_crlf
 .text.uart_init
                0x10002020       0x80 CMakeFiles/myADC_PLL.dir/C_/Users/gene_/.pico-sdk/sdk/1.5.1/src/rp2_common/hardware_uart/uart.c.obj
                0x10002020                uart_init
 .text.clock_configure
                0x100020a0      0x108 CMakeFiles/myADC_PLL.dir/C_/Users/gene_/.pico-sdk/sdk/1.5.1/src/rp2_common/hardware_clocks/clocks.c.obj
                0x100020a0                clock_configure
 .text.clocks_init
                0x100021a8      0x100 CMakeFiles/myADC_PLL.dir/C_/Users/gene_/.pico-sdk/sdk/1.5.1/src/rp2_common/hardware_clocks/clocks.c.obj
                0x100021a8                clocks_init
 .text.clock_get_hz
                0x100022a8        0xc CMakeFiles/myADC_PLL.dir/C_/Users/gene_/.pico-sdk/sdk/1.5.1/src/rp2_common/hardware_clocks/clocks.c.obj
                0x100022a8                clock_get_hz
 .text.pll_init
                0x100022b4      0x120 CMakeFiles/myADC_PLL.dir/C_/Users/gene_/.pico-sdk/sdk/1.5.1/src/rp2_common/hardware_pll/pll.c.obj
                0x100022b4                pll_init
 .text.watchdog_start_tick
                0x100023d4       0x10 CMakeFiles/myADC_PLL.dir/C_/Users/gene_/.pico-sdk/sdk/1.5.1/src/rp2_common/hardware_watchdog/watchdog.c.obj
                0x100023d4                watchdog_start_tick
 .text.xosc_init
                0x100023e4       0x28 CMakeFiles/myADC_PLL.dir/C_/Users/gene_/.pico-sdk/sdk/1.5.1/src/rp2_common/hardware_xosc/xosc.c.obj
                0x100023e4                xosc_init
 .text._exit    0x1000240c        0x4 CMakeFiles/myADC_PLL.dir/C_/Users/gene_/.pico-sdk/sdk/1.5.1/src/rp2_common/pico_runtime/runtime.c.obj
                0x1000240c                _exit
 .text.exit     0x10002410        0x6 CMakeFiles/myADC_PLL.dir/C_/Users/gene_/.pico-sdk/sdk/1.5.1/src/rp2_common/pico_runtime/runtime.c.obj
                0x10002410                exit
 *fill*         0x10002416        0x2 
 .text.__assert_func
                0x10002418       0x38 CMakeFiles/myADC_PLL.dir/C_/Users/gene_/.pico-sdk/sdk/1.5.1/src/rp2_common/pico_runtime/runtime.c.obj
                0x10002418                __assert_func
 .text.runtime_init
                0x10002450       0xf8 CMakeFiles/myADC_PLL.dir/C_/Users/gene_/.pico-sdk/sdk/1.5.1/src/rp2_common/pico_runtime/runtime.c.obj
                0x10002450                runtime_init
 .text.panic    0x10002548       0x30 CMakeFiles/myADC_PLL.dir/C_/Users/gene_/.pico-sdk/sdk/1.5.1/src/rp2_common/pico_runtime/runtime.c.obj
                0x10002548                panic
 .text.panic_unsupported
                0x10002578        0xc CMakeFiles/myADC_PLL.dir/C_/Users/gene_/.pico-sdk/sdk/1.5.1/src/rp2_common/pico_runtime/runtime.c.obj
                0x10002578                panic_unsupported
 .text._out_null
                0x10002584        0x2 CMakeFiles/myADC_PLL.dir/C_/Users/gene_/.pico-sdk/sdk/1.5.1/src/rp2_common/pico_printf/printf.c.obj
 .text._out_fct
                0x10002586        0xe CMakeFiles/myADC_PLL.dir/C_/Users/gene_/.pico-sdk/sdk/1.5.1/src/rp2_common/pico_printf/printf.c.obj
 .text._atoi    0x10002594       0x24 CMakeFiles/myADC_PLL.dir/C_/Users/gene_/.pico-sdk/sdk/1.5.1/src/rp2_common/pico_printf/printf.c.obj
 .text._out_rev
                0x100025b8       0xae CMakeFiles/myADC_PLL.dir/C_/Users/gene_/.pico-sdk/sdk/1.5.1/src/rp2_common/pico_printf/printf.c.obj
 .text._ntoa_format
                0x10002666      0x110 CMakeFiles/myADC_PLL.dir/C_/Users/gene_/.pico-sdk/sdk/1.5.1/src/rp2_common/pico_printf/printf.c.obj
 .text._ntoa_long
                0x10002776       0xbc CMakeFiles/myADC_PLL.dir/C_/Users/gene_/.pico-sdk/sdk/1.5.1/src/rp2_common/pico_printf/printf.c.obj
 .text._ntoa_long_long
                0x10002832      0x10e CMakeFiles/myADC_PLL.dir/C_/Users/gene_/.pico-sdk/sdk/1.5.1/src/rp2_common/pico_printf/printf.c.obj
 .text._etoa    0x10002940      0x420 CMakeFiles/myADC_PLL.dir/C_/Users/gene_/.pico-sdk/sdk/1.5.1/src/rp2_common/pico_printf/printf.c.obj
 .text._ftoa    0x10002d60      0x354 CMakeFiles/myADC_PLL.dir/C_/Users/gene_/.pico-sdk/sdk/1.5.1/src/rp2_common/pico_printf/printf.c.obj
 .text._vsnprintf
                0x100030b4      0x668 CMakeFiles/myADC_PLL.dir/C_/Users/gene_/.pico-sdk/sdk/1.5.1/src/rp2_common/pico_printf/printf.c.obj
 .text.vfctprintf
                0x1000371c       0x20 CMakeFiles/myADC_PLL.dir/C_/Users/gene_/.pico-sdk/sdk/1.5.1/src/rp2_common/pico_printf/printf.c.obj
                0x1000371c                vfctprintf
 .text          0x1000373c       0x10 CMakeFiles/myADC_PLL.dir/C_/Users/gene_/.pico-sdk/sdk/1.5.1/src/rp2_common/pico_bit_ops/bit_ops_aeabi.S.obj
 .text.ctzsi    0x1000374c        0xc CMakeFiles/myADC_PLL.dir/C_/Users/gene_/.pico-sdk/sdk/1.5.1/src/rp2_common/pico_bit_ops/bit_ops_aeabi.S.obj
                0x1000374c                __wrap___ctzsi2
 .text.rom_func_lookup
                0x10003758       0x10 CMakeFiles/myADC_PLL.dir/C_/Users/gene_/.pico-sdk/sdk/1.5.1/src/rp2_common/pico_bootrom/bootrom.c.obj
                0x10003758                rom_func_lookup
 .text.rom_data_lookup
                0x10003768       0x10 CMakeFiles/myADC_PLL.dir/C_/Users/gene_/.pico-sdk/sdk/1.5.1/src/rp2_common/pico_bootrom/bootrom.c.obj
                0x10003768                rom_data_lookup
 .text.rom_funcs_lookup
                0x10003778       0x36 CMakeFiles/myADC_PLL.dir/C_/Users/gene_/.pico-sdk/sdk/1.5.1/src/rp2_common/pico_bootrom/bootrom.c.obj
                0x10003778                rom_funcs_lookup
 *fill*         0x100037ae        0x2 
 .text.__wrap___aeabi_idiv
                0x100037b0       0x50 CMakeFiles/myADC_PLL.dir/C_/Users/gene_/.pico-sdk/sdk/1.5.1/src/rp2_common/pico_divider/divider.S.obj
                0x100037b0                __wrap___aeabi_idivmod
                0x100037b0                divmod_s32s32
                0x100037b0                div_s32s32
                0x100037b0                __wrap___aeabi_idiv
                0x100037b8                divmod_s32s32_unsafe
                0x100037e4                divmod_s32s32_savestate
 .text.__wrap___aeabi_uidiv
                0x10003800       0x4c CMakeFiles/myADC_PLL.dir/C_/Users/gene_/.pico-sdk/sdk/1.5.1/src/rp2_common/pico_divider/divider.S.obj
                0x10003800                __wrap___aeabi_uidiv
                0x10003800                __wrap___aeabi_uidivmod
                0x10003800                div_u32u32
                0x10003800                divmod_u32u32
                0x10003808                divmod_u32u32_unsafe
                0x10003830                divmod_u32u32_savestate
 .text.__wrap___aeabi_ldiv
                0x1000384c      0x424 CMakeFiles/myADC_PLL.dir/C_/Users/gene_/.pico-sdk/sdk/1.5.1/src/rp2_common/pico_divider/divider.S.obj
                0x1000384c                div_s64s64
                0x1000384c                divmod_s64s64
                0x1000384c                __wrap___aeabi_ldivmod
                0x1000387c                divmod_u64u64
                0x1000387c                div_u64u64
                0x1000387c                __wrap___aeabi_uldivmod
                0x1000388c                divmod_u64u64_savestate
                0x100038ac                divmod_s64s64_unsafe
                0x10003934                divmod_u64u64_unsafe
 .text.__wrap___aeabi_darithmetic
                0x10003c70       0x60 CMakeFiles/myADC_PLL.dir/C_/Users/gene_/.pico-sdk/sdk/1.5.1/src/rp2_common/pico_double/double_aeabi.S.obj
                0x10003c70                __wrap___aeabi_drsub
                0x10003c76                __wrap___aeabi_dsub
                0x10003c80                __wrap___aeabi_dadd
                0x10003c8a                __wrap___aeabi_ddiv
                0x10003cbe                __wrap___aeabi_dmul
 .text.__wrap___aeabi_cdcmple
                0x10003cd0       0x6c CMakeFiles/myADC_PLL.dir/C_/Users/gene_/.pico-sdk/sdk/1.5.1/src/rp2_common/pico_double/double_aeabi.S.obj
                0x10003cd0                __wrap___aeabi_cdrcmple
                0x10003ce0                __wrap___aeabi_cdcmpeq
                0x10003ce0                __wrap___aeabi_cdcmple
 .text.__wrap___aeabi_dcmplt
                0x10003d3c        0xc CMakeFiles/myADC_PLL.dir/C_/Users/gene_/.pico-sdk/sdk/1.5.1/src/rp2_common/pico_double/double_aeabi.S.obj
                0x10003d3c                __wrap___aeabi_dcmplt
 .text.__wrap___aeabi_dcmple
                0x10003d48       0x10 CMakeFiles/myADC_PLL.dir/C_/Users/gene_/.pico-sdk/sdk/1.5.1/src/rp2_common/pico_double/double_aeabi.S.obj
                0x10003d48                __wrap___aeabi_dcmple
 .text.__wrap___aeabi_dcmpge
                0x10003d58       0x10 CMakeFiles/myADC_PLL.dir/C_/Users/gene_/.pico-sdk/sdk/1.5.1/src/rp2_common/pico_double/double_aeabi.S.obj
                0x10003d58                __wrap___aeabi_dcmpge
 .text.__wrap___aeabi_dcmpgt
                0x10003d68        0xa CMakeFiles/myADC_PLL.dir/C_/Users/gene_/.pico-sdk/sdk/1.5.1/src/rp2_common/pico_double/double_aeabi.S.obj
                0x10003d68                __wrap___aeabi_dcmpgt
 .text.__wrap___aeabi_dcmpun
                0x10003d72       0x1c CMakeFiles/myADC_PLL.dir/C_/Users/gene_/.pico-sdk/sdk/1.5.1/src/rp2_common/pico_double/double_aeabi.S.obj
                0x10003d72                __wrap___aeabi_dcmpun
 *fill*         0x10003d8e        0x2 
 .text.__wrap___aeabi_i2d
                0x10003d90       0x38 CMakeFiles/myADC_PLL.dir/C_/Users/gene_/.pico-sdk/sdk/1.5.1/src/rp2_common/pico_double/double_aeabi.S.obj
                0x10003d90                __wrap___aeabi_ui2d
                0x10003d98                __wrap___aeabi_i2d
 .text.__wrap___aeabi_d2iz
                0x10003dc8       0x48 CMakeFiles/myADC_PLL.dir/C_/Users/gene_/.pico-sdk/sdk/1.5.1/src/rp2_common/pico_double/double_aeabi.S.obj
                0x10003dc8                double2int_z
                0x10003dc8                __wrap___aeabi_d2iz
 .text.__wrap___aeabi_d2uiz
                0x10003e10       0x10 CMakeFiles/myADC_PLL.dir/C_/Users/gene_/.pico-sdk/sdk/1.5.1/src/rp2_common/pico_double/double_aeabi.S.obj
                0x10003e10                __wrap___aeabi_d2uiz
                0x10003e10                double2uint
 .text.missing_double_func_shim
                0x10003e20        0xc CMakeFiles/myADC_PLL.dir/C_/Users/gene_/.pico-sdk/sdk/1.5.1/src/rp2_common/pico_double/double_init_rom.c.obj
 .text.__aeabi_double_init
                0x10003e2c       0xd0 CMakeFiles/myADC_PLL.dir/C_/Users/gene_/.pico-sdk/sdk/1.5.1/src/rp2_common/pico_double/double_init_rom.c.obj
                0x10003e2c                __aeabi_double_init
 .text.double_table_shim_on_use_helper
                0x10003efc       0x34 CMakeFiles/myADC_PLL.dir/C_/Users/gene_/.pico-sdk/sdk/1.5.1/src/rp2_common/pico_double/double_v1_rom_shim.S.obj
                0x10003efc                double_table_shim_on_use_helper
 .text.__aeabi_lmul
                0x10003f30       0x32 CMakeFiles/myADC_PLL.dir/C_/Users/gene_/.pico-sdk/sdk/1.5.1/src/rp2_common/pico_int64_ops/pico_int64_ops_aeabi.S.obj
                0x10003f30                __wrap___aeabi_lmul
 *fill*         0x10003f62        0x2 
 .text.missing_float_func_shim
                0x10003f64        0xc CMakeFiles/myADC_PLL.dir/C_/Users/gene_/.pico-sdk/sdk/1.5.1/src/rp2_common/pico_float/float_init_rom.c.obj
 .text.__aeabi_float_init
                0x10003f70       0x88 CMakeFiles/myADC_PLL.dir/C_/Users/gene_/.pico-sdk/sdk/1.5.1/src/rp2_common/pico_float/float_init_rom.c.obj
                0x10003f70                __aeabi_float_init
 .text          0x10003ff8       0x10 CMakeFiles/myADC_PLL.dir/C_/Users/gene_/.pico-sdk/sdk/1.5.1/src/rp2_common/pico_mem_ops/mem_ops_aeabi.S.obj
                0x10003ff8                __aeabi_mem_init
 .text.memset   0x10004008        0xc CMakeFiles/myADC_PLL.dir/C_/Users/gene_/.pico-sdk/sdk/1.5.1/src/rp2_common/pico_mem_ops/mem_ops_aeabi.S.obj
                0x10004008                __wrap_memset
 .text.memcpy   0x10004014        0xc CMakeFiles/myADC_PLL.dir/C_/Users/gene_/.pico-sdk/sdk/1.5.1/src/rp2_common/pico_mem_ops/mem_ops_aeabi.S.obj
                0x10004014                __wrap_memcpy
                0x10004014                __wrap___aeabi_memcpy
 .text.stdio_out_chars_no_crlf
                0x10004020        0xe CMakeFiles/myADC_PLL.dir/C_/Users/gene_/.pico-sdk/sdk/1.5.1/src/rp2_common/pico_stdio/stdio.c.obj
 *fill*         0x1000402e        0x2 
 .text.stdio_out_chars_crlf
                0x10004030       0x80 CMakeFiles/myADC_PLL.dir/C_/Users/gene_/.pico-sdk/sdk/1.5.1/src/rp2_common/pico_stdio/stdio.c.obj
 .text.stdio_stack_buffer_flush
                0x100040b0       0x44 CMakeFiles/myADC_PLL.dir/C_/Users/gene_/.pico-sdk/sdk/1.5.1/src/rp2_common/pico_stdio/stdio.c.obj
 .text.stdio_buffered_printer
                0x100040f4       0x20 CMakeFiles/myADC_PLL.dir/C_/Users/gene_/.pico-sdk/sdk/1.5.1/src/rp2_common/pico_stdio/stdio.c.obj
 .text.update_us_since_boot
                0x10004114       0x24 CMakeFiles/myADC_PLL.dir/C_/Users/gene_/.pico-sdk/sdk/1.5.1/src/rp2_common/pico_stdio/stdio.c.obj
 .text.get_absolute_time
                0x10004138       0x22 CMakeFiles/myADC_PLL.dir/C_/Users/gene_/.pico-sdk/sdk/1.5.1/src/rp2_common/pico_stdio/stdio.c.obj
 *fill*         0x1000415a        0x2 
 .text.delayed_by_ms
                0x1000415c       0x44 CMakeFiles/myADC_PLL.dir/C_/Users/gene_/.pico-sdk/sdk/1.5.1/src/rp2_common/pico_stdio/stdio.c.obj
 .text.make_timeout_time_ms
                0x100041a0       0x20 CMakeFiles/myADC_PLL.dir/C_/Users/gene_/.pico-sdk/sdk/1.5.1/src/rp2_common/pico_stdio/stdio.c.obj
 .text.stdout_serialize_begin
                0x100041c0       0x20 CMakeFiles/myADC_PLL.dir/C_/Users/gene_/.pico-sdk/sdk/1.5.1/src/rp2_common/pico_stdio/stdio.c.obj
                0x100041c0                stdout_serialize_begin
 .text.stdout_serialize_end
                0x100041e0       0x10 CMakeFiles/myADC_PLL.dir/C_/Users/gene_/.pico-sdk/sdk/1.5.1/src/rp2_common/pico_stdio/stdio.c.obj
                0x100041e0                stdout_serialize_end
 .text.stdio_put_string
                0x100041f0       0x98 CMakeFiles/myADC_PLL.dir/C_/Users/gene_/.pico-sdk/sdk/1.5.1/src/rp2_common/pico_stdio/stdio.c.obj
 .text.stdio_set_driver_enabled
                0x10004288       0x2c CMakeFiles/myADC_PLL.dir/C_/Users/gene_/.pico-sdk/sdk/1.5.1/src/rp2_common/pico_stdio/stdio.c.obj
                0x10004288                stdio_set_driver_enabled
 .text.stdio_flush
                0x100042b4       0x20 CMakeFiles/myADC_PLL.dir/C_/Users/gene_/.pico-sdk/sdk/1.5.1/src/rp2_common/pico_stdio/stdio.c.obj
                0x100042b4                stdio_flush
 .text.__wrap_puts
                0x100042d4       0x1e CMakeFiles/myADC_PLL.dir/C_/Users/gene_/.pico-sdk/sdk/1.5.1/src/rp2_common/pico_stdio/stdio.c.obj
                0x100042d4                __wrap_puts
 *fill*         0x100042f2        0x2 
 .text.__wrap_vprintf
                0x100042f4       0x40 CMakeFiles/myADC_PLL.dir/C_/Users/gene_/.pico-sdk/sdk/1.5.1/src/rp2_common/pico_stdio/stdio.c.obj
                0x100042f4                __wrap_vprintf
 .text.__wrap_printf
                0x10004334       0x18 CMakeFiles/myADC_PLL.dir/C_/Users/gene_/.pico-sdk/sdk/1.5.1/src/rp2_common/pico_stdio/stdio.c.obj
                0x10004334                __wrap_printf
 .text.stdio_init_all
                0x1000434c        0xa CMakeFiles/myADC_PLL.dir/C_/Users/gene_/.pico-sdk/sdk/1.5.1/src/rp2_common/pico_stdio/stdio.c.obj
                0x1000434c                stdio_init_all
 *fill*         0x10004356        0x2 
 .text.uart_putc
                0x10004358       0x60 CMakeFiles/myADC_PLL.dir/C_/Users/gene_/.pico-sdk/sdk/1.5.1/src/rp2_common/pico_stdio_uart/stdio_uart.c.obj
 .text.uart_getc
                0x100043b8       0x24 CMakeFiles/myADC_PLL.dir/C_/Users/gene_/.pico-sdk/sdk/1.5.1/src/rp2_common/pico_stdio_uart/stdio_uart.c.obj
 .text.stdio_uart_out_chars
                0x100043dc       0x20 CMakeFiles/myADC_PLL.dir/C_/Users/gene_/.pico-sdk/sdk/1.5.1/src/rp2_common/pico_stdio_uart/stdio_uart.c.obj
 .text.stdio_uart_in_chars
                0x100043fc       0x5c CMakeFiles/myADC_PLL.dir/C_/Users/gene_/.pico-sdk/sdk/1.5.1/src/rp2_common/pico_stdio_uart/stdio_uart.c.obj
                0x100043fc                stdio_uart_in_chars
 .text.on_uart_rx
                0x10004458       0x28 CMakeFiles/myADC_PLL.dir/C_/Users/gene_/.pico-sdk/sdk/1.5.1/src/rp2_common/pico_stdio_uart/stdio_uart.c.obj
 .text.stdio_uart_set_chars_available_callback
                0x10004480       0x8c CMakeFiles/myADC_PLL.dir/C_/Users/gene_/.pico-sdk/sdk/1.5.1/src/rp2_common/pico_stdio_uart/stdio_uart.c.obj
 .text.stdio_uart_init_full
                0x1000450c       0x44 CMakeFiles/myADC_PLL.dir/C_/Users/gene_/.pico-sdk/sdk/1.5.1/src/rp2_common/pico_stdio_uart/stdio_uart.c.obj
                0x1000450c                stdio_uart_init_full
 .text.stdio_uart_init
                0x10004550       0x28 CMakeFiles/myADC_PLL.dir/C_/Users/gene_/.pico-sdk/sdk/1.5.1/src/rp2_common/pico_stdio_uart/stdio_uart.c.obj
                0x10004550                stdio_uart_init
 .text.pio_get_default_sm_config
                0x10004578       0x28 CMakeFiles/myADC_PLL.dir/C_/Users/gene_/.pico-sdk/sdk/1.5.1/src/rp2_common/hardware_pio/pio.c.obj
 .text._pio_can_add_program_at_offset
                0x100045a0       0x3c CMakeFiles/myADC_PLL.dir/C_/Users/gene_/.pico-sdk/sdk/1.5.1/src/rp2_common/hardware_pio/pio.c.obj
 .text._pio_find_offset_for_program
                0x100045dc       0x7c CMakeFiles/myADC_PLL.dir/C_/Users/gene_/.pico-sdk/sdk/1.5.1/src/rp2_common/hardware_pio/pio.c.obj
 .text._pio_add_program_at_offset
                0x10004658       0x7c CMakeFiles/myADC_PLL.dir/C_/Users/gene_/.pico-sdk/sdk/1.5.1/src/rp2_common/hardware_pio/pio.c.obj
 .text.pio_sm_unclaim
                0x100046d4       0x20 CMakeFiles/myADC_PLL.dir/C_/Users/gene_/.pico-sdk/sdk/1.5.1/src/rp2_common/hardware_pio/pio.c.obj
                0x100046d4                pio_sm_unclaim
 .text.pio_claim_unused_sm
                0x100046f4       0x3c CMakeFiles/myADC_PLL.dir/C_/Users/gene_/.pico-sdk/sdk/1.5.1/src/rp2_common/hardware_pio/pio.c.obj
                0x100046f4                pio_claim_unused_sm
 .text.pio_can_add_program
                0x10004730       0x26 CMakeFiles/myADC_PLL.dir/C_/Users/gene_/.pico-sdk/sdk/1.5.1/src/rp2_common/hardware_pio/pio.c.obj
                0x10004730                pio_can_add_program
 *fill*         0x10004756        0x2 
 .text.pio_add_program
                0x10004758       0x38 CMakeFiles/myADC_PLL.dir/C_/Users/gene_/.pico-sdk/sdk/1.5.1/src/rp2_common/hardware_pio/pio.c.obj
                0x10004758                pio_add_program
 .text.pio_remove_program
                0x10004790       0x58 CMakeFiles/myADC_PLL.dir/C_/Users/gene_/.pico-sdk/sdk/1.5.1/src/rp2_common/hardware_pio/pio.c.obj
                0x10004790                pio_remove_program
 .text.pio_sm_set_pindirs_with_mask
                0x100047e8       0x9c CMakeFiles/myADC_PLL.dir/C_/Users/gene_/.pico-sdk/sdk/1.5.1/src/rp2_common/hardware_pio/pio.c.obj
                0x100047e8                pio_sm_set_pindirs_with_mask
 .text.pio_sm_set_consecutive_pindirs
                0x10004884       0xa4 CMakeFiles/myADC_PLL.dir/C_/Users/gene_/.pico-sdk/sdk/1.5.1/src/rp2_common/hardware_pio/pio.c.obj
                0x10004884                pio_sm_set_consecutive_pindirs
 .text.pio_sm_init
                0x10004928       0xb0 CMakeFiles/myADC_PLL.dir/C_/Users/gene_/.pico-sdk/sdk/1.5.1/src/rp2_common/hardware_pio/pio.c.obj
                0x10004928                pio_sm_init
 .text.cyw43_arch_set_async_context
                0x100049d8        0xc CMakeFiles/myADC_PLL.dir/C_/Users/gene_/.pico-sdk/sdk/1.5.1/src/rp2_common/pico_cyw43_arch/cyw43_arch.c.obj
                0x100049d8                cyw43_arch_set_async_context
 .text.cyw43_arch_gpio_put
                0x100049e4       0x14 CMakeFiles/myADC_PLL.dir/C_/Users/gene_/.pico-sdk/sdk/1.5.1/src/rp2_common/pico_cyw43_arch/cyw43_arch.c.obj
                0x100049e4                cyw43_arch_gpio_put
 .text.cyw43_arch_async_context
                0x100049f8        0xc CMakeFiles/myADC_PLL.dir/C_/Users/gene_/.pico-sdk/sdk/1.5.1/src/rp2_common/pico_cyw43_arch/cyw43_arch.c.obj
                0x100049f8                cyw43_arch_async_context
 .text.cyw43_arch_init_default_async_context
                0x10004a04       0x20 CMakeFiles/myADC_PLL.dir/C_/Users/gene_/.pico-sdk/sdk/1.5.1/src/rp2_common/pico_cyw43_arch/cyw43_arch_threadsafe_background.c.obj
                0x10004a04                cyw43_arch_init_default_async_context
 .text.cyw43_arch_deinit
                0x10004a24       0x28 CMakeFiles/myADC_PLL.dir/C_/Users/gene_/.pico-sdk/sdk/1.5.1/src/rp2_common/pico_cyw43_arch/cyw43_arch_threadsafe_background.c.obj
                0x10004a24                cyw43_arch_deinit
 .text.cyw43_arch_init
                0x10004a4c       0x36 CMakeFiles/myADC_PLL.dir/C_/Users/gene_/.pico-sdk/sdk/1.5.1/src/rp2_common/pico_cyw43_arch/cyw43_arch_threadsafe_background.c.obj
                0x10004a4c                cyw43_arch_init
 *fill*         0x10004a82        0x2 
 .text._retrieve_unique_id_on_boot
                0x10004a84       0x10 CMakeFiles/myADC_PLL.dir/C_/Users/gene_/.pico-sdk/sdk/1.5.1/src/rp2_common/pico_unique_id/unique_id.c.obj
 .text.pico_get_unique_board_id
                0x10004a94       0x10 CMakeFiles/myADC_PLL.dir/C_/Users/gene_/.pico-sdk/sdk/1.5.1/src/rp2_common/pico_unique_id/unique_id.c.obj
                0x10004a94                pico_get_unique_board_id
 .text.flash_get_unique_id
                0x10004aa4       0x40 CMakeFiles/myADC_PLL.dir/C_/Users/gene_/.pico-sdk/sdk/1.5.1/src/rp2_common/hardware_flash/flash.c.obj
                0x10004aa4                flash_get_unique_id
 .text.pio_get_default_sm_config
                0x10004ae4       0x28 CMakeFiles/myADC_PLL.dir/C_/Users/gene_/.pico-sdk/sdk/1.5.1/src/rp2_common/pico_cyw43_driver/cyw43_bus_pio_spi.c.obj
 .text.spi_gap01_sample0_program_get_default_config
                0x10004b0c       0x3c CMakeFiles/myADC_PLL.dir/C_/Users/gene_/.pico-sdk/sdk/1.5.1/src/rp2_common/pico_cyw43_driver/cyw43_bus_pio_spi.c.obj
 .text.cs_set   0x10004b48       0x1c CMakeFiles/myADC_PLL.dir/C_/Users/gene_/.pico-sdk/sdk/1.5.1/src/rp2_common/pico_cyw43_driver/cyw43_bus_pio_spi.c.obj
 .text.channel_config_set_chain_to
                0x10004b64       0x30 CMakeFiles/myADC_PLL.dir/C_/Users/gene_/.pico-sdk/sdk/1.5.1/src/rp2_common/pico_cyw43_driver/cyw43_bus_pio_spi.c.obj
 .text.dma_channel_get_default_config
                0x10004b94       0x74 CMakeFiles/myADC_PLL.dir/C_/Users/gene_/.pico-sdk/sdk/1.5.1/src/rp2_common/pico_cyw43_driver/cyw43_bus_pio_spi.c.obj
 .text.channel_config_set_dreq
                0x10004c08       0x30 CMakeFiles/myADC_PLL.dir/C_/Users/gene_/.pico-sdk/sdk/1.5.1/src/rp2_common/pico_cyw43_driver/cyw43_bus_pio_spi.c.obj
 .text.start_spi_comms
                0x10004c38       0x2c CMakeFiles/myADC_PLL.dir/C_/Users/gene_/.pico-sdk/sdk/1.5.1/src/rp2_common/pico_cyw43_driver/cyw43_bus_pio_spi.c.obj
 .text.ns_delay
                0x10004c64       0x20 CMakeFiles/myADC_PLL.dir/C_/Users/gene_/.pico-sdk/sdk/1.5.1/src/rp2_common/pico_cyw43_driver/cyw43_bus_pio_spi.c.obj
 .text.stop_spi_comms
                0x10004c84       0x10 CMakeFiles/myADC_PLL.dir/C_/Users/gene_/.pico-sdk/sdk/1.5.1/src/rp2_common/pico_cyw43_driver/cyw43_bus_pio_spi.c.obj
 .text.cyw43_spi_deinit
                0x10004c94       0x74 CMakeFiles/myADC_PLL.dir/C_/Users/gene_/.pico-sdk/sdk/1.5.1/src/rp2_common/pico_cyw43_driver/cyw43_bus_pio_spi.c.obj
                0x10004c94                cyw43_spi_deinit
 .text.cyw43_spi_init
                0x10004d08      0x234 CMakeFiles/myADC_PLL.dir/C_/Users/gene_/.pico-sdk/sdk/1.5.1/src/rp2_common/pico_cyw43_driver/cyw43_bus_pio_spi.c.obj
                0x10004d08                cyw43_spi_init
 .text.cyw43_spi_transfer
                0x10004f3c      0x568 CMakeFiles/myADC_PLL.dir/C_/Users/gene_/.pico-sdk/sdk/1.5.1/src/rp2_common/pico_cyw43_driver/cyw43_bus_pio_spi.c.obj
                0x10004f3c                cyw43_spi_transfer
 .text._cyw43_read_reg
                0x100054a4       0x50 CMakeFiles/myADC_PLL.dir/C_/Users/gene_/.pico-sdk/sdk/1.5.1/src/rp2_common/pico_cyw43_driver/cyw43_bus_pio_spi.c.obj
 .text._cyw43_write_reg
                0x100054f4       0x58 CMakeFiles/myADC_PLL.dir/C_/Users/gene_/.pico-sdk/sdk/1.5.1/src/rp2_common/pico_cyw43_driver/cyw43_bus_pio_spi.c.obj
 .text.cyw43_spi_gpio_setup
                0x1000554c       0x3a CMakeFiles/myADC_PLL.dir/C_/Users/gene_/.pico-sdk/sdk/1.5.1/src/rp2_common/pico_cyw43_driver/cyw43_bus_pio_spi.c.obj
                0x1000554c                cyw43_spi_gpio_setup
 .text.cyw43_spi_reset
                0x10005586       0x28 CMakeFiles/myADC_PLL.dir/C_/Users/gene_/.pico-sdk/sdk/1.5.1/src/rp2_common/pico_cyw43_driver/cyw43_bus_pio_spi.c.obj
                0x10005586                cyw43_spi_reset
 *fill*         0x100055ae        0x2 
 .text.read_reg_u32_swap
                0x100055b0       0x68 CMakeFiles/myADC_PLL.dir/C_/Users/gene_/.pico-sdk/sdk/1.5.1/src/rp2_common/pico_cyw43_driver/cyw43_bus_pio_spi.c.obj
                0x100055b0                read_reg_u32_swap
 .text.cyw43_read_reg_u32
                0x10005618        0xa CMakeFiles/myADC_PLL.dir/C_/Users/gene_/.pico-sdk/sdk/1.5.1/src/rp2_common/pico_cyw43_driver/cyw43_bus_pio_spi.c.obj
                0x10005618                cyw43_read_reg_u32
 .text.cyw43_read_reg_u16
                0x10005622        0xa CMakeFiles/myADC_PLL.dir/C_/Users/gene_/.pico-sdk/sdk/1.5.1/src/rp2_common/pico_cyw43_driver/cyw43_bus_pio_spi.c.obj
                0x10005622                cyw43_read_reg_u16
 .text.cyw43_read_reg_u8
                0x1000562c        0xa CMakeFiles/myADC_PLL.dir/C_/Users/gene_/.pico-sdk/sdk/1.5.1/src/rp2_common/pico_cyw43_driver/cyw43_bus_pio_spi.c.obj
                0x1000562c                cyw43_read_reg_u8
 *fill*         0x10005636        0x2 
 .text.write_reg_u32_swap
                0x10005638       0x34 CMakeFiles/myADC_PLL.dir/C_/Users/gene_/.pico-sdk/sdk/1.5.1/src/rp2_common/pico_cyw43_driver/cyw43_bus_pio_spi.c.obj
                0x10005638                write_reg_u32_swap
 .text.cyw43_write_reg_u32
                0x1000566c       0x10 CMakeFiles/myADC_PLL.dir/C_/Users/gene_/.pico-sdk/sdk/1.5.1/src/rp2_common/pico_cyw43_driver/cyw43_bus_pio_spi.c.obj
                0x1000566c                cyw43_write_reg_u32
 .text.cyw43_write_reg_u16
                0x1000567c       0x10 CMakeFiles/myADC_PLL.dir/C_/Users/gene_/.pico-sdk/sdk/1.5.1/src/rp2_common/pico_cyw43_driver/cyw43_bus_pio_spi.c.obj
                0x1000567c                cyw43_write_reg_u16
 .text.cyw43_write_reg_u8
                0x1000568c       0x10 CMakeFiles/myADC_PLL.dir/C_/Users/gene_/.pico-sdk/sdk/1.5.1/src/rp2_common/pico_cyw43_driver/cyw43_bus_pio_spi.c.obj
                0x1000568c                cyw43_write_reg_u8
 .text.cyw43_read_bytes
                0x1000569c       0xfc CMakeFiles/myADC_PLL.dir/C_/Users/gene_/.pico-sdk/sdk/1.5.1/src/rp2_common/pico_cyw43_driver/cyw43_bus_pio_spi.c.obj
                0x1000569c                cyw43_read_bytes
 .text.cyw43_write_bytes
                0x10005798      0x124 CMakeFiles/myADC_PLL.dir/C_/Users/gene_/.pico-sdk/sdk/1.5.1/src/rp2_common/pico_cyw43_driver/cyw43_bus_pio_spi.c.obj
                0x10005798                cyw43_write_bytes
 .text.get_core_address
                0x100058bc       0x1c CMakeFiles/myADC_PLL.dir/C_/Users/gene_/.pico-sdk/sdk/1.5.1/lib/cyw43-driver/src/cyw43_ll.c.obj
 .text.sdpcm_process_rx_packet
                0x100058d8      0x180 CMakeFiles/myADC_PLL.dir/C_/Users/gene_/.pico-sdk/sdk/1.5.1/lib/cyw43-driver/src/cyw43_ll.c.obj
 .text.cyw43_ll_wifi_parse_scan_result
                0x10005a58       0x9c CMakeFiles/myADC_PLL.dir/C_/Users/gene_/.pico-sdk/sdk/1.5.1/lib/cyw43-driver/src/cyw43_ll.c.obj
 .text.cyw43_ll_parse_async_event
                0x10005af4       0x8a CMakeFiles/myADC_PLL.dir/C_/Users/gene_/.pico-sdk/sdk/1.5.1/lib/cyw43-driver/src/cyw43_ll.c.obj
 *fill*         0x10005b7e        0x2 
 .text.cyw43_kso_set
                0x10005b80       0x98 CMakeFiles/myADC_PLL.dir/C_/Users/gene_/.pico-sdk/sdk/1.5.1/lib/cyw43-driver/src/cyw43_ll.c.obj
 .text.cyw43_ll_bus_sleep_helper
                0x10005c18        0xe CMakeFiles/myADC_PLL.dir/C_/Users/gene_/.pico-sdk/sdk/1.5.1/lib/cyw43-driver/src/cyw43_ll.c.obj
 *fill*         0x10005c26        0x2 
 .text.cyw43_read_reg
                0x10005c28       0x48 CMakeFiles/myADC_PLL.dir/C_/Users/gene_/.pico-sdk/sdk/1.5.1/lib/cyw43-driver/src/cyw43_ll.c.obj
 .text.cyw43_write_reg
                0x10005c70       0x4c CMakeFiles/myADC_PLL.dir/C_/Users/gene_/.pico-sdk/sdk/1.5.1/lib/cyw43-driver/src/cyw43_ll.c.obj
 .text.cyw43_set_backplane_window
                0x10005cbc       0x78 CMakeFiles/myADC_PLL.dir/C_/Users/gene_/.pico-sdk/sdk/1.5.1/lib/cyw43-driver/src/cyw43_ll.c.obj
 .text.cyw43_read_backplane
                0x10005d34       0x30 CMakeFiles/myADC_PLL.dir/C_/Users/gene_/.pico-sdk/sdk/1.5.1/lib/cyw43-driver/src/cyw43_ll.c.obj
 .text.disable_device_core
                0x10005d64       0x3c CMakeFiles/myADC_PLL.dir/C_/Users/gene_/.pico-sdk/sdk/1.5.1/lib/cyw43-driver/src/cyw43_ll.c.obj
 .text.device_core_is_up
                0x10005da0       0x4c CMakeFiles/myADC_PLL.dir/C_/Users/gene_/.pico-sdk/sdk/1.5.1/lib/cyw43-driver/src/cyw43_ll.c.obj
 .text.cyw43_write_backplane
                0x10005dec       0x34 CMakeFiles/myADC_PLL.dir/C_/Users/gene_/.pico-sdk/sdk/1.5.1/lib/cyw43-driver/src/cyw43_ll.c.obj
 .text.reset_device_core
                0x10005e20       0x74 CMakeFiles/myADC_PLL.dir/C_/Users/gene_/.pico-sdk/sdk/1.5.1/lib/cyw43-driver/src/cyw43_ll.c.obj
 .text.cyw43_download_resource
                0x10005e94      0x17c CMakeFiles/myADC_PLL.dir/C_/Users/gene_/.pico-sdk/sdk/1.5.1/lib/cyw43-driver/src/cyw43_ll.c.obj
 .text.cyw43_ll_init
                0x10006010       0x20 CMakeFiles/myADC_PLL.dir/C_/Users/gene_/.pico-sdk/sdk/1.5.1/lib/cyw43-driver/src/cyw43_ll.c.obj
                0x10006010                cyw43_ll_init
 .text.cyw43_ll_deinit
                0x10006030        0x8 CMakeFiles/myADC_PLL.dir/C_/Users/gene_/.pico-sdk/sdk/1.5.1/lib/cyw43-driver/src/cyw43_ll.c.obj
                0x10006030                cyw43_ll_deinit
 .text.cyw43_ll_bus_sleep
                0x10006038       0x34 CMakeFiles/myADC_PLL.dir/C_/Users/gene_/.pico-sdk/sdk/1.5.1/lib/cyw43-driver/src/cyw43_ll.c.obj
                0x10006038                cyw43_ll_bus_sleep
 .text.cyw43_ll_sdpcm_poll_device
                0x1000606c      0x158 CMakeFiles/myADC_PLL.dir/C_/Users/gene_/.pico-sdk/sdk/1.5.1/lib/cyw43-driver/src/cyw43_ll.c.obj
 .text.cyw43_ll_process_packets
                0x100061c4       0x5c CMakeFiles/myADC_PLL.dir/C_/Users/gene_/.pico-sdk/sdk/1.5.1/lib/cyw43-driver/src/cyw43_ll.c.obj
                0x100061c4                cyw43_ll_process_packets
 .text.cyw43_sdpcm_send_common
                0x10006220      0x104 CMakeFiles/myADC_PLL.dir/C_/Users/gene_/.pico-sdk/sdk/1.5.1/lib/cyw43-driver/src/cyw43_ll.c.obj
 .text.cyw43_send_ioctl
                0x10006324       0x56 CMakeFiles/myADC_PLL.dir/C_/Users/gene_/.pico-sdk/sdk/1.5.1/lib/cyw43-driver/src/cyw43_ll.c.obj
 *fill*         0x1000637a        0x2 
 .text.cyw43_do_ioctl
                0x1000637c       0xc0 CMakeFiles/myADC_PLL.dir/C_/Users/gene_/.pico-sdk/sdk/1.5.1/lib/cyw43-driver/src/cyw43_ll.c.obj
 .text.cyw43_ll_ioctl
                0x1000643c       0x1e CMakeFiles/myADC_PLL.dir/C_/Users/gene_/.pico-sdk/sdk/1.5.1/lib/cyw43-driver/src/cyw43_ll.c.obj
                0x1000643c                cyw43_ll_ioctl
 *fill*         0x1000645a        0x2 
 .text.cyw43_clm_load
                0x1000645c       0xdc CMakeFiles/myADC_PLL.dir/C_/Users/gene_/.pico-sdk/sdk/1.5.1/lib/cyw43-driver/src/cyw43_ll.c.obj
 .text.cyw43_write_iovar_u32
                0x10006538       0x60 CMakeFiles/myADC_PLL.dir/C_/Users/gene_/.pico-sdk/sdk/1.5.1/lib/cyw43-driver/src/cyw43_ll.c.obj
 .text.cyw43_write_iovar_n
                0x10006598       0x50 CMakeFiles/myADC_PLL.dir/C_/Users/gene_/.pico-sdk/sdk/1.5.1/lib/cyw43-driver/src/cyw43_ll.c.obj
 .text.cyw43_set_ioctl_u32
                0x100065e8       0x30 CMakeFiles/myADC_PLL.dir/C_/Users/gene_/.pico-sdk/sdk/1.5.1/lib/cyw43-driver/src/cyw43_ll.c.obj
 .text.cyw43_write_iovar_u32_u32
                0x10006618       0x74 CMakeFiles/myADC_PLL.dir/C_/Users/gene_/.pico-sdk/sdk/1.5.1/lib/cyw43-driver/src/cyw43_ll.c.obj
 .text.cyw43_ll_wifi_get_mac
                0x1000668c       0x44 CMakeFiles/myADC_PLL.dir/C_/Users/gene_/.pico-sdk/sdk/1.5.1/lib/cyw43-driver/src/cyw43_ll.c.obj
                0x1000668c                cyw43_ll_wifi_get_mac
 .text.cyw43_ll_bus_init
                0x100066d0      0x360 CMakeFiles/myADC_PLL.dir/C_/Users/gene_/.pico-sdk/sdk/1.5.1/lib/cyw43-driver/src/cyw43_ll.c.obj
                0x100066d0                cyw43_ll_bus_init
 .text.cyw43_ll_wifi_set_wpa_auth
                0x10006a30        0xe CMakeFiles/myADC_PLL.dir/C_/Users/gene_/.pico-sdk/sdk/1.5.1/lib/cyw43-driver/src/cyw43_ll.c.obj
                0x10006a30                cyw43_ll_wifi_set_wpa_auth
 *fill*         0x10006a3e        0x2 
 .text.cyw43_ll_wifi_rejoin
                0x10006a40       0x20 CMakeFiles/myADC_PLL.dir/C_/Users/gene_/.pico-sdk/sdk/1.5.1/lib/cyw43-driver/src/cyw43_ll.c.obj
                0x10006a40                cyw43_ll_wifi_rejoin
 .text.cyw43_ll_gpio_set
                0x10006a60       0x30 CMakeFiles/myADC_PLL.dir/C_/Users/gene_/.pico-sdk/sdk/1.5.1/lib/cyw43-driver/src/cyw43_ll.c.obj
                0x10006a60                cyw43_ll_gpio_set
 .text.cyw43_ll_has_work
                0x10006a90       0x12 CMakeFiles/myADC_PLL.dir/C_/Users/gene_/.pico-sdk/sdk/1.5.1/lib/cyw43-driver/src/cyw43_ll.c.obj
                0x10006a90                cyw43_ll_has_work
 .text.to_ms_since_boot
                0x10006aa2       0x1c CMakeFiles/myADC_PLL.dir/C_/Users/gene_/.pico-sdk/sdk/1.5.1/lib/cyw43-driver/src/cyw43_ctrl.c.obj
 *fill*         0x10006abe        0x2 
 .text.update_us_since_boot
                0x10006ac0       0x24 CMakeFiles/myADC_PLL.dir/C_/Users/gene_/.pico-sdk/sdk/1.5.1/lib/cyw43-driver/src/cyw43_ctrl.c.obj
 .text.cyw43_poll_func
                0x10006ae4       0xac CMakeFiles/myADC_PLL.dir/C_/Users/gene_/.pico-sdk/sdk/1.5.1/lib/cyw43-driver/src/cyw43_ctrl.c.obj
 .text.get_absolute_time
                0x10006b90       0x22 CMakeFiles/myADC_PLL.dir/C_/Users/gene_/.pico-sdk/sdk/1.5.1/lib/cyw43-driver/src/cyw43_ctrl.c.obj
 .text.cyw43_hal_ticks_ms
                0x10006bb2       0x16 CMakeFiles/myADC_PLL.dir/C_/Users/gene_/.pico-sdk/sdk/1.5.1/lib/cyw43-driver/src/cyw43_ctrl.c.obj
 .text.cyw43_dump_async_event
                0x10006bc8       0x58 CMakeFiles/myADC_PLL.dir/C_/Users/gene_/.pico-sdk/sdk/1.5.1/lib/cyw43-driver/src/cyw43_ctrl.c.obj
 .text.cyw43_ensure_up
                0x10006c20       0xec CMakeFiles/myADC_PLL.dir/C_/Users/gene_/.pico-sdk/sdk/1.5.1/lib/cyw43-driver/src/cyw43_ctrl.c.obj
 .text.cyw43_init
                0x10006d0c       0x8c CMakeFiles/myADC_PLL.dir/C_/Users/gene_/.pico-sdk/sdk/1.5.1/lib/cyw43-driver/src/cyw43_ctrl.c.obj
                0x10006d0c                cyw43_init
 .text.cyw43_deinit
                0x10006d98       0x3c CMakeFiles/myADC_PLL.dir/C_/Users/gene_/.pico-sdk/sdk/1.5.1/lib/cyw43-driver/src/cyw43_ctrl.c.obj
                0x10006d98                cyw43_deinit
 .text.cyw43_cb_read_host_interrupt_pin
                0x10006dd4        0xe CMakeFiles/myADC_PLL.dir/C_/Users/gene_/.pico-sdk/sdk/1.5.1/lib/cyw43-driver/src/cyw43_ctrl.c.obj
                0x10006dd4                cyw43_cb_read_host_interrupt_pin
 *fill*         0x10006de2        0x2 
 .text.cyw43_cb_ensure_awake
                0x10006de4        0xc CMakeFiles/myADC_PLL.dir/C_/Users/gene_/.pico-sdk/sdk/1.5.1/lib/cyw43-driver/src/cyw43_ctrl.c.obj
                0x10006de4                cyw43_cb_ensure_awake
 .text.cyw43_cb_process_async_event
                0x10006df0      0x1ac CMakeFiles/myADC_PLL.dir/C_/Users/gene_/.pico-sdk/sdk/1.5.1/lib/cyw43-driver/src/cyw43_ctrl.c.obj
                0x10006df0                cyw43_cb_process_async_event
 .text.cyw43_gpio_set
                0x10006f9c       0x30 CMakeFiles/myADC_PLL.dir/C_/Users/gene_/.pico-sdk/sdk/1.5.1/lib/cyw43-driver/src/cyw43_ctrl.c.obj
                0x10006f9c                cyw43_gpio_set
 .text.dma_channel_unclaim
                0x10006fcc       0x14 CMakeFiles/myADC_PLL.dir/C_/Users/gene_/.pico-sdk/sdk/1.5.1/src/rp2_common/hardware_dma/dma.c.obj
                0x10006fcc                dma_channel_unclaim
 .text.dma_claim_unused_channel
                0x10006fe0       0x24 CMakeFiles/myADC_PLL.dir/C_/Users/gene_/.pico-sdk/sdk/1.5.1/src/rp2_common/hardware_dma/dma.c.obj
                0x10006fe0                dma_claim_unused_channel
 .text.dma_channel_cleanup
                0x10007004       0x5c CMakeFiles/myADC_PLL.dir/C_/Users/gene_/.pico-sdk/sdk/1.5.1/src/rp2_common/hardware_dma/dma.c.obj
                0x10007004                dma_channel_cleanup
 .text.cyw43_sleep_timeout_reached
                0x10007060       0x50 CMakeFiles/myADC_PLL.dir/C_/Users/gene_/.pico-sdk/sdk/1.5.1/src/rp2_common/pico_cyw43_driver/cyw43_driver.c.obj
 .text.update_us_since_boot
                0x100070b0       0x24 CMakeFiles/myADC_PLL.dir/C_/Users/gene_/.pico-sdk/sdk/1.5.1/src/rp2_common/pico_cyw43_driver/cyw43_driver.c.obj
 .text.delayed_by_ms
                0x100070d4       0x44 CMakeFiles/myADC_PLL.dir/C_/Users/gene_/.pico-sdk/sdk/1.5.1/src/rp2_common/pico_cyw43_driver/cyw43_driver.c.obj
 .text.delayed_by_us
                0x10007118       0x34 CMakeFiles/myADC_PLL.dir/C_/Users/gene_/.pico-sdk/sdk/1.5.1/src/rp2_common/pico_cyw43_driver/cyw43_driver.c.obj
 .text.get_absolute_time
                0x1000714c       0x22 CMakeFiles/myADC_PLL.dir/C_/Users/gene_/.pico-sdk/sdk/1.5.1/src/rp2_common/pico_cyw43_driver/cyw43_driver.c.obj
 .text.make_timeout_time_ms
                0x1000716e       0x20 CMakeFiles/myADC_PLL.dir/C_/Users/gene_/.pico-sdk/sdk/1.5.1/src/rp2_common/pico_cyw43_driver/cyw43_driver.c.obj
 .text.async_context_add_at_time_worker_in_ms
                0x1000718e       0x26 CMakeFiles/myADC_PLL.dir/C_/Users/gene_/.pico-sdk/sdk/1.5.1/src/rp2_common/pico_cyw43_driver/cyw43_driver.c.obj
 .text.cyw43_do_poll
                0x100071b4       0x74 CMakeFiles/myADC_PLL.dir/C_/Users/gene_/.pico-sdk/sdk/1.5.1/src/rp2_common/pico_cyw43_driver/cyw43_driver.c.obj
 .text.make_timeout_time_us
                0x10007228       0x24 CMakeFiles/myADC_PLL.dir/C_/Users/gene_/.pico-sdk/sdk/1.5.1/src/rp2_common/pico_cyw43_driver/cyw43_driver.c.obj
 .text.cyw43_set_irq_enabled
                0x1000724c        0xe CMakeFiles/myADC_PLL.dir/C_/Users/gene_/.pico-sdk/sdk/1.5.1/src/rp2_common/pico_cyw43_driver/cyw43_driver.c.obj
 *fill*         0x1000725a        0x2 
 .text.cyw43_irq_init
                0x1000725c       0x50 CMakeFiles/myADC_PLL.dir/C_/Users/gene_/.pico-sdk/sdk/1.5.1/src/rp2_common/pico_cyw43_driver/cyw43_driver.c.obj
                0x1000725c                cyw43_irq_init
 .text.cyw43_gpio_irq_handler
                0x100072ac       0x40 CMakeFiles/myADC_PLL.dir/C_/Users/gene_/.pico-sdk/sdk/1.5.1/src/rp2_common/pico_cyw43_driver/cyw43_driver.c.obj
 .text.cyw43_irq_deinit
                0x100072ec       0x48 CMakeFiles/myADC_PLL.dir/C_/Users/gene_/.pico-sdk/sdk/1.5.1/src/rp2_common/pico_cyw43_driver/cyw43_driver.c.obj
                0x100072ec                cyw43_irq_deinit
 .text.no_lwip_fail
                0x10007334        0xc CMakeFiles/myADC_PLL.dir/C_/Users/gene_/.pico-sdk/sdk/1.5.1/src/rp2_common/pico_cyw43_driver/cyw43_driver.c.obj
 .text.cyw43_post_poll_hook
                0x10007340       0x38 CMakeFiles/myADC_PLL.dir/C_/Users/gene_/.pico-sdk/sdk/1.5.1/src/rp2_common/pico_cyw43_driver/cyw43_driver.c.obj
                0x10007340                cyw43_post_poll_hook
 .text.cyw43_schedule_internal_poll_dispatch
                0x10007378       0x3c CMakeFiles/myADC_PLL.dir/C_/Users/gene_/.pico-sdk/sdk/1.5.1/src/rp2_common/pico_cyw43_driver/cyw43_driver.c.obj
                0x10007378                cyw43_schedule_internal_poll_dispatch
 .text.cyw43_driver_init
                0x100073b4       0x38 CMakeFiles/myADC_PLL.dir/C_/Users/gene_/.pico-sdk/sdk/1.5.1/src/rp2_common/pico_cyw43_driver/cyw43_driver.c.obj
                0x100073b4                cyw43_driver_init
 .text.cyw43_driver_deinit
                0x100073ec       0x64 CMakeFiles/myADC_PLL.dir/C_/Users/gene_/.pico-sdk/sdk/1.5.1/src/rp2_common/pico_cyw43_driver/cyw43_driver.c.obj
                0x100073ec                cyw43_driver_deinit
 .text.storage_read_blocks
                0x10007450        0x6 CMakeFiles/myADC_PLL.dir/C_/Users/gene_/.pico-sdk/sdk/1.5.1/src/rp2_common/pico_cyw43_driver/cyw43_driver.c.obj
                0x10007450                storage_read_blocks
 *fill*         0x10007456        0x2 
 .text.cyw43_hal_generate_laa_mac
                0x10007458       0x34 CMakeFiles/myADC_PLL.dir/C_/Users/gene_/.pico-sdk/sdk/1.5.1/src/rp2_common/pico_cyw43_driver/cyw43_driver.c.obj
                0x10007458                cyw43_hal_generate_laa_mac
 .text.cyw43_thread_enter
                0x1000748c       0x14 CMakeFiles/myADC_PLL.dir/C_/Users/gene_/.pico-sdk/sdk/1.5.1/src/rp2_common/pico_cyw43_driver/cyw43_driver.c.obj
                0x1000748c                cyw43_thread_enter
 .text.cyw43_thread_exit
                0x100074a0       0x14 CMakeFiles/myADC_PLL.dir/C_/Users/gene_/.pico-sdk/sdk/1.5.1/src/rp2_common/pico_cyw43_driver/cyw43_driver.c.obj
                0x100074a0                cyw43_thread_exit
 .text.cyw43_thread_lock_check
                0x100074b4       0x14 CMakeFiles/myADC_PLL.dir/C_/Users/gene_/.pico-sdk/sdk/1.5.1/src/rp2_common/pico_cyw43_driver/cyw43_driver.c.obj
                0x100074b4                cyw43_thread_lock_check
 .text.cyw43_await_background_or_timeout_us
                0x100074c8       0x28 CMakeFiles/myADC_PLL.dir/C_/Users/gene_/.pico-sdk/sdk/1.5.1/src/rp2_common/pico_cyw43_driver/cyw43_driver.c.obj
                0x100074c8                cyw43_await_background_or_timeout_us
 .text.cyw43_delay_ms
                0x100074f0       0x24 CMakeFiles/myADC_PLL.dir/C_/Users/gene_/.pico-sdk/sdk/1.5.1/src/rp2_common/pico_cyw43_driver/cyw43_driver.c.obj
                0x100074f0                cyw43_delay_ms
 .text.cyw43_cb_tcpip_deinit
                0x10007514        0x2 CMakeFiles/myADC_PLL.dir/C_/Users/gene_/.pico-sdk/sdk/1.5.1/src/rp2_common/pico_cyw43_driver/cyw43_driver.c.obj
                0x10007514                cyw43_cb_tcpip_deinit
 .text.cyw43_cb_tcpip_set_link_up
                0x10007516        0x6 CMakeFiles/myADC_PLL.dir/C_/Users/gene_/.pico-sdk/sdk/1.5.1/src/rp2_common/pico_cyw43_driver/cyw43_driver.c.obj
                0x10007516                cyw43_cb_tcpip_set_link_up
 .text.cyw43_cb_tcpip_set_link_down
                0x1000751c        0x6 CMakeFiles/myADC_PLL.dir/C_/Users/gene_/.pico-sdk/sdk/1.5.1/src/rp2_common/pico_cyw43_driver/cyw43_driver.c.obj
                0x1000751c                cyw43_cb_tcpip_set_link_down
 .text.cyw43_cb_process_ethernet
                0x10007522        0x6 CMakeFiles/myADC_PLL.dir/C_/Users/gene_/.pico-sdk/sdk/1.5.1/src/rp2_common/pico_cyw43_driver/cyw43_driver.c.obj
                0x10007522                cyw43_cb_process_ethernet
 .text.is_at_the_end_of_time
                0x10007528       0x1c CMakeFiles/myADC_PLL.dir/C_/Users/gene_/.pico-sdk/sdk/1.5.1/src/rp2_common/pico_async_context/async_context_threadsafe_background.c.obj
 .text.async_context_threadsafe_background_acquire_lock_blocking
                0x10007544        0xa CMakeFiles/myADC_PLL.dir/C_/Users/gene_/.pico-sdk/sdk/1.5.1/src/rp2_common/pico_async_context/async_context_threadsafe_background.c.obj
 *fill*         0x1000754e        0x2 
 .text.update_us_since_boot
                0x10007550       0x24 CMakeFiles/myADC_PLL.dir/C_/Users/gene_/.pico-sdk/sdk/1.5.1/src/rp2_common/pico_async_context/async_context_threadsafe_background.c.obj
 .text.async_context_threadsafe_background_wake_up
                0x10007574       0x16 CMakeFiles/myADC_PLL.dir/C_/Users/gene_/.pico-sdk/sdk/1.5.1/src/rp2_common/pico_async_context/async_context_threadsafe_background.c.obj
 .text.alarm_handler
                0x1000758a       0x14 CMakeFiles/myADC_PLL.dir/C_/Users/gene_/.pico-sdk/sdk/1.5.1/src/rp2_common/pico_async_context/async_context_threadsafe_background.c.obj
 .text.async_context_threadsafe_background_set_work_pending
                0x1000759e        0xc CMakeFiles/myADC_PLL.dir/C_/Users/gene_/.pico-sdk/sdk/1.5.1/src/rp2_common/pico_async_context/async_context_threadsafe_background.c.obj
 *fill*         0x100075aa        0x2 
 .text.async_context_threadsafe_background_lock_check
                0x100075ac       0x2c CMakeFiles/myADC_PLL.dir/C_/Users/gene_/.pico-sdk/sdk/1.5.1/src/rp2_common/pico_async_context/async_context_threadsafe_background.c.obj
 .text.get_absolute_time
                0x100075d8       0x22 CMakeFiles/myADC_PLL.dir/C_/Users/gene_/.pico-sdk/sdk/1.5.1/src/rp2_common/pico_async_context/async_context_threadsafe_background.c.obj
 *fill*         0x100075fa        0x2 
 .text.process_under_lock
                0x100075fc       0xe0 CMakeFiles/myADC_PLL.dir/C_/Users/gene_/.pico-sdk/sdk/1.5.1/src/rp2_common/pico_async_context/async_context_threadsafe_background.c.obj
 .text.lock_release
                0x100076dc       0x1e CMakeFiles/myADC_PLL.dir/C_/Users/gene_/.pico-sdk/sdk/1.5.1/src/rp2_common/pico_async_context/async_context_threadsafe_background.c.obj
 .text.async_context_threadsafe_background_execute_sync
                0x100076fa       0x1e CMakeFiles/myADC_PLL.dir/C_/Users/gene_/.pico-sdk/sdk/1.5.1/src/rp2_common/pico_async_context/async_context_threadsafe_background.c.obj
                0x100076fa                async_context_threadsafe_background_execute_sync
 .text.async_context_threadsafe_background_release_lock
                0x10007718        0x8 CMakeFiles/myADC_PLL.dir/C_/Users/gene_/.pico-sdk/sdk/1.5.1/src/rp2_common/pico_async_context/async_context_threadsafe_background.c.obj
 .text.low_prio_irq_deinit
                0x10007720       0x50 CMakeFiles/myADC_PLL.dir/C_/Users/gene_/.pico-sdk/sdk/1.5.1/src/rp2_common/pico_async_context/async_context_threadsafe_background.c.obj
 .text.async_context_threadsafe_background_deinit
                0x10007770       0x58 CMakeFiles/myADC_PLL.dir/C_/Users/gene_/.pico-sdk/sdk/1.5.1/src/rp2_common/pico_async_context/async_context_threadsafe_background.c.obj
 .text.low_priority_irq_handler
                0x100077c8       0x78 CMakeFiles/myADC_PLL.dir/C_/Users/gene_/.pico-sdk/sdk/1.5.1/src/rp2_common/pico_async_context/async_context_threadsafe_background.c.obj
 .text.async_context_threadsafe_background_wait_for_work_until
                0x10007840        0xa CMakeFiles/myADC_PLL.dir/C_/Users/gene_/.pico-sdk/sdk/1.5.1/src/rp2_common/pico_async_context/async_context_threadsafe_background.c.obj
 .text.async_context_threadsafe_background_wait_until
                0x1000784a       0x1a CMakeFiles/myADC_PLL.dir/C_/Users/gene_/.pico-sdk/sdk/1.5.1/src/rp2_common/pico_async_context/async_context_threadsafe_background.c.obj
 .text.async_context_threadsafe_background_when_pending_worker
                0x10007864       0x20 CMakeFiles/myADC_PLL.dir/C_/Users/gene_/.pico-sdk/sdk/1.5.1/src/rp2_common/pico_async_context/async_context_threadsafe_background.c.obj
 .text.async_context_threadsafe_background_add_when_pending_worker
                0x10007884       0x20 CMakeFiles/myADC_PLL.dir/C_/Users/gene_/.pico-sdk/sdk/1.5.1/src/rp2_common/pico_async_context/async_context_threadsafe_background.c.obj
 .text.async_context_threadsafe_background_remove_at_time_worker
                0x100078a4       0x20 CMakeFiles/myADC_PLL.dir/C_/Users/gene_/.pico-sdk/sdk/1.5.1/src/rp2_common/pico_async_context/async_context_threadsafe_background.c.obj
 .text.async_context_threadsafe_background_add_at_time_worker
                0x100078c4       0x20 CMakeFiles/myADC_PLL.dir/C_/Users/gene_/.pico-sdk/sdk/1.5.1/src/rp2_common/pico_async_context/async_context_threadsafe_background.c.obj
 .text.low_prio_irq_init
                0x100078e4       0x84 CMakeFiles/myADC_PLL.dir/C_/Users/gene_/.pico-sdk/sdk/1.5.1/src/rp2_common/pico_async_context/async_context_threadsafe_background.c.obj
 .text.async_context_threadsafe_background_default_config
                0x10007968        0xa CMakeFiles/myADC_PLL.dir/C_/Users/gene_/.pico-sdk/sdk/1.5.1/src/rp2_common/pico_async_context/async_context_threadsafe_background.c.obj
                0x10007968                async_context_threadsafe_background_default_config
 *fill*         0x10007972        0x2 
 .text.async_context_threadsafe_background_init
                0x10007974       0x74 CMakeFiles/myADC_PLL.dir/C_/Users/gene_/.pico-sdk/sdk/1.5.1/src/rp2_common/pico_async_context/async_context_threadsafe_background.c.obj
                0x10007974                async_context_threadsafe_background_init
 .text.is_at_the_end_of_time
                0x100079e8       0x1c CMakeFiles/myADC_PLL.dir/C_/Users/gene_/.pico-sdk/sdk/1.5.1/src/rp2_common/pico_async_context/async_context_base.c.obj
 .text.update_us_since_boot
                0x10007a04       0x24 CMakeFiles/myADC_PLL.dir/C_/Users/gene_/.pico-sdk/sdk/1.5.1/src/rp2_common/pico_async_context/async_context_base.c.obj
 .text.get_absolute_time
                0x10007a28       0x22 CMakeFiles/myADC_PLL.dir/C_/Users/gene_/.pico-sdk/sdk/1.5.1/src/rp2_common/pico_async_context/async_context_base.c.obj
 .text.async_context_base_add_at_time_worker
                0x10007a4a       0x1c CMakeFiles/myADC_PLL.dir/C_/Users/gene_/.pico-sdk/sdk/1.5.1/src/rp2_common/pico_async_context/async_context_base.c.obj
                0x10007a4a                async_context_base_add_at_time_worker
 .text.async_context_base_remove_at_time_worker
                0x10007a66       0x1c CMakeFiles/myADC_PLL.dir/C_/Users/gene_/.pico-sdk/sdk/1.5.1/src/rp2_common/pico_async_context/async_context_base.c.obj
                0x10007a66                async_context_base_remove_at_time_worker
 .text.async_context_base_add_when_pending_worker
                0x10007a82       0x1c CMakeFiles/myADC_PLL.dir/C_/Users/gene_/.pico-sdk/sdk/1.5.1/src/rp2_common/pico_async_context/async_context_base.c.obj
                0x10007a82                async_context_base_add_when_pending_worker
 .text.async_context_base_remove_when_pending_worker
                0x10007a9e       0x1c CMakeFiles/myADC_PLL.dir/C_/Users/gene_/.pico-sdk/sdk/1.5.1/src/rp2_common/pico_async_context/async_context_base.c.obj
                0x10007a9e                async_context_base_remove_when_pending_worker
 *fill*         0x10007aba        0x2 
 .text.async_context_base_remove_ready_at_time_worker
                0x10007abc       0x78 CMakeFiles/myADC_PLL.dir/C_/Users/gene_/.pico-sdk/sdk/1.5.1/src/rp2_common/pico_async_context/async_context_base.c.obj
                0x10007abc                async_context_base_remove_ready_at_time_worker
 .text.async_context_base_refresh_next_timeout
                0x10007b34       0x3c CMakeFiles/myADC_PLL.dir/C_/Users/gene_/.pico-sdk/sdk/1.5.1/src/rp2_common/pico_async_context/async_context_base.c.obj
                0x10007b34                async_context_base_refresh_next_timeout
 .text.async_context_base_execute_once
                0x10007b70       0x48 CMakeFiles/myADC_PLL.dir/C_/Users/gene_/.pico-sdk/sdk/1.5.1/src/rp2_common/pico_async_context/async_context_base.c.obj
                0x10007b70                async_context_base_execute_once
 .text.memcmp   0x10007bb8       0x48 C:/Users/gene_/.pico-sdk/toolchain/13_2_Rel1/bin/../lib/gcc/arm-none-eabi/13.2.1/thumb/v6-m/nofp\libg.a(libc_a-memcmp.o)
                0x10007bb8                memcmp
 .text.memmove  0x10007c00       0xb0 C:/Users/gene_/.pico-sdk/toolchain/13_2_Rel1/bin/../lib/gcc/arm-none-eabi/13.2.1/thumb/v6-m/nofp\libg.a(libc_a-memmove.o)
                0x10007c00                memmove
 .text.strncmp  0x10007cb0       0x74 C:/Users/gene_/.pico-sdk/toolchain/13_2_Rel1/bin/../lib/gcc/arm-none-eabi/13.2.1/thumb/v6-m/nofp\libg.a(libc_a-strncmp.o)
                0x10007cb0                strncmp
 .text.strlen   0x10007d24       0x5c C:/Users/gene_/.pico-sdk/toolchain/13_2_Rel1/bin/../lib/gcc/arm-none-eabi/13.2.1/thumb/v6-m/nofp\libg.a(libc_a-strlen-stub.o)
                0x10007d24                strlen
 *(.fini)
 .fini          0x10007d80        0x4 C:/Users/gene_/.pico-sdk/toolchain/13_2_Rel1/bin/../lib/gcc/arm-none-eabi/13.2.1/thumb/v6-m/nofp/crti.o
                0x10007d80                _fini
 *fill*         0x10007d84        0x4 
 .fini.__stub   0x10007d88       0xa0 linker stubs
 *crtbegin.o(.ctors)
 *crtbegin?.o(.ctors)
 *(EXCLUDE_FILE(*crtend.o *crtend?.o) .ctors)
 *(SORT_BY_NAME(.ctors.*))
 *(.ctors)
 *crtbegin.o(.dtors)
 *crtbegin?.o(.dtors)
 *(EXCLUDE_FILE(*crtend.o *crtend?.o) .dtors)
 *(SORT_BY_NAME(.dtors.*))
 *(.dtors)
 *(.eh_frame*)
 .eh_frame      0x10007e28        0x0 C:/Users/gene_/.pico-sdk/toolchain/13_2_Rel1/bin/../lib/gcc/arm-none-eabi/13.2.1/thumb/v6-m/nofp/crtbegin.o
                0x10007e28                        . = ALIGN (0x4)

.glue_7         0x10007e28        0x0
 .glue_7        0x10007e28        0x0 linker stubs

.glue_7t        0x10007e28        0x0
 .glue_7t       0x10007e28        0x0 linker stubs

.vfp11_veneer   0x10007e28        0x0
 .vfp11_veneer  0x10007e28        0x0 linker stubs

.v4_bx          0x10007e28        0x0
 .v4_bx         0x10007e28        0x0 linker stubs

.iplt           0x10007e28        0x0
 .iplt          0x10007e28        0x0 C:/Users/gene_/.pico-sdk/toolchain/13_2_Rel1/bin/../lib/gcc/arm-none-eabi/13.2.1/thumb/v6-m/nofp/crtbegin.o

.rodata         0x10007e28    0x399a4
 *(EXCLUDE_FILE(*libm.a: *libc.a:*lib_a-mem*.o *libgcc.a:) .rodata*)
 .rodata.update_us_since_boot.str1.4
                0x10007e28     0x1b0e CMakeFiles/myADC_PLL.dir/myADC_PLL.c.obj
                                 0x69 (size before relaxing)
 .rodata.blink_pin_forever.str1.4
                0x10009936       0x1a CMakeFiles/myADC_PLL.dir/myADC_PLL.c.obj
 .rodata.main.str1.4
                0x10009936       0x3a CMakeFiles/myADC_PLL.dir/myADC_PLL.c.obj
 *fill*         0x10009936        0x2 
 .rodata.__func__.0
                0x10009938       0x15 CMakeFiles/myADC_PLL.dir/myADC_PLL.c.obj
 *fill*         0x1000994d        0x3 
 .rodata.blink_program
                0x10009950        0x6 CMakeFiles/myADC_PLL.dir/myADC_PLL.c.obj
 *fill*         0x10009956        0x2 
 .rodata.blink_program_instructions
                0x10009958       0x10 CMakeFiles/myADC_PLL.dir/myADC_PLL.c.obj
 .rodata.gpio_add_raw_irq_handler_with_order_priority_masked.str1.4
                0x10009968       0x73 CMakeFiles/myADC_PLL.dir/C_/Users/gene_/.pico-sdk/sdk/1.5.1/src/rp2_common/hardware_gpio/gpio.c.obj
 .rodata.gpio_remove_raw_irq_handler_masked.str1.4
                0x10009968       0x29 CMakeFiles/myADC_PLL.dir/C_/Users/gene_/.pico-sdk/sdk/1.5.1/src/rp2_common/hardware_gpio/gpio.c.obj
 .rodata.__func__.0
                0x10009968       0x23 CMakeFiles/myADC_PLL.dir/C_/Users/gene_/.pico-sdk/sdk/1.5.1/src/rp2_common/hardware_gpio/gpio.c.obj
 *fill*         0x1000998b        0x1 
 .rodata.__func__.1
                0x1000998c       0x34 CMakeFiles/myADC_PLL.dir/C_/Users/gene_/.pico-sdk/sdk/1.5.1/src/rp2_common/hardware_gpio/gpio.c.obj
 .rodata.hw_claim_clear.str1.4
                0x100099c0       0x69 CMakeFiles/myADC_PLL.dir/C_/Users/gene_/.pico-sdk/sdk/1.5.1/src/rp2_common/hardware_claim/claim.c.obj
 .rodata.__func__.0
                0x100099c0        0xf CMakeFiles/myADC_PLL.dir/C_/Users/gene_/.pico-sdk/sdk/1.5.1/src/rp2_common/hardware_claim/claim.c.obj
 .rodata.resolve_branch.str1.4
                0x100099cf       0x5d CMakeFiles/myADC_PLL.dir/C_/Users/gene_/.pico-sdk/sdk/1.5.1/src/rp2_common/hardware_irq/irq.c.obj
 .rodata.make_branch.str1.4
                0x100099cf       0x30 CMakeFiles/myADC_PLL.dir/C_/Users/gene_/.pico-sdk/sdk/1.5.1/src/rp2_common/hardware_irq/irq.c.obj
 .rodata.insert_branch_and_link.str1.4
                0x100099cf       0x10 CMakeFiles/myADC_PLL.dir/C_/Users/gene_/.pico-sdk/sdk/1.5.1/src/rp2_common/hardware_irq/irq.c.obj
 .rodata.irq_set_exclusive_handler.str1.4
                0x100099cf       0x36 CMakeFiles/myADC_PLL.dir/C_/Users/gene_/.pico-sdk/sdk/1.5.1/src/rp2_common/hardware_irq/irq.c.obj
 .rodata.irq_add_shared_handler.str1.4
                0x100099cf       0xc2 CMakeFiles/myADC_PLL.dir/C_/Users/gene_/.pico-sdk/sdk/1.5.1/src/rp2_common/hardware_irq/irq.c.obj
 .rodata.irq_remove_handler.str1.4
                0x100099cf       0x3a CMakeFiles/myADC_PLL.dir/C_/Users/gene_/.pico-sdk/sdk/1.5.1/src/rp2_common/hardware_irq/irq.c.obj
 .rodata.irq_add_tail_to_free_list.str1.4
                0x100099cf       0x3a CMakeFiles/myADC_PLL.dir/C_/Users/gene_/.pico-sdk/sdk/1.5.1/src/rp2_common/hardware_irq/irq.c.obj
 .rodata.user_irq_claim_unused.str1.4
                0x100099cf       0x1b CMakeFiles/myADC_PLL.dir/C_/Users/gene_/.pico-sdk/sdk/1.5.1/src/rp2_common/hardware_irq/irq.c.obj
 *fill*         0x100099cf        0x1 
 .rodata.__func__.0
                0x100099d0       0x1a CMakeFiles/myADC_PLL.dir/C_/Users/gene_/.pico-sdk/sdk/1.5.1/src/rp2_common/hardware_irq/irq.c.obj
 *fill*         0x100099ea        0x2 
 .rodata.__func__.1
                0x100099ec       0x17 CMakeFiles/myADC_PLL.dir/C_/Users/gene_/.pico-sdk/sdk/1.5.1/src/rp2_common/hardware_irq/irq.c.obj
 *fill*         0x10009a03        0x1 
 .rodata.__func__.2
                0x10009a04       0x13 CMakeFiles/myADC_PLL.dir/C_/Users/gene_/.pico-sdk/sdk/1.5.1/src/rp2_common/hardware_irq/irq.c.obj
 *fill*         0x10009a17        0x1 
 .rodata.__func__.3
                0x10009a18        0xc CMakeFiles/myADC_PLL.dir/C_/Users/gene_/.pico-sdk/sdk/1.5.1/src/rp2_common/hardware_irq/irq.c.obj
 .rodata.__func__.4
                0x10009a24        0xf CMakeFiles/myADC_PLL.dir/C_/Users/gene_/.pico-sdk/sdk/1.5.1/src/rp2_common/hardware_irq/irq.c.obj
 *fill*         0x10009a33        0x1 
 .rodata.__func__.5
                0x10009a34       0x17 CMakeFiles/myADC_PLL.dir/C_/Users/gene_/.pico-sdk/sdk/1.5.1/src/rp2_common/hardware_irq/irq.c.obj
 *fill*         0x10009a4b        0x1 
 .rodata.__func__.6
                0x10009a4c       0x1a CMakeFiles/myADC_PLL.dir/C_/Users/gene_/.pico-sdk/sdk/1.5.1/src/rp2_common/hardware_irq/irq.c.obj
 .rodata.str1.4
                0x10009a66       0x91 CMakeFiles/myADC_PLL.dir/C_/Users/gene_/.pico-sdk/sdk/1.5.1/src/common/pico_sync/mutex.c.obj
 *fill*         0x10009a66        0x2 
 .rodata.__func__.0
                0x10009a68       0x15 CMakeFiles/myADC_PLL.dir/C_/Users/gene_/.pico-sdk/sdk/1.5.1/src/common/pico_sync/mutex.c.obj
 *fill*         0x10009a7d        0x3 
 .rodata.__func__.1
                0x10009a80        0xb CMakeFiles/myADC_PLL.dir/C_/Users/gene_/.pico-sdk/sdk/1.5.1/src/common/pico_sync/mutex.c.obj
 *fill*         0x10009a8b        0x1 
 .rodata.__func__.3
                0x10009a8c       0x18 CMakeFiles/myADC_PLL.dir/C_/Users/gene_/.pico-sdk/sdk/1.5.1/src/common/pico_sync/mutex.c.obj
 .rodata.__func__.5
                0x10009aa4       0x1a CMakeFiles/myADC_PLL.dir/C_/Users/gene_/.pico-sdk/sdk/1.5.1/src/common/pico_sync/mutex.c.obj
 *fill*         0x10009abe        0x2 
 .rodata.__func__.6
                0x10009ac0       0x1f CMakeFiles/myADC_PLL.dir/C_/Users/gene_/.pico-sdk/sdk/1.5.1/src/common/pico_sync/mutex.c.obj
 .rodata.get_entry.str1.4
                0x10009adf       0x63 CMakeFiles/myADC_PLL.dir/C_/Users/gene_/.pico-sdk/sdk/1.5.1/src/common/pico_time/time.c.obj
 .rodata.update_us_since_boot.str1.4
                0x10009adf       0x69 CMakeFiles/myADC_PLL.dir/C_/Users/gene_/.pico-sdk/sdk/1.5.1/src/common/pico_time/time.c.obj
 .rodata.ph_get_node.str1.4
                0x10009adf       0x6e CMakeFiles/myADC_PLL.dir/C_/Users/gene_/.pico-sdk/sdk/1.5.1/src/common/pico_time/time.c.obj
 .rodata.ph_add_child_node.str1.4
                0x10009adf       0x2e CMakeFiles/myADC_PLL.dir/C_/Users/gene_/.pico-sdk/sdk/1.5.1/src/common/pico_time/time.c.obj
 .rodata.ph_insert_node.str1.4
                0x10009adf        0x3 CMakeFiles/myADC_PLL.dir/C_/Users/gene_/.pico-sdk/sdk/1.5.1/src/common/pico_time/time.c.obj
 .rodata.ph_free_node.str1.4
                0x10009adf       0x38 CMakeFiles/myADC_PLL.dir/C_/Users/gene_/.pico-sdk/sdk/1.5.1/src/common/pico_time/time.c.obj
 .rodata.add_alarm_under_lock.str1.4
                0x10009adf       0x28 CMakeFiles/myADC_PLL.dir/C_/Users/gene_/.pico-sdk/sdk/1.5.1/src/common/pico_time/time.c.obj
 .rodata.alarm_pool_alarm_callback.str1.4
                0x10009adf       0x60 CMakeFiles/myADC_PLL.dir/C_/Users/gene_/.pico-sdk/sdk/1.5.1/src/common/pico_time/time.c.obj
 .rodata.alarm_pool_get_default.str1.4
                0x10009adf       0x21 CMakeFiles/myADC_PLL.dir/C_/Users/gene_/.pico-sdk/sdk/1.5.1/src/common/pico_time/time.c.obj
 .rodata.alarm_pool_cancel_alarm.str1.4
                0x10009adf       0x27 CMakeFiles/myADC_PLL.dir/C_/Users/gene_/.pico-sdk/sdk/1.5.1/src/common/pico_time/time.c.obj
 .rodata.sleep_until.str1.4
                0x10009adf       0x4d CMakeFiles/myADC_PLL.dir/C_/Users/gene_/.pico-sdk/sdk/1.5.1/src/common/pico_time/time.c.obj
 *fill*         0x10009adf        0x1 
 .rodata.__func__.1
                0x10009ae0       0x18 CMakeFiles/myADC_PLL.dir/C_/Users/gene_/.pico-sdk/sdk/1.5.1/src/common/pico_time/time.c.obj
 .rodata.__func__.3
                0x10009af8       0x17 CMakeFiles/myADC_PLL.dir/C_/Users/gene_/.pico-sdk/sdk/1.5.1/src/common/pico_time/time.c.obj
 *fill*         0x10009b0f        0x1 
 .rodata.__func__.4
                0x10009b10       0x12 CMakeFiles/myADC_PLL.dir/C_/Users/gene_/.pico-sdk/sdk/1.5.1/src/common/pico_time/time.c.obj
 *fill*         0x10009b22        0x2 
 .rodata.__func__.5
                0x10009b24        0xd CMakeFiles/myADC_PLL.dir/C_/Users/gene_/.pico-sdk/sdk/1.5.1/src/common/pico_time/time.c.obj
 *fill*         0x10009b31        0x3 
 .rodata.__func__.6
                0x10009b34       0x12 CMakeFiles/myADC_PLL.dir/C_/Users/gene_/.pico-sdk/sdk/1.5.1/src/common/pico_time/time.c.obj
 *fill*         0x10009b46        0x2 
 .rodata.__func__.7
                0x10009b48        0xf CMakeFiles/myADC_PLL.dir/C_/Users/gene_/.pico-sdk/sdk/1.5.1/src/common/pico_time/time.c.obj
 *fill*         0x10009b57        0x1 
 .rodata.__func__.8
                0x10009b58        0xc CMakeFiles/myADC_PLL.dir/C_/Users/gene_/.pico-sdk/sdk/1.5.1/src/common/pico_time/time.c.obj
 .rodata.__func__.9
                0x10009b64       0x15 CMakeFiles/myADC_PLL.dir/C_/Users/gene_/.pico-sdk/sdk/1.5.1/src/common/pico_time/time.c.obj
 *fill*         0x10009b79        0x3 
 .rodata.__func__.10
                0x10009b7c       0x15 CMakeFiles/myADC_PLL.dir/C_/Users/gene_/.pico-sdk/sdk/1.5.1/src/common/pico_time/time.c.obj
 *fill*         0x10009b91        0x3 
 .rodata.__func__.11
                0x10009b94       0x1a CMakeFiles/myADC_PLL.dir/C_/Users/gene_/.pico-sdk/sdk/1.5.1/src/common/pico_time/time.c.obj
 *fill*         0x10009bae        0x2 
 .rodata.__func__.12
                0x10009bb0        0xa CMakeFiles/myADC_PLL.dir/C_/Users/gene_/.pico-sdk/sdk/1.5.1/src/common/pico_time/time.c.obj
 *fill*         0x10009bba        0x6 
 .rodata.at_the_end_of_time
                0x10009bc0        0x8 CMakeFiles/myADC_PLL.dir/C_/Users/gene_/.pico-sdk/sdk/1.5.1/src/common/pico_time/time.c.obj
                0x10009bc0                at_the_end_of_time
 .rodata.update_us_since_boot.str1.4
                0x10009bc8       0x69 CMakeFiles/myADC_PLL.dir/C_/Users/gene_/.pico-sdk/sdk/1.5.1/src/rp2_common/hardware_timer/timer.c.obj
 .rodata.hardware_alarm_claim.str1.4
                0x10009bc8       0x22 CMakeFiles/myADC_PLL.dir/C_/Users/gene_/.pico-sdk/sdk/1.5.1/src/rp2_common/hardware_timer/timer.c.obj
 .rodata.hardware_alarm_set_target.str1.4
                0x10009bc8       0x6d CMakeFiles/myADC_PLL.dir/C_/Users/gene_/.pico-sdk/sdk/1.5.1/src/rp2_common/hardware_timer/timer.c.obj
 .rodata.__func__.0
                0x10009bc8       0x1a CMakeFiles/myADC_PLL.dir/C_/Users/gene_/.pico-sdk/sdk/1.5.1/src/rp2_common/hardware_timer/timer.c.obj
 *fill*         0x10009be2        0x2 
 .rodata.__func__.1
                0x10009be4       0x15 CMakeFiles/myADC_PLL.dir/C_/Users/gene_/.pico-sdk/sdk/1.5.1/src/rp2_common/hardware_timer/timer.c.obj
 .rodata.ph_get_node.str1.4
                0x10009bf9       0x6e CMakeFiles/myADC_PLL.dir/C_/Users/gene_/.pico-sdk/sdk/1.5.1/src/common/pico_util/pheap.c.obj
 .rodata.ph_add_child_node.str1.4
                0x10009bf9       0x2e CMakeFiles/myADC_PLL.dir/C_/Users/gene_/.pico-sdk/sdk/1.5.1/src/common/pico_util/pheap.c.obj
 .rodata.ph_remove_any_head.str1.4
                0x10009bf9       0xa8 CMakeFiles/myADC_PLL.dir/C_/Users/gene_/.pico-sdk/sdk/1.5.1/src/common/pico_util/pheap.c.obj
 .rodata.ph_remove_and_free_node.str1.4
                0x10009bf9       0x26 CMakeFiles/myADC_PLL.dir/C_/Users/gene_/.pico-sdk/sdk/1.5.1/src/common/pico_util/pheap.c.obj
 *fill*         0x10009bf9        0x3 
 .rodata.__func__.0
                0x10009bfc       0x18 CMakeFiles/myADC_PLL.dir/C_/Users/gene_/.pico-sdk/sdk/1.5.1/src/common/pico_util/pheap.c.obj
 .rodata.__func__.1
                0x10009c14       0x13 CMakeFiles/myADC_PLL.dir/C_/Users/gene_/.pico-sdk/sdk/1.5.1/src/common/pico_util/pheap.c.obj
 *fill*         0x10009c27        0x1 
 .rodata.__func__.2
                0x10009c28       0x12 CMakeFiles/myADC_PLL.dir/C_/Users/gene_/.pico-sdk/sdk/1.5.1/src/common/pico_util/pheap.c.obj
 *fill*         0x10009c3a        0x2 
 .rodata.__func__.3
                0x10009c3c        0xc CMakeFiles/myADC_PLL.dir/C_/Users/gene_/.pico-sdk/sdk/1.5.1/src/common/pico_util/pheap.c.obj
 .rodata.clock_configure.str1.4
                0x10009c48       0x5f CMakeFiles/myADC_PLL.dir/C_/Users/gene_/.pico-sdk/sdk/1.5.1/src/rp2_common/hardware_clocks/clocks.c.obj
 .rodata.__func__.1
                0x10009c48       0x10 CMakeFiles/myADC_PLL.dir/C_/Users/gene_/.pico-sdk/sdk/1.5.1/src/rp2_common/hardware_clocks/clocks.c.obj
 .rodata.pll_init.str1.4
                0x10009c58      0x12c CMakeFiles/myADC_PLL.dir/C_/Users/gene_/.pico-sdk/sdk/1.5.1/src/rp2_common/hardware_pll/pll.c.obj
 .rodata.__func__.0
                0x10009c58        0x9 CMakeFiles/myADC_PLL.dir/C_/Users/gene_/.pico-sdk/sdk/1.5.1/src/rp2_common/hardware_pll/pll.c.obj
 .rodata.__assert_func.str1.4
                0x10009c61       0x43 CMakeFiles/myADC_PLL.dir/C_/Users/gene_/.pico-sdk/sdk/1.5.1/src/rp2_common/pico_runtime/runtime.c.obj
 .rodata.runtime_init.str1.4
                0x10009c61       0x69 CMakeFiles/myADC_PLL.dir/C_/Users/gene_/.pico-sdk/sdk/1.5.1/src/rp2_common/pico_runtime/runtime.c.obj
 .rodata.panic.str1.4
                0x10009c61       0x12 CMakeFiles/myADC_PLL.dir/C_/Users/gene_/.pico-sdk/sdk/1.5.1/src/rp2_common/pico_runtime/runtime.c.obj
 .rodata.panic_unsupported.str1.4
                0x10009c61        0xe CMakeFiles/myADC_PLL.dir/C_/Users/gene_/.pico-sdk/sdk/1.5.1/src/rp2_common/pico_runtime/runtime.c.obj
 *fill*         0x10009c61        0x3 
 .rodata.__func__.2
                0x10009c64        0xd CMakeFiles/myADC_PLL.dir/C_/Users/gene_/.pico-sdk/sdk/1.5.1/src/rp2_common/pico_runtime/runtime.c.obj
 .rodata._ftoa.str1.4
                0x10009c71       0x15 CMakeFiles/myADC_PLL.dir/C_/Users/gene_/.pico-sdk/sdk/1.5.1/src/rp2_common/pico_printf/printf.c.obj
 *fill*         0x10009c71        0x3 
 .rodata._vsnprintf
                0x10009c74      0x19c CMakeFiles/myADC_PLL.dir/C_/Users/gene_/.pico-sdk/sdk/1.5.1/src/rp2_common/pico_printf/printf.c.obj
 .rodata.pow10.0
                0x10009e10       0x50 CMakeFiles/myADC_PLL.dir/C_/Users/gene_/.pico-sdk/sdk/1.5.1/src/rp2_common/pico_printf/printf.c.obj
 .rodata.missing_double_func_shim.str1.4
                0x10009e60       0x18 CMakeFiles/myADC_PLL.dir/C_/Users/gene_/.pico-sdk/sdk/1.5.1/src/rp2_common/pico_double/double_init_rom.c.obj
 .rodata.__aeabi_double_init.str1.4
                0x10009e60       0xa4 CMakeFiles/myADC_PLL.dir/C_/Users/gene_/.pico-sdk/sdk/1.5.1/src/rp2_common/pico_double/double_init_rom.c.obj
 .rodata.__func__.0
                0x10009e60       0x14 CMakeFiles/myADC_PLL.dir/C_/Users/gene_/.pico-sdk/sdk/1.5.1/src/rp2_common/pico_double/double_init_rom.c.obj
 .rodata.missing_float_func_shim.str1.4
                0x10009e74        0x1 CMakeFiles/myADC_PLL.dir/C_/Users/gene_/.pico-sdk/sdk/1.5.1/src/rp2_common/pico_float/float_init_rom.c.obj
 .rodata.__aeabi_float_init.str1.4
                0x10009e74       0x82 CMakeFiles/myADC_PLL.dir/C_/Users/gene_/.pico-sdk/sdk/1.5.1/src/rp2_common/pico_float/float_init_rom.c.obj
 .rodata.__func__.0
                0x10009e74       0x13 CMakeFiles/myADC_PLL.dir/C_/Users/gene_/.pico-sdk/sdk/1.5.1/src/rp2_common/pico_float/float_init_rom.c.obj
 .rodata.str1.4