Archive member included to satisfy reference by file (symbol)

c:/progra~2/gnuarm~1/102021~1.10/bin/../lib/gcc/arm-none-eabi/10.3.1/../../../../arm-none-eabi/lib/thumb/v8-m.main+fp/softfp\libm.a(lib_a-wf_sqrt.o)
                              CMakeFiles/blink.dir/C_/Users/gene_/.pico-sdk/sdk/2.0.0/src/rp2_common/pico_float/float_math.c.obj (sqrtf)
c:/progra~2/gnuarm~1/102021~1.10/bin/../lib/gcc/arm-none-eabi/10.3.1/../../../../arm-none-eabi/lib/thumb/v8-m.main+fp/softfp\libm.a(lib_a-ef_sqrt.o)
                              c:/progra~2/gnuarm~1/102021~1.10/bin/../lib/gcc/arm-none-eabi/10.3.1/../../../../arm-none-eabi/lib/thumb/v8-m.main+fp/softfp\libm.a(lib_a-wf_sqrt.o) (__ieee754_sqrtf)
c:/progra~2/gnuarm~1/102021~1.10/bin/../lib/gcc/arm-none-eabi/10.3.1/thumb/v8-m.main+fp/softfp\libgcc.a(_arm_addsubdf3.o)
                              CMakeFiles/blink.dir/C_/Users/gene_/.pico-sdk/sdk/2.0.0/src/rp2_common/pico_float/float_math.c.obj (__aeabi_f2d)
c:/progra~2/gnuarm~1/102021~1.10/bin/../lib/gcc/arm-none-eabi/10.3.1/thumb/v8-m.main+fp/softfp\libgcc.a(_aeabi_ldivmod.o)
                              CMakeFiles/blink.dir/C_/Users/gene_/.pico-sdk/sdk/2.0.0/src/common/pico_time/time.c.obj (__aeabi_ldivmod)
c:/progra~2/gnuarm~1/102021~1.10/bin/../lib/gcc/arm-none-eabi/10.3.1/thumb/v8-m.main+fp/softfp\libgcc.a(_aeabi_uldivmod.o)
                              CMakeFiles/blink.dir/C_/Users/gene_/.pico-sdk/sdk/2.0.0/src/rp2_common/hardware_clocks/clocks.c.obj (__aeabi_uldivmod)
c:/progra~2/gnuarm~1/102021~1.10/bin/../lib/gcc/arm-none-eabi/10.3.1/thumb/v8-m.main+fp/softfp\libgcc.a(_udivmoddi4.o)
                              c:/progra~2/gnuarm~1/102021~1.10/bin/../lib/gcc/arm-none-eabi/10.3.1/thumb/v8-m.main+fp/softfp\libgcc.a(_aeabi_ldivmod.o) (__udivmoddi4)
c:/progra~2/gnuarm~1/102021~1.10/bin/../lib/gcc/arm-none-eabi/10.3.1/thumb/v8-m.main+fp/softfp\libgcc.a(_dvmd_tls.o)
                              c:/progra~2/gnuarm~1/102021~1.10/bin/../lib/gcc/arm-none-eabi/10.3.1/thumb/v8-m.main+fp/softfp\libgcc.a(_aeabi_ldivmod.o) (__aeabi_ldiv0)
c:/progra~2/gnuarm~1/102021~1.10/bin/../lib/gcc/arm-none-eabi/10.3.1/../../../../arm-none-eabi/lib/thumb/v8-m.main+fp/softfp\libg.a(lib_a-calloc.o)
                              CMakeFiles/blink.dir/C_/Users/gene_/.pico-sdk/sdk/2.0.0/src/rp2_common/pico_malloc/malloc.c.obj (calloc)
c:/progra~2/gnuarm~1/102021~1.10/bin/../lib/gcc/arm-none-eabi/10.3.1/../../../../arm-none-eabi/lib/thumb/v8-m.main+fp/softfp\libg.a(lib_a-callocr.o)
                              c:/progra~2/gnuarm~1/102021~1.10/bin/../lib/gcc/arm-none-eabi/10.3.1/../../../../arm-none-eabi/lib/thumb/v8-m.main+fp/softfp\libg.a(lib_a-calloc.o) (_calloc_r)
c:/progra~2/gnuarm~1/102021~1.10/bin/../lib/gcc/arm-none-eabi/10.3.1/../../../../arm-none-eabi/lib/thumb/v8-m.main+fp/softfp\libg.a(lib_a-ctype_.o)
                              CMakeFiles/blink.dir/C_/Users/gene_/.pico-sdk/sdk/2.0.0/lib/tinyusb/src/tusb.c.obj (_ctype_)
c:/progra~2/gnuarm~1/102021~1.10/bin/../lib/gcc/arm-none-eabi/10.3.1/../../../../arm-none-eabi/lib/thumb/v8-m.main+fp/softfp\libg.a(lib_a-errno.o)
                              c:/progra~2/gnuarm~1/102021~1.10/bin/../lib/gcc/arm-none-eabi/10.3.1/../../../../arm-none-eabi/lib/thumb/v8-m.main+fp/softfp\libm.a(lib_a-wf_sqrt.o) (__errno)
c:/progra~2/gnuarm~1/102021~1.10/bin/../lib/gcc/arm-none-eabi/10.3.1/../../../../arm-none-eabi/lib/thumb/v8-m.main+fp/softfp\libg.a(lib_a-impure.o)
                              c:/progra~2/gnuarm~1/102021~1.10/bin/../lib/gcc/arm-none-eabi/10.3.1/../../../../arm-none-eabi/lib/thumb/v8-m.main+fp/softfp\libg.a(lib_a-calloc.o) (_impure_ptr)
c:/progra~2/gnuarm~1/102021~1.10/bin/../lib/gcc/arm-none-eabi/10.3.1/../../../../arm-none-eabi/lib/thumb/v8-m.main+fp/softfp\libg.a(lib_a-init.o)
                              c:/progra~2/gnuarm~1/102021~1.10/bin/../lib/gcc/arm-none-eabi/10.3.1/../../../../arm-none-eabi/lib/thumb/v8-m.main+fp/softfp/crt0.o (__libc_init_array)
c:/progra~2/gnuarm~1/102021~1.10/bin/../lib/gcc/arm-none-eabi/10.3.1/../../../../arm-none-eabi/lib/thumb/v8-m.main+fp/softfp\libg.a(lib_a-malloc.o)
                              CMakeFiles/blink.dir/C_/Users/gene_/.pico-sdk/sdk/2.0.0/src/rp2_common/pico_malloc/malloc.c.obj (malloc)
c:/progra~2/gnuarm~1/102021~1.10/bin/../lib/gcc/arm-none-eabi/10.3.1/../../../../arm-none-eabi/lib/thumb/v8-m.main+fp/softfp\libg.a(lib_a-mallocr.o)
                              c:/progra~2/gnuarm~1/102021~1.10/bin/../lib/gcc/arm-none-eabi/10.3.1/../../../../arm-none-eabi/lib/thumb/v8-m.main+fp/softfp\libg.a(lib_a-callocr.o) (_malloc_r)
c:/progra~2/gnuarm~1/102021~1.10/bin/../lib/gcc/arm-none-eabi/10.3.1/../../../../arm-none-eabi/lib/thumb/v8-m.main+fp/softfp\libg.a(lib_a-memcmp.o)
                              CMakeFiles/blink.dir/C_/Users/gene_/.pico-sdk/sdk/2.0.0/src/rp2_common/pico_atomic/atomic.c.obj (memcmp)
[...]
Memory Configuration

Name             Origin             Length             Attributes
FLASH            0x10000000         0x00400000         xr
RAM              0x20000000         0x00080000         xrw
SCRATCH_X        0x20080000         0x00001000         xrw
SCRATCH_Y        0x20081000         0x00001000         xrw
*default*        0x00000000         0xffffffff

Linker script and memory map

LOAD c:/progra~2/gnuarm~1/102021~1.10/bin/../lib/gcc/arm-none-eabi/10.3.1/thumb/v8-m.main+fp/softfp/crti.o
LOAD c:/progra~2/gnuarm~1/102021~1.10/bin/../lib/gcc/arm-none-eabi/10.3.1/thumb/v8-m.main+fp/softfp/crtbegin.o
LOAD c:/progra~2/gnuarm~1/102021~1.10/bin/../lib/gcc/arm-none-eabi/10.3.1/../../../../arm-none-eabi/lib/thumb/v8-m.main+fp/softfp/crt0.o

.flash_begin    0x10000000        0x0
                0x10000000                __flash_binary_start = .

.text           0x10000000     0x2ad0
                0x10000000                __logical_binary_start = .
 *(.vectors)
 .vectors       0x10000000      0x124 CMakeFiles/blink.dir/C_/Users/gene_/.pico-sdk/sdk/2.0.0/src/rp2_common/pico_crt0/crt0.S.obj
                0x10000000                __VECTOR_TABLE
                0x10000000                __vectors
                0x10000110                __default_isrs_start
                0x10000110                isr_invalid
                0x10000112                isr_nmi
                0x10000114                isr_hardfault
                0x10000116                isr_svcall
                0x10000118                isr_pendsv
                0x1000011a                isr_systick
                0x1000011c                isr_irq31
                0x1000011c                isr_irq5
                0x1000011c                isr_irq11
                0x1000011c                isr_irq32
                0x1000011c                isr_irq23
                0x1000011c                isr_irq48
                0x1000011c                isr_irq35
                0x1000011c                isr_irq18
                0x1000011c                isr_irq50
                0x1000011c                isr_irq27
                0x1000011c                isr_irq40
                0x1000011c                isr_irq28
                0x1000011c                isr_irq19
                0x1000011c                isr_irq36
                0x1000011c                isr_irq41
                0x1000011c                isr_irq0
                0x1000011c                isr_irq6
                0x1000011c                isr_irq45
                0x1000011c                isr_irq12
                0x1000011c                isr_irq37
                0x1000011c                isr_irq42
                0x1000011c                isr_irq22
                0x1000011c                isr_irq43
                0x1000011c                isr_irq17
                0x1000011c                isr_irq38
                0x1000011c                isr_irq14
                0x1000011c                isr_irq13
                0x1000011c                isr_irq2
                0x1000011c                isr_irq10
                0x1000011c                isr_irq8
                0x1000011c                isr_irq24
                0x1000011c                isr_irq46
                0x1000011c                isr_irq1
                0x1000011c                isr_irq47
                0x1000011c                isr_irq51
                0x1000011c                isr_irq7
                0x1000011c                isr_irq21
                0x1000011c                isr_irq39
                0x1000011c                isr_irq20
                0x1000011c                isr_irq15
                0x1000011c                isr_irq25
                0x1000011c                isr_irq34
                0x1000011c                isr_irq49
                0x1000011c                __unhandled_user_irq
                0x1000011c                isr_irq4
                0x1000011c                isr_irq16
                0x1000011c                isr_irq44
                0x1000011c                isr_irq29
                0x1000011c                isr_irq26
                0x1000011c                __default_isrs_end
                0x1000011c                isr_irq33
                0x1000011c                isr_irq3
                0x1000011c                isr_irq30
                0x1000011c                isr_irq9
                0x10000122                unhandled_user_irq_num_in_r0
 *(.binary_info_header)
 .binary_info_header
                0x10000124       0x14 CMakeFiles/blink.dir/C_/Users/gene_/.pico-sdk/sdk/2.0.0/src/rp2_common/pico_crt0/crt0.S.obj
                0x10000138                __binary_info_header_end = .
 *(.embedded_block)
 .embedded_block
                0x10000138       0x14 CMakeFiles/blink.dir/C_/Users/gene_/.pico-sdk/sdk/2.0.0/src/rp2_common/pico_crt0/crt0.S.obj
                0x1000014c                __embedded_block_end = .
 *(.reset)
 .reset         0x1000014c       0xa0 CMakeFiles/blink.dir/C_/Users/gene_/.pico-sdk/sdk/2.0.0/src/rp2_common/pico_crt0/crt0.S.obj
                0x1000014c                _entry_point
 *(.init)
 .init          0x100001ec        0x4 c:/progra~2/gnuarm~1/102021~1.10/bin/../lib/gcc/arm-none-eabi/10.3.1/thumb/v8-m.main+fp/softfp/crti.o
                0x100001ec                _init
 *libgcc.a:cmse_nonsecure_call.o()
 *(EXCLUDE_FILE(*libm.a: *libc.a:*lib_a-mem*.o *libgcc.a:) .text*)
 .text          0x100001f0       0x40 c:/progra~2/gnuarm~1/102021~1.10/bin/../lib/gcc/arm-none-eabi/10.3.1/thumb/v8-m.main+fp/softfp/crtbegin.o
 .text.pico_led_init
                0x10000230       0x14 CMakeFiles/blink.dir/blink.c.obj
                0x10000230                pico_led_init
 .text.pico_set_led
                0x10000244        0x8 CMakeFiles/blink.dir/blink.c.obj
                0x10000244                pico_set_led
 .text.main     0x1000024c       0x3c CMakeFiles/blink.dir/blink.c.obj
                0x1000024c                main
 .text.gpio_set_function
                0x10000288       0x38 CMakeFiles/blink.dir/C_/Users/gene_/.pico-sdk/sdk/2.0.0/src/rp2_common/hardware_gpio/gpio.c.obj
                0x10000288                gpio_set_function
 .text.gpio_init
                0x100002c0       0x14 CMakeFiles/blink.dir/C_/Users/gene_/.pico-sdk/sdk/2.0.0/src/rp2_common/hardware_gpio/gpio.c.obj
                0x100002c0                gpio_init
 .text.panic    0x100002d4       0x30 CMakeFiles/blink.dir/C_/Users/gene_/.pico-sdk/sdk/2.0.0/src/rp2_common/pico_platform_panic/panic.c.obj
                0x100002d4                panic
 .text.hw_claim_lock
                0x10000304       0x24 CMakeFiles/blink.dir/C_/Users/gene_/.pico-sdk/sdk/2.0.0/src/common/hardware_claim/claim.c.obj
                0x10000304                hw_claim_lock
 .text.hw_claim_unlock
                0x10000328       0x14 CMakeFiles/blink.dir/C_/Users/gene_/.pico-sdk/sdk/2.0.0/src/common/hardware_claim/claim.c.obj
                0x10000328                hw_claim_unlock
 .text.hw_claim_or_assert
                0x1000033c       0x32 CMakeFiles/blink.dir/C_/Users/gene_/.pico-sdk/sdk/2.0.0/src/common/hardware_claim/claim.c.obj
                0x1000033c                hw_claim_or_assert
 *fill*         0x1000036e        0x2 
 .text.next_striped_spin_lock_num
                0x10000370       0x1c CMakeFiles/blink.dir/C_/Users/gene_/.pico-sdk/sdk/2.0.0/src/rp2_common/hardware_sync/sync.c.obj
                0x10000370                next_striped_spin_lock_num
 .text.spinlock_set_extexclall
                0x1000038c        0xe CMakeFiles/blink.dir/C_/Users/gene_/.pico-sdk/sdk/2.0.0/src/rp2_common/hardware_sync_spin_lock/sync_spin_lock.c.obj
 *fill*         0x1000039a        0x2 
 .text.spin_locks_reset
                0x1000039c       0x1c CMakeFiles/blink.dir/C_/Users/gene_/.pico-sdk/sdk/2.0.0/src/rp2_common/hardware_sync_spin_lock/sync_spin_lock.c.obj
                0x1000039c                spin_locks_reset
 .text.set_raw_irq_handler_and_unlock
                0x100003b8       0x24 CMakeFiles/blink.dir/C_/Users/gene_/.pico-sdk/sdk/2.0.0/src/rp2_common/hardware_irq/irq.c.obj
 .text.nvic_ipr0
                0x100003dc        0x8 CMakeFiles/blink.dir/C_/Users/gene_/.pico-sdk/sdk/2.0.0/src/rp2_common/hardware_irq/irq.c.obj
 .text.runtime_init_per_core_irq_priorities
                0x100003e4       0x1a CMakeFiles/blink.dir/C_/Users/gene_/.pico-sdk/sdk/2.0.0/src/rp2_common/hardware_irq/irq.c.obj
                0x100003e4                runtime_init_per_core_irq_priorities
 *fill*         0x100003fe        0x2 
 .text.irq_set_mask_n_enabled
                0x10000400       0x20 CMakeFiles/blink.dir/C_/Users/gene_/.pico-sdk/sdk/2.0.0/src/rp2_common/hardware_irq/irq.c.obj
                0x10000400                irq_set_mask_n_enabled
 .text.irq_set_enabled
                0x10000420       0x14 CMakeFiles/blink.dir/C_/Users/gene_/.pico-sdk/sdk/2.0.0/src/rp2_common/hardware_irq/irq.c.obj
                0x10000420                irq_set_enabled
 .text.irq_get_vtable_handler
                0x10000434       0x10 CMakeFiles/blink.dir/C_/Users/gene_/.pico-sdk/sdk/2.0.0/src/rp2_common/hardware_irq/irq.c.obj
                0x10000434                irq_get_vtable_handler
 .text.irq_set_exclusive_handler
                0x10000444       0x60 CMakeFiles/blink.dir/C_/Users/gene_/.pico-sdk/sdk/2.0.0/src/rp2_common/hardware_irq/irq.c.obj
                0x10000444                irq_set_exclusive_handler
 .text.lock_init
                0x100004a4        0xc CMakeFiles/blink.dir/C_/Users/gene_/.pico-sdk/sdk/2.0.0/src/common/pico_sync/lock_core.c.obj
                0x100004a4                lock_init
 .text.mutex_init
                0x100004b0       0x1a CMakeFiles/blink.dir/C_/Users/gene_/.pico-sdk/sdk/2.0.0/src/common/pico_sync/mutex.c.obj
                0x100004b0                mutex_init
 .text.recursive_mutex_init
                0x100004ca       0x1e CMakeFiles/blink.dir/C_/Users/gene_/.pico-sdk/sdk/2.0.0/src/common/pico_sync/mutex.c.obj
                0x100004ca                recursive_mutex_init
 .text.runtime_init_mutex
                0x100004e8       0x4c CMakeFiles/blink.dir/C_/Users/gene_/.pico-sdk/sdk/2.0.0/src/common/pico_sync/mutex.c.obj
                0x100004e8                runtime_init_mutex
 .text.make_alarm_id
                0x10000534        0x6 CMakeFiles/blink.dir/C_/Users/gene_/.pico-sdk/sdk/2.0.0/src/common/pico_time/time.c.obj
 *fill*         0x1000053a        0x2 
 .text.sleep_until_callback
                0x1000053c       0x3c CMakeFiles/blink.dir/C_/Users/gene_/.pico-sdk/sdk/2.0.0/src/common/pico_time/time.c.obj
 .text.alarm_pool_irq_handler
                0x10000578      0x2d0 CMakeFiles/blink.dir/C_/Users/gene_/.pico-sdk/sdk/2.0.0/src/common/pico_time/time.c.obj
 .text.alarm_pool_post_alloc_init
                0x10000848       0xa4 CMakeFiles/blink.dir/C_/Users/gene_/.pico-sdk/sdk/2.0.0/src/common/pico_time/time.c.obj
 .text.alarm_pool_get_default
                0x100008ec       0x28 CMakeFiles/blink.dir/C_/Users/gene_/.pico-sdk/sdk/2.0.0/src/common/pico_time/time.c.obj
                0x100008ec                alarm_pool_get_default
 .text.alarm_pool_add_alarm_at_force_in_context
                0x10000914       0xba CMakeFiles/blink.dir/C_/Users/gene_/.pico-sdk/sdk/2.0.0/src/common/pico_time/time.c.obj
                0x10000914                alarm_pool_add_alarm_at_force_in_context
 .text.alarm_pool_add_alarm_at
                0x100009ce       0x38 CMakeFiles/blink.dir/C_/Users/gene_/.pico-sdk/sdk/2.0.0/src/common/pico_time/time.c.obj
                0x100009ce                alarm_pool_add_alarm_at
 .text.alarm_pool_cancel_alarm
                0x10000a06       0x72 CMakeFiles/blink.dir/C_/Users/gene_/.pico-sdk/sdk/2.0.0/src/common/pico_time/time.c.obj
                0x10000a06                alarm_pool_cancel_alarm
 .text.sleep_until
                0x10000a78       0xcc CMakeFiles/blink.dir/C_/Users/gene_/.pico-sdk/sdk/2.0.0/src/common/pico_time/time.c.obj
                0x10000a78                sleep_until
 .text.sleep_us
                0x10000b44       0x24 CMakeFiles/blink.dir/C_/Users/gene_/.pico-sdk/sdk/2.0.0/src/common/pico_time/time.c.obj
                0x10000b44                sleep_us
 .text.sleep_ms
                0x10000b68       0x28 CMakeFiles/blink.dir/C_/Users/gene_/.pico-sdk/sdk/2.0.0/src/common/pico_time/time.c.obj
                0x10000b68                sleep_ms
 .text.best_effort_wfe_or_timeout
                0x10000b90       0xd4 CMakeFiles/blink.dir/C_/Users/gene_/.pico-sdk/sdk/2.0.0/src/common/pico_time/time.c.obj
                0x10000b90                best_effort_wfe_or_timeout
 .text.alarm_pool_get_default_timer
                0x10000c64        0x8 CMakeFiles/blink.dir/C_/Users/gene_/.pico-sdk/sdk/2.0.0/src/common/pico_time/time.c.obj
                0x10000c64                alarm_pool_get_default_timer
 .text.runtime_init_default_alarm_pool
                0x10000c6c       0x34 CMakeFiles/blink.dir/C_/Users/gene_/.pico-sdk/sdk/2.0.0/src/common/pico_time/time.c.obj
                0x10000c6c                runtime_init_default_alarm_pool
 .text.timer_hardware_alarm_claim
                0x10000ca0       0x24 CMakeFiles/blink.dir/C_/Users/gene_/.pico-sdk/sdk/2.0.0/src/rp2_common/hardware_timer/timer.c.obj
                0x10000ca0                timer_hardware_alarm_claim
 .text.timer_time_us_64
                0x10000cc4       0x10 CMakeFiles/blink.dir/C_/Users/gene_/.pico-sdk/sdk/2.0.0/src/rp2_common/hardware_timer/timer.c.obj
                0x10000cc4                timer_time_us_64
 .text.timer_busy_wait_until
                0x10000cd4       0x1a CMakeFiles/blink.dir/C_/Users/gene_/.pico-sdk/sdk/2.0.0/src/rp2_common/hardware_timer/timer.c.obj
                0x10000cd4                timer_busy_wait_until
 *fill*         0x10000cee        0x2 
 .text.time_us_64
                0x10000cf0       0x10 CMakeFiles/blink.dir/C_/Users/gene_/.pico-sdk/sdk/2.0.0/src/rp2_common/hardware_timer/timer.c.obj
                0x10000cf0                time_us_64
 .text.busy_wait_until
                0x10000d00       0x14 CMakeFiles/blink.dir/C_/Users/gene_/.pico-sdk/sdk/2.0.0/src/rp2_common/hardware_timer/timer.c.obj
                0x10000d00                busy_wait_until
 .text.clock_configure_internal
                0x10000d14       0xb4 CMakeFiles/blink.dir/C_/Users/gene_/.pico-sdk/sdk/2.0.0/src/rp2_common/hardware_clocks/clocks.c.obj
 .text.clock_configure_undivided
                0x10000dc8       0x12 CMakeFiles/blink.dir/C_/Users/gene_/.pico-sdk/sdk/2.0.0/src/rp2_common/hardware_clocks/clocks.c.obj
                0x10000dc8                clock_configure_undivided
 *fill*         0x10000dda        0x2 
 .text.clock_get_hz
                0x10000ddc        0xc CMakeFiles/blink.dir/C_/Users/gene_/.pico-sdk/sdk/2.0.0/src/rp2_common/hardware_clocks/clocks.c.obj
                0x10000ddc                clock_get_hz
 .text.pll_init
                0x10000de8      0x108 CMakeFiles/blink.dir/C_/Users/gene_/.pico-sdk/sdk/2.0.0/src/rp2_common/hardware_pll/pll.c.obj
                0x10000de8                pll_init
 .text.tick_start
                0x10000ef0       0x1c CMakeFiles/blink.dir/C_/Users/gene_/.pico-sdk/sdk/2.0.0/src/rp2_common/hardware_ticks/ticks.c.obj
                0x10000ef0                tick_start
 .text.xosc_init
                0x10000f0c       0x28 CMakeFiles/blink.dir/C_/Users/gene_/.pico-sdk/sdk/2.0.0/src/rp2_common/hardware_xosc/xosc.c.obj
                0x10000f0c                xosc_init
 .text.runtime_run_initializers_from
                0x10000f34       0x18 CMakeFiles/blink.dir/C_/Users/gene_/.pico-sdk/sdk/2.0.0/src/rp2_common/pico_runtime/runtime.c.obj
 .text.first_per_core_initializer
                0x10000f4c        0x2 CMakeFiles/blink.dir/C_/Users/gene_/.pico-sdk/sdk/2.0.0/src/rp2_common/pico_runtime/runtime.c.obj
 *fill*         0x10000f4e        0x2 
 .text.runtime_run_initializers
                0x10000f50       0x10 CMakeFiles/blink.dir/C_/Users/gene_/.pico-sdk/sdk/2.0.0/src/rp2_common/pico_runtime/runtime.c.obj
                0x10000f50                runtime_run_initializers
 .text.runtime_init_early_resets
                0x10000f60       0x2c CMakeFiles/blink.dir/C_/Users/gene_/.pico-sdk/sdk/2.0.0/src/rp2_common/pico_runtime_init/runtime_init.c.obj
                0x10000f60                runtime_init_early_resets
 .text.runtime_init_usb_power_down
                0x10000f8c       0x20 CMakeFiles/blink.dir/C_/Users/gene_/.pico-sdk/sdk/2.0.0/src/rp2_common/pico_runtime_init/runtime_init.c.obj
                0x10000f8c                runtime_init_usb_power_down
 .text.runtime_init_per_core_enable_coprocessors
                0x10000fac       0x1c CMakeFiles/blink.dir/C_/Users/gene_/.pico-sdk/sdk/2.0.0/src/rp2_common/pico_runtime_init/runtime_init.c.obj
                0x10000fac                runtime_init_per_core_enable_coprocessors
 .text.runtime_init_post_clock_resets
                0x10000fc8       0x20 CMakeFiles/blink.dir/C_/Users/gene_/.pico-sdk/sdk/2.0.0/src/rp2_common/pico_runtime_init/runtime_init.c.obj
                0x10000fc8                runtime_init_post_clock_resets
 .text.runtime_init_bootrom_reset
                0x10000fe8       0x12 CMakeFiles/blink.dir/C_/Users/gene_/.pico-sdk/sdk/2.0.0/src/rp2_common/pico_runtime_init/runtime_init.c.obj
                0x10000fe8                runtime_init_bootrom_reset
 .text.runtime_init_per_core_bootrom_reset
                0x10000ffa       0x12 CMakeFiles/blink.dir/C_/Users/gene_/.pico-sdk/sdk/2.0.0/src/rp2_common/pico_runtime_init/runtime_init.c.obj
                0x10000ffa                runtime_init_per_core_bootrom_reset
 .text.runtime_init_spin_locks_reset
                0x1000100c        0x8 CMakeFiles/blink.dir/C_/Users/gene_/.pico-sdk/sdk/2.0.0/src/rp2_common/pico_runtime_init/runtime_init.c.obj
                0x1000100c                runtime_init_spin_locks_reset
 .text.runtime_init_install_ram_vector_table
                0x10001014       0x20 CMakeFiles/blink.dir/C_/Users/gene_/.pico-sdk/sdk/2.0.0/src/rp2_common/pico_runtime_init/runtime_init.c.obj
                0x10001014                runtime_init_install_ram_vector_table
 .text.start_all_ticks
                0x10001034       0x28 CMakeFiles/blink.dir/C_/Users/gene_/.pico-sdk/sdk/2.0.0/src/rp2_common/pico_runtime_init/runtime_init_clocks.c.obj
 .text.runtime_init_clocks
                0x1000105c       0xc4 CMakeFiles/blink.dir/C_/Users/gene_/.pico-sdk/sdk/2.0.0/src/rp2_common/pico_runtime_init/runtime_init_clocks.c.obj
                0x1000105c                runtime_init_clocks
 .text.rom_func_lookup
                0x10001120       0x2c CMakeFiles/blink.dir/C_/Users/gene_/.pico-sdk/sdk/2.0.0/src/rp2_common/pico_bootrom/bootrom.c.obj
                0x10001120                rom_func_lookup
 .text.runtime_init_bootrom_locking_enable
                0x1000114c       0x14 CMakeFiles/blink.dir/C_/Users/gene_/.pico-sdk/sdk/2.0.0/src/rp2_common/pico_bootrom/bootrom_lock.c.obj
                0x1000114c                runtime_init_bootrom_locking_enable
 .text.boot_locks_reset
                0x10001160       0x20 CMakeFiles/blink.dir/C_/Users/gene_/.pico-sdk/sdk/2.0.0/src/rp2_common/hardware_boot_lock/boot_lock.c.obj
                0x10001160                boot_locks_reset
 .text.runtime_init_boot_locks_reset
                0x10001180        0x8 CMakeFiles/blink.dir/C_/Users/gene_/.pico-sdk/sdk/2.0.0/src/rp2_common/hardware_boot_lock/boot_lock.c.obj
                0x10001180                runtime_init_boot_locks_reset
 .text.__rp2350_dcp_engaged_state_save_restore
                0x10001188       0x3a CMakeFiles/blink.dir/C_/Users/gene_/.pico-sdk/sdk/2.0.0/src/rp2_common/pico_double/double_aeabi_dcp.S.obj
 *fill*         0x100011c2        0x2 
 .text.__wrap___aeabi_dadd
                0x100011c4       0x28 CMakeFiles/blink.dir/C_/Users/gene_/.pico-sdk/sdk/2.0.0/src/rp2_common/pico_double/double_aeabi_dcp.S.obj
                0x100011cc                __wrap___aeabi_dadd
 .text.__wrap___aeabi_dsub
                0x100011ec       0x28 CMakeFiles/blink.dir/C_/Users/gene_/.pico-sdk/sdk/2.0.0/src/rp2_common/pico_double/double_aeabi_dcp.S.obj
                0x100011f4                __wrap___aeabi_dsub
 .text.__wrap___aeabi_dmul
                0x10001214       0x4c CMakeFiles/blink.dir/C_/Users/gene_/.pico-sdk/sdk/2.0.0/src/rp2_common/pico_double/double_aeabi_dcp.S.obj
                0x1000121c                __wrap___aeabi_dmul
 .text.__wrap___aeabi_ddiv
                0x10001260       0x9c CMakeFiles/blink.dir/C_/Users/gene_/.pico-sdk/sdk/2.0.0/src/rp2_common/pico_double/double_aeabi_dcp.S.obj
                0x10001268                __wrap___aeabi_ddiv
 .text.__wrap___aeabi_i2d
                0x100012fc       0x24 CMakeFiles/blink.dir/C_/Users/gene_/.pico-sdk/sdk/2.0.0/src/rp2_common/pico_double/double_aeabi_dcp.S.obj
                0x10001304                __wrap___aeabi_i2d
 .text.__wrap___aeabi_ui2d
                0x10001320       0x24 CMakeFiles/blink.dir/C_/Users/gene_/.pico-sdk/sdk/2.0.0/src/rp2_common/pico_double/double_aeabi_dcp.S.obj
                0x10001328                __wrap___aeabi_ui2d
 .text.__wrap___aeabi_d2iz
                0x10001344       0x24 CMakeFiles/blink.dir/C_/Users/gene_/.pico-sdk/sdk/2.0.0/src/rp2_common/pico_double/double_aeabi_dcp.S.obj
                0x1000134c                __wrap___aeabi_d2iz
 .text.__wrap___aeabi_d2uiz
                0x10001368       0x24 CMakeFiles/blink.dir/C_/Users/gene_/.pico-sdk/sdk/2.0.0/src/rp2_common/pico_double/double_aeabi_dcp.S.obj
                0x10001370                __wrap___aeabi_d2uiz
 .text.__wrap___aeabi_dcmpun
                0x1000138c       0x24 CMakeFiles/blink.dir/C_/Users/gene_/.pico-sdk/sdk/2.0.0/src/rp2_common/pico_double/double_aeabi_dcp.S.obj
                0x10001394                __wrap___aeabi_dcmpun
 .text.__wrap___aeabi_dcmplt
                0x100013b0       0x28 CMakeFiles/blink.dir/C_/Users/gene_/.pico-sdk/sdk/2.0.0/src/rp2_common/pico_double/double_aeabi_dcp.S.obj
                0x100013b8                __wrap___aeabi_dcmplt
 .text.__wrap___aeabi_dcmple
                0x100013d8       0x28 CMakeFiles/blink.dir/C_/Users/gene_/.pico-sdk/sdk/2.0.0/src/rp2_common/pico_double/double_aeabi_dcp.S.obj
                0x100013e0                __wrap___aeabi_dcmple
 .text.__wrap___aeabi_dcmpge
                0x10001400       0x28 CMakeFiles/blink.dir/C_/Users/gene_/.pico-sdk/sdk/2.0.0/src/rp2_common/pico_double/double_aeabi_dcp.S.obj
                0x10001408                __wrap___aeabi_dcmpge
 .text.__wrap___aeabi_dcmpgt
                0x10001428       0x28 CMakeFiles/blink.dir/C_/Users/gene_/.pico-sdk/sdk/2.0.0/src/rp2_common/pico_double/double_aeabi_dcp.S.obj
                0x10001430                __wrap___aeabi_dcmpgt
 .text._out_null
                0x10001450        0x2 CMakeFiles/blink.dir/C_/Users/gene_/.pico-sdk/sdk/2.0.0/src/rp2_common/pico_printf/printf.c.obj
 .text._out_fct
                0x10001452        0xe CMakeFiles/blink.dir/C_/Users/gene_/.pico-sdk/sdk/2.0.0/src/rp2_common/pico_printf/printf.c.obj
 .text._atoi    0x10001460       0x24 CMakeFiles/blink.dir/C_/Users/gene_/.pico-sdk/sdk/2.0.0/src/rp2_common/pico_printf/printf.c.obj
 .text._out_rev
                0x10001484       0x7e CMakeFiles/blink.dir/C_/Users/gene_/.pico-sdk/sdk/2.0.0/src/rp2_common/pico_printf/printf.c.obj
 .text._ntoa_format
                0x10001502      0x138 CMakeFiles/blink.dir/C_/Users/gene_/.pico-sdk/sdk/2.0.0/src/rp2_common/pico_printf/printf.c.obj
 .text._ntoa_long
                0x1000163a       0x94 CMakeFiles/blink.dir/C_/Users/gene_/.pico-sdk/sdk/2.0.0/src/rp2_common/pico_printf/printf.c.obj
 .text._ntoa_long_long
                0x100016ce       0xc6 CMakeFiles/blink.dir/C_/Users/gene_/.pico-sdk/sdk/2.0.0/src/rp2_common/pico_printf/printf.c.obj
 *fill*         0x10001794        0x4 
 .text._etoa    0x10001798      0x41c CMakeFiles/blink.dir/C_/Users/gene_/.pico-sdk/sdk/2.0.0/src/rp2_common/pico_printf/printf.c.obj
 *fill*         0x10001bb4        0x4 
 .text._ftoa    0x10001bb8      0x398 CMakeFiles/blink.dir/C_/Users/gene_/.pico-sdk/sdk/2.0.0/src/rp2_common/pico_printf/printf.c.obj
 .text._vsnprintf
                0x10001f50      0x680 CMakeFiles/blink.dir/C_/Users/gene_/.pico-sdk/sdk/2.0.0/src/rp2_common/pico_printf/printf.c.obj
 .text.vfctprintf
                0x100025d0       0x24 CMakeFiles/blink.dir/C_/Users/gene_/.pico-sdk/sdk/2.0.0/src/rp2_common/pico_printf/printf.c.obj
                0x100025d0                vfctprintf
 .text._exit    0x100025f4        0x4 CMakeFiles/blink.dir/C_/Users/gene_/.pico-sdk/sdk/2.0.0/src/rp2_common/pico_clib_interface/newlib_interface.c.obj
                0x100025f4                _exit
 .text.exit     0x100025f8        0x6 CMakeFiles/blink.dir/C_/Users/gene_/.pico-sdk/sdk/2.0.0/src/rp2_common/pico_clib_interface/newlib_interface.c.obj
                0x100025f8                exit
 *fill*         0x100025fe        0x2 
 .text.__assert_func
                0x10002600       0x38 CMakeFiles/blink.dir/C_/Users/gene_/.pico-sdk/sdk/2.0.0/src/rp2_common/pico_clib_interface/newlib_interface.c.obj
                0x10002600                __assert_func
 .text.runtime_init
                0x10002638       0x2c CMakeFiles/blink.dir/C_/Users/gene_/.pico-sdk/sdk/2.0.0/src/rp2_common/pico_clib_interface/newlib_interface.c.obj
                0x10002638                runtime_init
 .text.stdio_out_chars_no_crlf
                0x10002664        0xe CMakeFiles/blink.dir/C_/Users/gene_/.pico-sdk/sdk/2.0.0/src/rp2_common/pico_stdio/stdio.c.obj
 *fill*         0x10002672        0x2 
 .text.stdio_out_chars_crlf
                0x10002674       0x80 CMakeFiles/blink.dir/C_/Users/gene_/.pico-sdk/sdk/2.0.0/src/rp2_common/pico_stdio/stdio.c.obj
 .text.stdio_stack_buffer_flush
                0x100026f4       0x40 CMakeFiles/blink.dir/C_/Users/gene_/.pico-sdk/sdk/2.0.0/src/rp2_common/pico_stdio/stdio.c.obj
 .text.stdio_buffered_printer
                0x10002734       0x20 CMakeFiles/blink.dir/C_/Users/gene_/.pico-sdk/sdk/2.0.0/src/rp2_common/pico_stdio/stdio.c.obj
 .text.stdout_serialize_begin
                0x10002754       0x2c CMakeFiles/blink.dir/C_/Users/gene_/.pico-sdk/sdk/2.0.0/src/rp2_common/pico_stdio/stdio.c.obj
                0x10002754                stdout_serialize_begin
 .text.stdout_serialize_end
                0x10002780       0x10 CMakeFiles/blink.dir/C_/Users/gene_/.pico-sdk/sdk/2.0.0/src/rp2_common/pico_stdio/stdio.c.obj
                0x10002780                stdout_serialize_end
 .text.stdio_put_string
                0x10002790       0x8c CMakeFiles/blink.dir/C_/Users/gene_/.pico-sdk/sdk/2.0.0/src/rp2_common/pico_stdio/stdio.c.obj
                0x10002790                stdio_put_string
 .text.stdio_flush
                0x1000281c       0x1c CMakeFiles/blink.dir/C_/Users/gene_/.pico-sdk/sdk/2.0.0/src/rp2_common/pico_stdio/stdio.c.obj
                0x1000281c                stdio_flush
 .text.__wrap_puts
                0x10002838       0x1e CMakeFiles/blink.dir/C_/Users/gene_/.pico-sdk/sdk/2.0.0/src/rp2_common/pico_stdio/stdio.c.obj
                0x10002838                stdio_puts
                0x10002838                __wrap_puts
 *fill*         0x10002856        0x2 
 .text.__wrap_vprintf
                0x10002858       0x3c CMakeFiles/blink.dir/C_/Users/gene_/.pico-sdk/sdk/2.0.0/src/rp2_common/pico_stdio/stdio.c.obj
                0x10002858                stdio_vprintf
                0x10002858                __wrap_vprintf
 .text.__wrap_printf
                0x10002894       0x1c CMakeFiles/blink.dir/C_/Users/gene_/.pico-sdk/sdk/2.0.0/src/rp2_common/pico_stdio/stdio.c.obj
                0x10002894                __wrap_printf
                0x10002894                stdio_printf
 .text._retrieve_unique_id_on_boot
                0x100028b0       0x58 CMakeFiles/blink.dir/C_/Users/gene_/.pico-sdk/sdk/2.0.0/src/rp2_common/pico_unique_id/unique_id.c.obj
 .text          0x10002908       0xec c:/progra~2/gnuarm~1/102021~1.10/bin/../lib/gcc/arm-none-eabi/10.3.1/../../../../arm-none-eabi/lib/thumb/v8-m.main+fp/softfp\libg.a(lib_a-memcpy.o)
                0x10002908                memcpy
 .text.strlen   0x100029f4       0x5c c:/progra~2/gnuarm~1/102021~1.10/bin/../lib/gcc/arm-none-eabi/10.3.1/../../../../arm-none-eabi/lib/thumb/v8-m.main+fp/softfp\libg.a(lib_a-strlen-stub.o)
                0x100029f4                strlen
 *(.fini)
 .fini          0x10002a50        0x4 c:/progra~2/gnuarm~1/102021~1.10/bin/../lib/gcc/arm-none-eabi/10.3.1/thumb/v8-m.main+fp/softfp/crti.o
                0x10002a50                _fini
 *fill*         0x10002a54        0x4 
 .fini.__stub   0x10002a58       0x30 linker stubs
 *crtbegin.o(.ctors)
 *crtbegin?.o(.ctors)
 *(EXCLUDE_FILE(*crtend.o *crtend?.o) .ctors)
 *(SORT_BY_NAME(.ctors.*))
 *(.ctors)
 *crtbegin.o(.dtors)
 *crtbegin?.o(.dtors)
 *(EXCLUDE_FILE(*crtend.o *crtend?.o) .dtors)
 *(SORT_BY_NAME(.dtors.*))
 *(.dtors)
                0x10002a88                . = ALIGN (0x4)
                0x10002a88                PROVIDE (__preinit_array_start = .)
 *(SORT_BY_NAME(.preinit_array.*))
 .preinit_array.00050
                0x10002a88        0x4 CMakeFiles/blink.dir/C_/Users/gene_/.pico-sdk/sdk/2.0.0/src/rp2_common/pico_runtime_init/runtime_init.c.obj
                0x10002a88                __pre_init_runtime_init_bootrom_reset
 .preinit_array.00100
                0x10002a8c        0x4 CMakeFiles/blink.dir/C_/Users/gene_/.pico-sdk/sdk/2.0.0/src/rp2_common/pico_runtime_init/runtime_init.c.obj
                0x10002a8c                __pre_init_runtime_init_early_resets
 .preinit_array.00101
                0x10002a90        0x4 CMakeFiles/blink.dir/C_/Users/gene_/.pico-sdk/sdk/2.0.0/src/rp2_common/pico_runtime_init/runtime_init.c.obj
                0x10002a90                __pre_init_runtime_init_usb_power_down
 .preinit_array.00500
                0x10002a94        0x4 CMakeFiles/blink.dir/C_/Users/gene_/.pico-sdk/sdk/2.0.0/src/rp2_common/pico_runtime_init/runtime_init.c.obj
                0x10002a94                __pre_init_runtime_init_clocks
 .preinit_array.00600
                0x10002a98        0x4 CMakeFiles/blink.dir/C_/Users/gene_/.pico-sdk/sdk/2.0.0/src/rp2_common/pico_runtime_init/runtime_init.c.obj
                0x10002a98                __pre_init_runtime_init_post_clock_resets
 .preinit_array.01000
                0x10002a9c        0x4 CMakeFiles/blink.dir/C_/Users/gene_/.pico-sdk/sdk/2.0.0/src/rp2_common/pico_runtime_init/runtime_init.c.obj
                0x10002a9c                __pre_init_runtime_init_spin_locks_reset
 .preinit_array.01000
                0x10002aa0        0x4 CMakeFiles/blink.dir/C_/Users/gene_/.pico-sdk/sdk/2.0.0/src/rp2_common/hardware_boot_lock/boot_lock.c.obj
                0x10002aa0                __pre_init_runtime_init_boot_locks_reset
 .preinit_array.01010
                0x10002aa4        0x4 CMakeFiles/blink.dir/C_/Users/gene_/.pico-sdk/sdk/2.0.0/src/rp2_common/pico_bootrom/bootrom_lock.c.obj
                0x10002aa4                __pre_init_runtime_init_bootrom_locking_enable
 .preinit_array.01100
                0x10002aa8        0x4 CMakeFiles/blink.dir/C_/Users/gene_/.pico-sdk/sdk/2.0.0/src/common/pico_sync/mutex.c.obj
                0x10002aa8                __pre_init_runtime_init_mutex
 .preinit_array.10080
                0x10002aac        0x4 CMakeFiles/blink.dir/C_/Users/gene_/.pico-sdk/sdk/2.0.0/src/rp2_common/pico_runtime_init/runtime_init.c.obj
                0x10002aac                __pre_init_runtime_init_install_ram_vector_table
 .preinit_array.11000
                0x10002ab0        0x4 CMakeFiles/blink.dir/C_/Users/gene_/.pico-sdk/sdk/2.0.0/src/common/pico_time/time.c.obj
                0x10002ab0                __pre_init_runtime_init_default_alarm_pool
 .preinit_array.YYYYY
                0x10002ab4        0x4 CMakeFiles/blink.dir/C_/Users/gene_/.pico-sdk/sdk/2.0.0/src/rp2_common/pico_runtime/runtime.c.obj
                0x10002ab4                __pre_init_first_per_core_initializer
 .preinit_array.ZZZZZ.00051
                0x10002ab8        0x4 CMakeFiles/blink.dir/C_/Users/gene_/.pico-sdk/sdk/2.0.0/src/rp2_common/pico_runtime_init/runtime_init.c.obj
                0x10002ab8                __pre_init_runtime_init_per_core_bootrom_reset
 .preinit_array.ZZZZZ.00200
                0x10002abc        0x4 CMakeFiles/blink.dir/C_/Users/gene_/.pico-sdk/sdk/2.0.0/src/rp2_common/pico_runtime_init/runtime_init.c.obj
                0x10002abc                __pre_init_runtime_init_per_core_enable_coprocessors
 .preinit_array.ZZZZZ.01000
                0x10002ac0        0x4 CMakeFiles/blink.dir/C_/Users/gene_/.pico-sdk/sdk/2.0.0/src/rp2_common/hardware_sync_spin_lock/sync_spin_lock.c.obj
                0x10002ac0                __pre_init_spinlock_set_extexclall
 .preinit_array.ZZZZZ.01200
                0x10002ac4        0x4 CMakeFiles/blink.dir/C_/Users/gene_/.pico-sdk/sdk/2.0.0/src/rp2_common/hardware_irq/irq.c.obj
                0x10002ac4                __pre_init_runtime_init_per_core_irq_priorities
 *(.preinit_array)
                0x10002ac8                PROVIDE (__preinit_array_end = .)
                0x10002ac8                . = ALIGN (0x4)
                0x10002ac8                PROVIDE (__init_array_start = .)
 *(SORT_BY_NAME(.init_array.*))
 *(.init_array)
 .init_array    0x10002ac8        0x4 c:/progra~2/gnuarm~1/102021~1.10/bin/../lib/gcc/arm-none-eabi/10.3.1/thumb/v8-m.main+fp/softfp/crtbegin.o
 .init_array    0x10002acc        0x4 CMakeFiles/blink.dir/C_/Users/gene_/.pico-sdk/sdk/2.0.0/src/rp2_common/pico_unique_id/unique_id.c.obj
                0x10002ad0                PROVIDE (__init_array_end = .)
                0x10002ad0                . = ALIGN (0x4)
                [!provide]                PROVIDE (__fini_array_start = .)
 *(SORT_BY_NAME(.fini_array.*))
 *(.fini_array)
                [!provide]                PROVIDE (__fini_array_end = .)
 *(.eh_frame*)
 .eh_frame      0x10002ad0        0x0 c:/progra~2/gnuarm~1/102021~1.10/bin/../lib/gcc/arm-none-eabi/10.3.1/thumb/v8-m.main+fp/softfp/crtbegin.o
                0x10002ad0                . = ALIGN (0x4)

.glue_7         0x10002ad0        0x0
 .glue_7        0x10002ad0        0x0 linker stubs

.glue_7t        0x10002ad0        0x0
 .glue_7t       0x10002ad0        0x0 linker stubs

.vfp11_veneer   0x10002ad0        0x0
 .vfp11_veneer  0x10002ad0        0x0 linker stubs

.v4_bx          0x10002ad0        0x0
 .v4_bx         0x10002ad0        0x0 linker stubs

.iplt           0x10002ad0        0x0
 .iplt          0x10002ad0        0x0 c:/progra~2/gnuarm~1/102021~1.10/bin/../lib/gcc/arm-none-eabi/10.3.1/thumb/v8-m.main+fp/softfp/crtbegin.o

.boot2          0x10002ad0        0x0
                0x10002ad0                __boot2_start__ = .
 *(.boot2)
                0x10002ad0                __boot2_end__ = .
                0x00000001                ASSERT (((__boot2_end__ - __boot2_start__) <= 0x100), ERROR: Pico second stage bootloader must be no more than 256 bytes in size)

.rodata         0x10002ad0      0x610
 *(EXCLUDE_FILE(*libm.a: *libc.a:*lib_a-mem*.o *libgcc.a:) .rodata*)
 .rodata.main.str1.4
                0x10002ad0       0x48 CMakeFiles/blink.dir/blink.c.obj
 .rodata.__func__.0
                0x10002b18        0x5 CMakeFiles/blink.dir/blink.c.obj
 *fill*         0x10002b1d        0x3 
 .rodata.panic.str1.4
                0x10002b20       0x12 CMakeFiles/blink.dir/C_/Users/gene_/.pico-sdk/sdk/2.0.0/src/rp2_common/pico_platform_panic/panic.c.obj
 *fill*         0x10002b32        0x2 
 .rodata.make_j_16.str1.4
                0x10002b34       0x75 CMakeFiles/blink.dir/C_/Users/gene_/.pico-sdk/sdk/2.0.0/src/rp2_common/hardware_irq/irq.c.obj
 *fill*         0x10002ba9        0x3 
 .rodata.irq_set_exclusive_handler.str1.4
                0x10002bac       0x36 CMakeFiles/blink.dir/C_/Users/gene_/.pico-sdk/sdk/2.0.0/src/rp2_common/hardware_irq/irq.c.obj
 *fill*         0x10002be2        0x2 
 .rodata.__func__.6
                0x10002be4       0x1a CMakeFiles/blink.dir/C_/Users/gene_/.pico-sdk/sdk/2.0.0/src/rp2_common/hardware_irq/irq.c.obj
 *fill*         0x10002bfe        0x2 
 .rodata.runtime_init_mutex.str1.4
                0x10002c00       0x60 CMakeFiles/blink.dir/C_/Users/gene_/.pico-sdk/sdk/2.0.0/src/common/pico_sync/mutex.c.obj
 .rodata.str1.4
                0x10002c60       0x51 CMakeFiles/blink.dir/C_/Users/gene_/.pico-sdk/sdk/2.0.0/src/common/pico_sync/mutex.c.obj
 *fill*         0x10002cb1        0x3 
 .rodata.__func__.1
                0x10002cb4        0xb CMakeFiles/blink.dir/C_/Users/gene_/.pico-sdk/sdk/2.0.0/src/common/pico_sync/mutex.c.obj
 *fill*         0x10002cbf        0x1 
 .rodata.__func__.3
                0x10002cc0       0x18 CMakeFiles/blink.dir/C_/Users/gene_/.pico-sdk/sdk/2.0.0/src/common/pico_sync/mutex.c.obj
 .rodata.__func__.6
                0x10002cd8       0x13 CMakeFiles/blink.dir/C_/Users/gene_/.pico-sdk/sdk/2.0.0/src/common/pico_sync/mutex.c.obj
 *fill*         0x10002ceb        0x1 
 .rodata.alarm_pool_irq_handler.str1.4
                0x10002cec       0x6b CMakeFiles/blink.dir/C_/Users/gene_/.pico-sdk/sdk/2.0.0/src/common/pico_time/time.c.obj
 *fill*         0x10002d57        0x1 
 .rodata.alarm_pool_get_default.str1.4
                0x10002d58       0x21 CMakeFiles/blink.dir/C_/Users/gene_/.pico-sdk/sdk/2.0.0/src/common/pico_time/time.c.obj
 *fill*         0x10002d79        0x3 
 .rodata.sleep_until.str1.4
                0x10002d7c       0x4d CMakeFiles/blink.dir/C_/Users/gene_/.pico-sdk/sdk/2.0.0/src/common/pico_time/time.c.obj
 *fill*         0x10002dc9        0x3 
 .rodata.__func__.1
                0x10002dcc       0x17 CMakeFiles/blink.dir/C_/Users/gene_/.pico-sdk/sdk/2.0.0/src/common/pico_time/time.c.obj
 *fill*         0x10002de3        0x1 
 .rodata.__func__.2
                0x10002de4       0x17 CMakeFiles/blink.dir/C_/Users/gene_/.pico-sdk/sdk/2.0.0/src/common/pico_time/time.c.obj
 *fill*         0x10002dfb        0x1 
 .rodata.timer_hardware_alarm_claim.str1.4
                0x10002dfc       0x22 CMakeFiles/blink.dir/C_/Users/gene_/.pico-sdk/sdk/2.0.0/src/rp2_common/hardware_timer/timer.c.obj
 *fill*         0x10002e1e        0x2 
 .rodata.pll_init.str1.4
                0x10002e20      0x11c CMakeFiles/blink.dir/C_/Users/gene_/.pico-sdk/sdk/2.0.0/src/rp2_common/hardware_pll/pll.c.obj
 .rodata.__func__.0
                0x10002f3c        0x9 CMakeFiles/blink.dir/C_/Users/gene_/.pico-sdk/sdk/2.0.0/src/rp2_common/hardware_pll/pll.c.obj
 *fill*         0x10002f45        0x3 
 .rodata.str1.4
                0x10002f48       0x2c CMakeFiles/blink.dir/C_/Users/gene_/.pico-sdk/sdk/2.0.0/src/rp2_common/pico_standard_binary_info/standard_binary_info.c.obj
 .rodata.__bi_26
                0x10002f74        0xc CMakeFiles/blink.dir/C_/Users/gene_/.pico-sdk/sdk/2.0.0/src/rp2_common/pico_standard_binary_info/standard_binary_info.c.obj
 .rodata.__bi_34
                0x10002f80        0xc CMakeFiles/blink.dir/C_/Users/gene_/.pico-sdk/sdk/2.0.0/src/rp2_common/pico_standard_binary_info/standard_binary_info.c.obj
 .rodata.__bi_42
                0x10002f8c        0xc CMakeFiles/blink.dir/C_/Users/gene_/.pico-sdk/sdk/2.0.0/src/rp2_common/pico_standard_binary_info/standard_binary_info.c.obj
 .rodata.__bi_48
                0x10002f98        0xc CMakeFiles/blink.dir/C_/Users/gene_/.pico-sdk/sdk/2.0.0/src/rp2_common/pico_standard_binary_info/standard_binary_info.c.obj
 .rodata.__bi_54
                0x10002fa4        0xc CMakeFiles/blink.dir/C_/Users/gene_/.pico-sdk/sdk/2.0.0/src/rp2_common/pico_standard_binary_info/standard_binary_info.c.obj
 .rodata.__bi_84
                0x10002fb0        0xc CMakeFiles/blink.dir/C_/Users/gene_/.pico-sdk/sdk/2.0.0/src/rp2_common/pico_standard_binary_info/standard_binary_info.c.obj
 .rodata._ftoa.str1.4
                0x10002fbc       0x15 CMakeFiles/blink.dir/C_/Users/gene_/.pico-sdk/sdk/2.0.0/src/rp2_common/pico_printf/printf.c.obj
 *fill*         0x10002fd1        0x7 
 .rodata.pow10.0
                0x10002fd8       0x50 CMakeFiles/blink.dir/C_/Users/gene_/.pico-sdk/sdk/2.0.0/src/rp2_common/pico_printf/printf.c.obj
 .rodata.__assert_func.str1.4
                0x10003028       0x3f CMakeFiles/blink.dir/C_/Users/gene_/.pico-sdk/sdk/2.0.0/src/rp2_common/pico_clib_interface/newlib_interface.c.obj
                                 0x43 (size before relaxing)
 *fill*         0x10003067        0x1 
 .rodata.crlf_str.0
                0x10003068        0x2 CMakeFiles/blink.dir/C_/Users/gene_/.pico-sdk/sdk/2.0.0/src/rp2_common/pico_stdio/stdio.c.obj
 *fill*         0x1000306a        0x2 
 .rodata._retrieve_unique_id_on_boot.str1.4
                0x1000306c       0x55 CMakeFiles/blink.dir/C_/Users/gene_/.pico-sdk/sdk/2.0.0/src/rp2_common/pico_unique_id/unique_id.c.obj
 *fill*         0x100030c1        0x3 
 .rodata.__func__.1
                0x100030c4       0x1c CMakeFiles/blink.dir/C_/Users/gene_/.pico-sdk/sdk/2.0.0/src/rp2_common/pico_unique_id/unique_id.c.obj
 *(.srodata*)
                0x100030e0                . = ALIGN (0x4)
 *(SORT_BY_ALIGNMENT(SORT_BY_NAME(.flashdata*)))
                0x100030e0                . = ALIGN (0x4)

.ARM.extab
 *(.ARM.extab* .gnu.linkonce.armextab.*)
                0x100030e0                __exidx_start = .

.ARM.exidx      0x100030e0        0x8
 *(.ARM.exidx* .gnu.linkonce.armexidx.*)
 .ARM.exidx     0x100030e0        0x8 c:/progra~2/gnuarm~1/102021~1.10/bin/../lib/gcc/arm-none-eabi/10.3.1/thumb/v8-m.main+fp/softfp\libgcc.a(_udivmoddi4.o)
                0x100030e8                __exidx_end = .
                0x100030e8                . = ALIGN (0x4)
                0x100030e8                __binary_info_start = .

.binary_info    0x100030e8       0x18
 *(.binary_info.keep.*)
 .binary_info.keep.__bi_ptr26
                0x100030e8        0x4 CMakeFiles/blink.dir/C_/Users/gene_/.pico-sdk/sdk/2.0.0/src/rp2_common/pico_standard_binary_info/standard_binary_info.c.obj
 .binary_info.keep.__bi_ptr34
                0x100030ec        0x4 CMakeFiles/blink.dir/C_/Users/gene_/.pico-sdk/sdk/2.0.0/src/rp2_common/pico_standard_binary_info/standard_binary_info.c.obj
 .binary_info.keep.__bi_ptr42
                0x100030f0        0x4 CMakeFiles/blink.dir/C_/Users/gene_/.pico-sdk/sdk/2.0.0/src/rp2_common/pico_standard_binary_info/standard_binary_info.c.obj
 .binary_info.keep.__bi_ptr48
                0x100030f4        0x4 CMakeFiles/blink.dir/C_/Users/gene_/.pico-sdk/sdk/2.0.0/src/rp2_common/pico_standard_binary_info/standard_binary_info.c.obj
 .binary_info.keep.__bi_ptr54
                0x100030f8        0x4 CMakeFiles/blink.dir/C_/Users/gene_/.pico-sdk/sdk/2.0.0/src/rp2_common/pico_standard_binary_info/standard_binary_info.c.obj
 .binary_info.keep.__bi_ptr84
                0x100030fc        0x4 CMakeFiles/blink.dir/C_/Users/gene_/.pico-sdk/sdk/2.0.0/src/rp2_common/pico_standard_binary_info/standard_binary_info.c.obj
 *(.binary_info.*)
                0x10003100                __binary_info_end = .
                0x10003100                . = ALIGN (0x4)

.ram_vector_table
                0x20000000      0x110
 *(.ram_vector_table)
 .ram_vector_table
                0x20000000      0x110 CMakeFiles/blink.dir/C_/Users/gene_/.pico-sdk/sdk/2.0.0/src/rp2_common/pico_runtime_init/runtime_init.c.obj
                0x20000000                ram_vector_table

.uninitialized_data
                0x20000110        0x0
                0x20000110                . = ALIGN (0x4)
 *(.uninitialized_data*)

.data           0x20000110      0x4cc load address 0x10003100
                0x20000110                __data_start__ = .
 *(vtable)
 *(.time_critical*)
 .time_critical.mutex_try_enter
                0x20000110       0x56 CMakeFiles/blink.dir/C_/Users/gene_/.pico-sdk/sdk/2.0.0/src/common/pico_sync/mutex.c.obj
                0x20000110                mutex_try_enter
 *fill*         0x20000166        0x2 
 .time_critical.mutex_enter_block_until
                0x20000168       0x84 CMakeFiles/blink.dir/C_/Users/gene_/.pico-sdk/sdk/2.0.0/src/common/pico_sync/mutex.c.obj
                0x20000168                mutex_enter_block_until
 .time_critical.mutex_try_enter_block_until
                0x200001ec       0x32 CMakeFiles/blink.dir/C_/Users/gene_/.pico-sdk/sdk/2.0.0/src/common/pico_sync/mutex.c.obj
                0x200001ec                mutex_try_enter_block_until
 *fill*         0x2000021e        0x2 
 .time_critical.mutex_exit
                0x20000220       0x58 CMakeFiles/blink.dir/C_/Users/gene_/.pico-sdk/sdk/2.0.0/src/common/pico_sync/mutex.c.obj
                0x20000220                mutex_exit
 *(.text*)
 .text          0x20000278       0x30 c:/progra~2/gnuarm~1/102021~1.10/bin/../lib/gcc/arm-none-eabi/10.3.1/thumb/v8-m.main+fp/softfp\libgcc.a(_aeabi_uldivmod.o)
                0x20000278                __aeabi_uldivmod
 .text          0x200002a8      0x2ec c:/progra~2/gnuarm~1/102021~1.10/bin/../lib/gcc/arm-none-eabi/10.3.1/thumb/v8-m.main+fp/softfp\libgcc.a(_udivmoddi4.o)
                0x200002a8                __udivmoddi4
 .text          0x20000594        0x4 c:/progra~2/gnuarm~1/102021~1.10/bin/../lib/gcc/arm-none-eabi/10.3.1/thumb/v8-m.main+fp/softfp\libgcc.a(_dvmd_tls.o)
                0x20000594                __aeabi_idiv0
                0x20000594                __aeabi_ldiv0
 .text.__stub   0x20000598       0x20 linker stubs
                0x200005b8                . = ALIGN (0x4)
 *(.rodata*)
                0x200005b8                . = ALIGN (0x4)
 *(.data*)
 .data.striped_spin_lock_num
                0x200005b8        0x1 CMakeFiles/blink.dir/C_/Users/gene_/.pico-sdk/sdk/2.0.0/src/rp2_common/hardware_sync/sync.c.obj
 *fill*         0x200005b9        0x3 
 .data.default_alarm_pool
                0x200005bc       0x18 CMakeFiles/blink.dir/C_/Users/gene_/.pico-sdk/sdk/2.0.0/src/common/pico_time/time.c.obj
 *(.sdata*)
                0x200005d4                . = ALIGN (0x4)
 *(.after_data.*)
                0x200005d4                . = ALIGN (0x4)
                0x200005d4                PROVIDE (__mutex_array_start = .)
 *(SORT_BY_NAME(.mutex_array.*))
 *(.mutex_array)
 .mutex_array   0x200005d4        0x8 CMakeFiles/blink.dir/C_/Users/gene_/.pico-sdk/sdk/2.0.0/src/rp2_common/pico_stdio/stdio.c.obj
                0x200005dc                PROVIDE (__mutex_array_end = .)
 *(.jcr)
                0x200005dc                . = ALIGN (0x4)

.igot.plt       0x200005dc        0x0 load address 0x100035cc
 .igot.plt      0x200005dc        0x0 c:/progra~2/gnuarm~1/102021~1.10/bin/../lib/gcc/arm-none-eabi/10.3.1/thumb/v8-m.main+fp/softfp/crtbegin.o

.tdata          0x200005dc        0x0 load address 0x100035cc
                0x200005dc                . = ALIGN (0x4)
 *(.tdata .tdata.* .gnu.linkonce.td.*)
                0x200005dc                __tdata_end = .
                0x200005dc                PROVIDE (__data_end__ = .)
                0x10003100                __etext = LOADADDR (.data)

.tbss           0x200005dc        0x0 load address 0x100035cc
                0x200005dc                . = ALIGN (0x4)
                0x200005dc                __bss_start__ = .
                0x200005dc                __tls_base = .
 *(.tbss .tbss.* .gnu.linkonce.tb.*)
 *(.tcommon)
                0x200005dc                __tls_end = .

.bss            0x200005e0      0x21c load address 0x100035cc
                0x200005e0                . = ALIGN (0x4)
                0x200005e0                __tbss_end = .
 *(SORT_BY_ALIGNMENT(SORT_BY_NAME(.bss*)))
 .bss.default_alarm_pool_entries
                0x200005e0      0x180 CMakeFiles/blink.dir/C_/Users/gene_/.pico-sdk/sdk/2.0.0/src/common/pico_time/time.c.obj
 .bss           0x20000760       0x1c c:/progra~2/gnuarm~1/102021~1.10/bin/../lib/gcc/arm-none-eabi/10.3.1/thumb/v8-m.main+fp/softfp/crtbegin.o
 .bss._sw_spin_locks
                0x2000077c       0x20 CMakeFiles/blink.dir/C_/Users/gene_/.pico-sdk/sdk/2.0.0/src/rp2_common/hardware_sync_spin_lock/sync_spin_lock.c.obj
                0x2000077c                _sw_spin_locks
 .bss.claimed   0x2000079c        0x2 CMakeFiles/blink.dir/C_/Users/gene_/.pico-sdk/sdk/2.0.0/src/rp2_common/hardware_timer/timer.c.obj
 *fill*         0x2000079e        0x2 
 .bss.configured_freq
                0x200007a0       0x28 CMakeFiles/blink.dir/C_/Users/gene_/.pico-sdk/sdk/2.0.0/src/rp2_common/hardware_clocks/clocks.c.obj
 .bss.drivers   0x200007c8        0x4 CMakeFiles/blink.dir/C_/Users/gene_/.pico-sdk/sdk/2.0.0/src/rp2_common/pico_stdio/stdio.c.obj
 .bss.filter    0x200007cc        0x4 CMakeFiles/blink.dir/C_/Users/gene_/.pico-sdk/sdk/2.0.0/src/rp2_common/pico_stdio/stdio.c.obj
 .bss.pools     0x200007d0       0x20 CMakeFiles/blink.dir/C_/Users/gene_/.pico-sdk/sdk/2.0.0/src/common/pico_time/time.c.obj
 .bss.retrieved_id
                0x200007f0        0x8 CMakeFiles/blink.dir/C_/Users/gene_/.pico-sdk/sdk/2.0.0/src/rp2_common/pico_unique_id/unique_id.c.obj
 .bss.sleep_notifier
                0x200007f8        0x4 CMakeFiles/blink.dir/C_/Users/gene_/.pico-sdk/sdk/2.0.0/src/common/pico_time/time.c.obj
 *(COMMON)
                [!provide]                PROVIDE (__global_pointer$ = (. + 0x800))
 *(.sbss*)
                0x200007fc                . = ALIGN (0x4)
                0x200007fc                __bss_end__ = .

.heap           0x200007fc    0x7f804 load address 0x100035cc
                0x200007fc                __end__ = .
                0x200007fc                end = __end__
 *(.heap*)
 .heap          0x200007fc      0x800 CMakeFiles/blink.dir/C_/Users/gene_/.pico-sdk/sdk/2.0.0/src/rp2_common/pico_crt0/crt0.S.obj
                0x20080000                . = (ORIGIN (RAM) + LENGTH (RAM))
 *fill*         0x20000ffc    0x7f004 
                0x20080000                __HeapLimit = .

.scratch_x      0x20080000        0x0 load address 0x100035cc
                0x20080000                __scratch_x_start__ = .
 *(.scratch_x.*)
                0x20080000                . = ALIGN (0x4)
                0x20080000                __scratch_x_end__ = .
                0x100035cc                __scratch_x_source__ = LOADADDR (.scratch_x)

.scratch_y      0x20081000        0x0 load address 0x100035cc
                0x20081000                __scratch_y_start__ = .
 *(.scratch_y.*)
                0x20081000                . = ALIGN (0x4)
                0x20081000                __scratch_y_end__ = .
                0x100035cc                __scratch_y_source__ = LOADADDR (.scratch_y)

.stack1_dummy   0x20080000        0x0
 *(.stack1*)

.stack_dummy    0x20081000      0x800
 *(.stack*)
 .stack         0x20081000      0x800 CMakeFiles/blink.dir/C_/Users/gene_/.pico-sdk/sdk/2.0.0/src/rp2_common/pico_crt0/crt0.S.obj

.flash_end      0x100035cc       0x14
 *(.embedded_end_block*)
 .embedded_end_block
                0x100035cc       0x14 CMakeFiles/blink.dir/C_/Users/gene_/.pico-sdk/sdk/2.0.0/src/rp2_common/pico_crt0/crt0.S.obj
                0x100035e0                PROVIDE (__flash_binary_end = .)
                0x20080000                __StackLimit = (ORIGIN (RAM) + LENGTH (RAM))
                0x20081000                __StackOneTop = (ORIGIN (SCRATCH_X) + LENGTH (SCRATCH_X))
                0x20082000                __StackTop = (ORIGIN (SCRATCH_Y) + LENGTH (SCRATCH_Y))
                0x20081000                __StackOneBottom = (__StackOneTop - SIZEOF (.stack1_dummy))
                0x20081800                __StackBottom = (__StackTop - SIZEOF (.stack_dummy))
                0x20082000                PROVIDE (__stack = __StackTop)
                [!provide]                PROVIDE (__heap_start = __end__)
                [!provide]                PROVIDE (__heap_end = __HeapLimit)
                [!provide]                PROVIDE (__tls_align = MAX (ALIGNOF (.tdata), ALIGNOF (.tbss)))
                [!provide]                PROVIDE (__tls_size_align = (((__tls_size + __tls_align) - 0x1) & ~ ((__tls_align - 0x1))))
                [!provide]                PROVIDE (__arm32_tls_tcb_offset = MAX (0x8, __tls_align))
                [!provide]                PROVIDE (_end = __end__)
                [!provide]                PROVIDE (__llvm_libc_heap_limit = __HeapLimit)
                0x00000001                ASSERT ((__StackLimit >= __HeapLimit), region RAM overflowed)
                0x00000001                ASSERT (((__binary_info_header_end - __logical_binary_start) <= 0x400), Binary info must be in first 1024 bytes of the binary)
                0x00000001                ASSERT (((__embedded_block_end - __logical_binary_start) <= 0x1000), Embedded block must be in first 4096 bytes of the binary)
LOAD CMakeFiles/blink.dir/blink.c.obj
LOAD CMakeFiles/blink.dir/C_/Users/gene_/.pico-sdk/sdk/2.0.0/src/rp2_common/pico_stdlib/stdlib.c.obj
LOAD CMakeFiles/blink.dir/C_/Users/gene_/.pico-sdk/sdk/2.0.0/src/rp2_common/hardware_gpio/gpio.c.obj
LOAD CMakeFiles/blink.dir/C_/Users/gene_/.pico-sdk/sdk/2.0.0/src/rp2350/pico_platform/platform.c.obj
LOAD CMakeFiles/blink.dir/C_/Users/gene_/.pico-sdk/sdk/2.0.0/src/rp2_common/pico_platform_panic/panic.c.obj
LOAD CMakeFiles/blink.dir/C_/Users/gene_/.pico-sdk/sdk/2.0.0/src/common/hardware_claim/claim.c.obj
LOAD CMakeFiles/blink.dir/C_/Users/gene_/.pico-sdk/sdk/2.0.0/src/rp2_common/hardware_sync/sync.c.obj
LOAD CMakeFiles/blink.dir/C_/Users/gene_/.pico-sdk/sdk/2.0.0/src/rp2_common/hardware_sync_spin_lock/sync_spin_lock.c.obj
LOAD CMakeFiles/blink.dir/C_/Users/gene_/.pico-sdk/sdk/2.0.0/src/rp2_common/hardware_irq/irq.c.obj
LOAD CMakeFiles/blink.dir/C_/Users/gene_/.pico-sdk/sdk/2.0.0/src/rp2_common/hardware_irq/irq_handler_chain.S.obj
LOAD CMakeFiles/blink.dir/C_/Users/gene_/.pico-sdk/sdk/2.0.0/src/common/pico_sync/sem.c.obj
LOAD CMakeFiles/blink.dir/C_/Users/gene_/.pico-sdk/sdk/2.0.0/src/common/pico_sync/lock_core.c.obj
LOAD CMakeFiles/blink.dir/C_/Users/gene_/.pico-sdk/sdk/2.0.0/src/common/pico_sync/mutex.c.obj
LOAD CMakeFiles/blink.dir/C_/Users/gene_/.pico-sdk/sdk/2.0.0/src/common/pico_sync/critical_section.c.obj
LOAD CMakeFiles/blink.dir/C_/Users/gene_/.pico-sdk/sdk/2.0.0/src/common/pico_time/time.c.obj
LOAD CMakeFiles/blink.dir/C_/Users/gene_/.pico-sdk/sdk/2.0.0/src/common/pico_time/timeout_helper.c.obj
LOAD CMakeFiles/blink.dir/C_/Users/gene_/.pico-sdk/sdk/2.0.0/src/rp2_common/hardware_timer/timer.c.obj
LOAD CMakeFiles/blink.dir/C_/Users/gene_/.pico-sdk/sdk/2.0.0/src/common/pico_util/datetime.c.obj
LOAD CMakeFiles/blink.dir/C_/Users/gene_/.pico-sdk/sdk/2.0.0/src/common/pico_util/pheap.c.obj
LOAD CMakeFiles/blink.dir/C_/Users/gene_/.pico-sdk/sdk/2.0.0/src/common/pico_util/queue.c.obj
LOAD CMakeFiles/blink.dir/C_/Users/gene_/.pico-sdk/sdk/2.0.0/src/rp2_common/hardware_uart/uart.c.obj
LOAD CMakeFiles/blink.dir/C_/Users/gene_/.pico-sdk/sdk/2.0.0/src/rp2_common/hardware_clocks/clocks.c.obj
LOAD CMakeFiles/blink.dir/C_/Users/gene_/.pico-sdk/sdk/2.0.0/src/rp2_common/hardware_pll/pll.c.obj
LOAD CMakeFiles/blink.dir/C_/Users/gene_/.pico-sdk/sdk/2.0.0/src/rp2_common/hardware_vreg/vreg.c.obj
LOAD CMakeFiles/blink.dir/C_/Users/gene_/.pico-sdk/sdk/2.0.0/src/rp2_common/hardware_watchdog/watchdog.c.obj
LOAD CMakeFiles/blink.dir/C_/Users/gene_/.pico-sdk/sdk/2.0.0/src/rp2_common/hardware_ticks/ticks.c.obj
LOAD CMakeFiles/blink.dir/C_/Users/gene_/.pico-sdk/sdk/2.0.0/src/rp2_common/hardware_xosc/xosc.c.obj
LOAD CMakeFiles/blink.dir/C_/Users/gene_/.pico-sdk/sdk/2.0.0/src/rp2_common/hardware_divider/divider.c.obj
LOAD CMakeFiles/blink.dir/C_/Users/gene_/.pico-sdk/sdk/2.0.0/src/rp2_common/pico_runtime/runtime.c.obj
LOAD CMakeFiles/blink.dir/C_/Users/gene_/.pico-sdk/sdk/2.0.0/src/rp2_common/pico_runtime_init/runtime_init.c.obj
LOAD CMakeFiles/blink.dir/C_/Users/gene_/.pico-sdk/sdk/2.0.0/src/rp2_common/pico_runtime_init/runtime_init_clocks.c.obj
LOAD CMakeFiles/blink.dir/C_/Users/gene_/.pico-sdk/sdk/2.0.0/src/rp2_common/pico_runtime_init/runtime_init_stack_guard.c.obj
LOAD CMakeFiles/blink.dir/C_/Users/gene_/.pico-sdk/sdk/2.0.0/src/rp2_common/pico_bit_ops/bit_ops_aeabi.S.obj
LOAD CMakeFiles/blink.dir/C_/Users/gene_/.pico-sdk/sdk/2.0.0/src/rp2_common/pico_bootrom/bootrom.c.obj
LOAD CMakeFiles/blink.dir/C_/Users/gene_/.pico-sdk/sdk/2.0.0/src/rp2_common/pico_bootrom/bootrom_lock.c.obj
LOAD CMakeFiles/blink.dir/C_/Users/gene_/.pico-sdk/sdk/2.0.0/src/rp2_common/hardware_boot_lock/boot_lock.c.obj
LOAD CMakeFiles/blink.dir/C_/Users/gene_/.pico-sdk/sdk/2.0.0/src/rp2_common/pico_divider/divider_compiler.c.obj
LOAD CMakeFiles/blink.dir/C_/Users/gene_/.pico-sdk/sdk/2.0.0/src/rp2_common/pico_double/double_math.c.obj
LOAD CMakeFiles/blink.dir/C_/Users/gene_/.pico-sdk/sdk/2.0.0/src/rp2_common/pico_double/double_aeabi_dcp.S.obj
LOAD CMakeFiles/blink.dir/C_/Users/gene_/.pico-sdk/sdk/2.0.0/src/rp2_common/pico_double/double_fma_dcp.S.obj
LOAD CMakeFiles/blink.dir/C_/Users/gene_/.pico-sdk/sdk/2.0.0/src/rp2_common/pico_double/double_sci_m33.S.obj
LOAD CMakeFiles/blink.dir/C_/Users/gene_/.pico-sdk/sdk/2.0.0/src/rp2_common/pico_double/double_conv_m33.S.obj
LOAD CMakeFiles/blink.dir/C_/Users/gene_/.pico-sdk/sdk/2.0.0/src/rp2_common/pico_float/float_math.c.obj
LOAD CMakeFiles/blink.dir/C_/Users/gene_/.pico-sdk/sdk/2.0.0/src/rp2_common/pico_float/float_sci_m33_vfp.S.obj
LOAD CMakeFiles/blink.dir/C_/Users/gene_/.pico-sdk/sdk/2.0.0/src/rp2_common/pico_float/float_conv_m33.S.obj
LOAD CMakeFiles/blink.dir/C_/Users/gene_/.pico-sdk/sdk/2.0.0/src/rp2_common/pico_malloc/malloc.c.obj
LOAD CMakeFiles/blink.dir/C_/Users/gene_/.pico-sdk/sdk/2.0.0/src/rp2_common/pico_atomic/atomic.c.obj
LOAD CMakeFiles/blink.dir/C_/Users/gene_/.pico-sdk/sdk/2.0.0/src/rp2_common/pico_cxx_options/new_delete.cpp.obj
LOAD CMakeFiles/blink.dir/C_/Users/gene_/.pico-sdk/sdk/2.0.0/src/rp2_common/pico_standard_binary_info/standard_binary_info.c.obj
LOAD CMakeFiles/blink.dir/C_/Users/gene_/.pico-sdk/sdk/2.0.0/src/rp2_common/pico_printf/printf.c.obj
LOAD CMakeFiles/blink.dir/C_/Users/gene_/.pico-sdk/sdk/2.0.0/src/rp2_common/pico_crt0/crt0.S.obj
LOAD CMakeFiles/blink.dir/C_/Users/gene_/.pico-sdk/sdk/2.0.0/src/rp2_common/pico_clib_interface/newlib_interface.c.obj
LOAD CMakeFiles/blink.dir/C_/Users/gene_/.pico-sdk/sdk/2.0.0/src/rp2_common/pico_stdio/stdio.c.obj
LOAD CMakeFiles/blink.dir/C_/Users/gene_/.pico-sdk/sdk/2.0.0/src/rp2_common/pico_stdio_uart/stdio_uart.c.obj
LOAD CMakeFiles/blink.dir/C_/Users/gene_/.pico-sdk/sdk/2.0.0/src/rp2_common/pico_stdio_usb/reset_interface.c.obj
LOAD CMakeFiles/blink.dir/C_/Users/gene_/.pico-sdk/sdk/2.0.0/src/rp2_common/pico_stdio_usb/stdio_usb.c.obj
LOAD CMakeFiles/blink.dir/C_/Users/gene_/.pico-sdk/sdk/2.0.0/src/rp2_common/pico_stdio_usb/stdio_usb_descriptors.c.obj
LOAD CMakeFiles/blink.dir/C_/Users/gene_/.pico-sdk/sdk/2.0.0/src/rp2_common/pico_unique_id/unique_id.c.obj
LOAD CMakeFiles/blink.dir/C_/Users/gene_/.pico-sdk/sdk/2.0.0/src/rp2_common/hardware_flash/flash.c.obj
LOAD CMakeFiles/blink.dir/C_/Users/gene_/.pico-sdk/sdk/2.0.0/lib/tinyusb/src/portable/raspberrypi/rp2040/dcd_rp2040.c.obj
LOAD CMakeFiles/blink.dir/C_/Users/gene_/.pico-sdk/sdk/2.0.0/lib/tinyusb/src/portable/raspberrypi/rp2040/rp2040_usb.c.obj
LOAD CMakeFiles/blink.dir/C_/Users/gene_/.pico-sdk/sdk/2.0.0/lib/tinyusb/src/device/usbd.c.obj
LOAD CMakeFiles/blink.dir/C_/Users/gene_/.pico-sdk/sdk/2.0.0/lib/tinyusb/src/device/usbd_control.c.obj
LOAD CMakeFiles/blink.dir/C_/Users/gene_/.pico-sdk/sdk/2.0.0/lib/tinyusb/src/class/audio/audio_device.c.obj
LOAD CMakeFiles/blink.dir/C_/Users/gene_/.pico-sdk/sdk/2.0.0/lib/tinyusb/src/class/cdc/cdc_device.c.obj
LOAD CMakeFiles/blink.dir/C_/Users/gene_/.pico-sdk/sdk/2.0.0/lib/tinyusb/src/class/dfu/dfu_device.c.obj
LOAD CMakeFiles/blink.dir/C_/Users/gene_/.pico-sdk/sdk/2.0.0/lib/tinyusb/src/class/dfu/dfu_rt_device.c.obj
LOAD CMakeFiles/blink.dir/C_/Users/gene_/.pico-sdk/sdk/2.0.0/lib/tinyusb/src/class/hid/hid_device.c.obj
LOAD CMakeFiles/blink.dir/C_/Users/gene_/.pico-sdk/sdk/2.0.0/lib/tinyusb/src/class/midi/midi_device.c.obj
LOAD CMakeFiles/blink.dir/C_/Users/gene_/.pico-sdk/sdk/2.0.0/lib/tinyusb/src/class/msc/msc_device.c.obj
LOAD CMakeFiles/blink.dir/C_/Users/gene_/.pico-sdk/sdk/2.0.0/lib/tinyusb/src/class/net/ecm_rndis_device.c.obj
LOAD CMakeFiles/blink.dir/C_/Users/gene_/.pico-sdk/sdk/2.0.0/lib/tinyusb/src/class/net/ncm_device.c.obj
LOAD CMakeFiles/blink.dir/C_/Users/gene_/.pico-sdk/sdk/2.0.0/lib/tinyusb/src/class/usbtmc/usbtmc_device.c.obj
LOAD CMakeFiles/blink.dir/C_/Users/gene_/.pico-sdk/sdk/2.0.0/lib/tinyusb/src/class/vendor/vendor_device.c.obj
LOAD CMakeFiles/blink.dir/C_/Users/gene_/.pico-sdk/sdk/2.0.0/lib/tinyusb/src/class/video/video_device.c.obj
LOAD CMakeFiles/blink.dir/C_/Users/gene_/.pico-sdk/sdk/2.0.0/lib/tinyusb/src/tusb.c.obj
LOAD CMakeFiles/blink.dir/C_/Users/gene_/.pico-sdk/sdk/2.0.0/lib/tinyusb/src/common/tusb_fifo.c.obj
LOAD CMakeFiles/blink.dir/C_/Users/gene_/.pico-sdk/sdk/2.0.0/src/rp2_common/pico_fix/rp2040_usb_device_enumeration/rp2040_usb_device_enumeration.c.obj
LOAD C:\Users\gene_\AppData\Local\Temp\ccAezJ4K.o
LOAD c:/progra~2/gnuarm~1/102021~1.10/bin/../lib/gcc/arm-none-eabi/10.3.1/../../../../arm-none-eabi/lib/thumb/v8-m.main+fp/softfp\libstdc++.a
LOAD c:/progra~2/gnuarm~1/102021~1.10/bin/../lib/gcc/arm-none-eabi/10.3.1/../../../../arm-none-eabi/lib/thumb/v8-m.main+fp/softfp\libm.a
START GROUP
LOAD c:/progra~2/gnuarm~1/102021~1.10/bin/../lib/gcc/arm-none-eabi/10.3.1/thumb/v8-m.main+fp/softfp\libgcc.a
LOAD c:/progra~2/gnuarm~1/102021~1.10/bin/../lib/gcc/arm-none-eabi/10.3.1/../../../../arm-none-eabi/lib/thumb/v8-m.main+fp/softfp\libg.a
LOAD c:/progra~2/gnuarm~1/102021~1.10/bin/../lib/gcc/arm-none-eabi/10.3.1/../../../../arm-none-eabi/lib/thumb/v8-m.main+fp/softfp\libc.a
END GROUP
START GROUP
LOAD c:/progra~2/gnuarm~1/102021~1.10/bin/../lib/gcc/arm-none-eabi/10.3.1/thumb/v8-m.main+fp/softfp\libgcc.a
LOAD c:/progra~2/gnuarm~1/102021~1.10/bin/../lib/gcc/arm-none-eabi/10.3.1/../../../../arm-none-eabi/lib/thumb/v8-m.main+fp/softfp\libc.a
LOAD c:/progra~2/gnuarm~1/102021~1.10/bin/../lib/gcc/arm-none-eabi/10.3.1/../../../../arm-none-eabi/lib/thumb/v8-m.main+fp/softfp\libnosys.a
END GROUP
LOAD c:/progra~2/gnuarm~1/102021~1.10/bin/../lib/gcc/arm-none-eabi/10.3.1/thumb/v8-m.main+fp/softfp/crtend.o
LOAD c:/progra~2/gnuarm~1/102021~1.10/bin/../lib/gcc/arm-none-eabi/10.3.1/thumb/v8-m.main+fp/softfp/crtn.o
OUTPUT(blink.elf elf32-littlearm)
LOAD linker stubs

.rel.dyn        0x100035e0        0x0
 .rel.iplt      0x100035e0        0x0 c:/progra~2/gnuarm~1/102021~1.10/bin/../lib/gcc/arm-none-eabi/10.3.1/thumb/v8-m.main+fp/softfp/crtbegin.o

.ARM.attributes
                0x00000000       0x34
 .ARM.attributes
                0x00000000       0x22 c:/progra~2/gnuarm~1/102021~1.10/bin/../lib/gcc/arm-none-eabi/10.3.1/thumb/v8-m.main+fp/softfp/crti.o
 .ARM.attributes
                0x00000022       0x36 c:/progra~2/gnuarm~1/102021~1.10/bin/../lib/gcc/arm-none-eabi/10.3.1/thumb/v8-m.main+fp/softfp/crtbegin.o
 .ARM.attributes
                0x00000058       0x38 CMakeFiles/blink.dir/blink.c.obj
 .ARM.attributes
                0x00000090       0x38 CMakeFiles/blink.dir/C_/Users/gene_/.pico-sdk/sdk/2.0.0/src/rp2_common/hardware_gpio/gpio.c.obj
 .ARM.attributes
                0x000000c8       0x38 CMakeFiles/blink.dir/C_/Users/gene_/.pico-sdk/sdk/2.0.0/src/rp2_common/pico_platform_panic/panic.c.obj
 .ARM.attributes
                0x00000100       0x38 CMakeFiles/blink.dir/C_/Users/gene_/.pico-sdk/sdk/2.0.0/src/common/hardware_claim/claim.c.obj
 .ARM.attributes
                0x00000138       0x38 CMakeFiles/blink.dir/C_/Users/gene_/.pico-sdk/sdk/2.0.0/src/rp2_common/hardware_sync/sync.c.obj
 .ARM.attributes
                0x00000170       0x38 CMakeFiles/blink.dir/C_/Users/gene_/.pico-sdk/sdk/2.0.0/src/rp2_common/hardware_sync_spin_lock/sync_spin_lock.c.obj
 .ARM.attributes
                0x000001a8       0x38 CMakeFiles/blink.dir/C_/Users/gene_/.pico-sdk/sdk/2.0.0/src/rp2_common/hardware_irq/irq.c.obj
 .ARM.attributes
                0x000001e0       0x38 CMakeFiles/blink.dir/C_/Users/gene_/.pico-sdk/sdk/2.0.0/src/common/pico_sync/lock_core.c.obj
 .ARM.attributes
                0x00000218       0x38 CMakeFiles/blink.dir/C_/Users/gene_/.pico-sdk/sdk/2.0.0/src/common/pico_sync/mutex.c.obj
 .ARM.attributes
                0x00000250       0x38 CMakeFiles/blink.dir/C_/Users/gene_/.pico-sdk/sdk/2.0.0/src/common/pico_time/time.c.obj
 .ARM.attributes
                0x00000288       0x38 CMakeFiles/blink.dir/C_/Users/gene_/.pico-sdk/sdk/2.0.0/src/rp2_common/hardware_timer/timer.c.obj
 .ARM.attributes
                0x000002c0       0x38 CMakeFiles/blink.dir/C_/Users/gene_/.pico-sdk/sdk/2.0.0/src/rp2_common/hardware_clocks/clocks.c.obj
 .ARM.attributes
                0x000002f8       0x38 CMakeFiles/blink.dir/C_/Users/gene_/.pico-sdk/sdk/2.0.0/src/rp2_common/hardware_pll/pll.c.obj
 .ARM.attributes
                0x00000330       0x38 CMakeFiles/blink.dir/C_/Users/gene_/.pico-sdk/sdk/2.0.0/src/rp2_common/hardware_ticks/ticks.c.obj
 .ARM.attributes
                0x00000368       0x38 CMakeFiles/blink.dir/C_/Users/gene_/.pico-sdk/sdk/2.0.0/src/rp2_common/hardware_xosc/xosc.c.obj
 .ARM.attributes
                0x000003a0       0x38 CMakeFiles/blink.dir/C_/Users/gene_/.pico-sdk/sdk/2.0.0/src/rp2_common/pico_runtime/runtime.c.obj
 .ARM.attributes
                0x000003d8       0x38 CMakeFiles/blink.dir/C_/Users/gene_/.pico-sdk/sdk/2.0.0/src/rp2_common/pico_runtime_init/runtime_init.c.obj
 .ARM.attributes
                0x00000410       0x38 CMakeFiles/blink.dir/C_/Users/gene_/.pico-sdk/sdk/2.0.0/src/rp2_common/pico_runtime_init/runtime_init_clocks.c.obj
 .ARM.attributes
                0x00000448       0x38 CMakeFiles/blink.dir/C_/Users/gene_/.pico-sdk/sdk/2.0.0/src/rp2_common/pico_bootrom/bootrom.c.obj
 .ARM.attributes
                0x00000480       0x38 CMakeFiles/blink.dir/C_/Users/gene_/.pico-sdk/sdk/2.0.0/src/rp2_common/pico_bootrom/bootrom_lock.c.obj
 .ARM.attributes
                0x000004b8       0x38 CMakeFiles/blink.dir/C_/Users/gene_/.pico-sdk/sdk/2.0.0/src/rp2_common/hardware_boot_lock/boot_lock.c.obj
 .ARM.attributes
                0x000004f0       0x28 CMakeFiles/blink.dir/C_/Users/gene_/.pico-sdk/sdk/2.0.0/src/rp2_common/pico_double/double_aeabi_dcp.S.obj
 .ARM.attributes
                0x00000518       0x38 CMakeFiles/blink.dir/C_/Users/gene_/.pico-sdk/sdk/2.0.0/src/rp2_common/pico_standard_binary_info/standard_binary_info.c.obj
 .ARM.attributes
                0x00000550       0x38 CMakeFiles/blink.dir/C_/Users/gene_/.pico-sdk/sdk/2.0.0/src/rp2_common/pico_printf/printf.c.obj
 .ARM.attributes
                0x00000588       0x28 CMakeFiles/blink.dir/C_/Users/gene_/.pico-sdk/sdk/2.0.0/src/rp2_common/pico_crt0/crt0.S.obj
 .ARM.attributes
                0x000005b0       0x38 CMakeFiles/blink.dir/C_/Users/gene_/.pico-sdk/sdk/2.0.0/src/rp2_common/pico_clib_interface/newlib_interface.c.obj
 .ARM.attributes
                0x000005e8       0x38 CMakeFiles/blink.dir/C_/Users/gene_/.pico-sdk/sdk/2.0.0/src/rp2_common/pico_stdio/stdio.c.obj
 .ARM.attributes
                0x00000620       0x38 CMakeFiles/blink.dir/C_/Users/gene_/.pico-sdk/sdk/2.0.0/src/rp2_common/pico_unique_id/unique_id.c.obj
 .ARM.attributes
                0x00000658       0x22 c:/progra~2/gnuarm~1/102021~1.10/bin/../lib/gcc/arm-none-eabi/10.3.1/thumb/v8-m.main+fp/softfp\libgcc.a(_aeabi_uldivmod.o)
 .ARM.attributes
                0x0000067a       0x36 c:/progra~2/gnuarm~1/102021~1.10/bin/../lib/gcc/arm-none-eabi/10.3.1/thumb/v8-m.main+fp/softfp\libgcc.a(_udivmoddi4.o)
 .ARM.attributes
                0x000006b0       0x22 c:/progra~2/gnuarm~1/102021~1.10/bin/../lib/gcc/arm-none-eabi/10.3.1/thumb/v8-m.main+fp/softfp\libgcc.a(_dvmd_tls.o)
 .ARM.attributes
                0x000006d2       0x20 c:/progra~2/gnuarm~1/102021~1.10/bin/../lib/gcc/arm-none-eabi/10.3.1/../../../../arm-none-eabi/lib/thumb/v8-m.main+fp/softfp\libg.a(lib_a-memcpy.o)
 .ARM.attributes
                0x000006f2       0x36 c:/progra~2/gnuarm~1/102021~1.10/bin/../lib/gcc/arm-none-eabi/10.3.1/../../../../arm-none-eabi/lib/thumb/v8-m.main+fp/softfp\libg.a(lib_a-strlen-stub.o)

.comment        0x00000000       0x49
 .comment       0x00000000       0x49 CMakeFiles/blink.dir/blink.c.obj
                                 0x4a (size before relaxing)
 .comment       0x00000049       0x4a CMakeFiles/blink.dir/C_/Users/gene_/.pico-sdk/sdk/2.0.0/src/rp2_common/hardware_gpio/gpio.c.obj
 .comment       0x00000049       0x4a CMakeFiles/blink.dir/C_/Users/gene_/.pico-sdk/sdk/2.0.0/src/rp2_common/pico_platform_panic/panic.c.obj
 .comment       0x00000049       0x4a CMakeFiles/blink.dir/C_/Users/gene_/.pico-sdk/sdk/2.0.0/src/common/hardware_claim/claim.c.obj
 .comment       0x00000049       0x4a CMakeFiles/blink.dir/C_/Users/gene_/.pico-sdk/sdk/2.0.0/src/rp2_common/hardware_sync/sync.c.obj
 .comment       0x00000049       0x4a CMakeFiles/blink.dir/C_/Users/gene_/.pico-sdk/sdk/2.0.0/src/rp2_common/hardware_sync_spin_lock/sync_spin_lock.c.obj
 .comment       0x00000049       0x4a CMakeFiles/blink.dir/C_/Users/gene_/.pico-sdk/sdk/2.0.0/src/rp2_common/hardware_irq/irq.c.obj
 .comment       0x00000049       0x4a CMakeFiles/blink.dir/C_/Users/gene_/.pico-sdk/sdk/2.0.0/src/common/pico_sync/lock_core.c.obj
 .comment       0x00000049       0x4a CMakeFiles/blink.dir/C_/Users/gene_/.pico-sdk/sdk/2.0.0/src/common/pico_sync/mutex.c.obj
 .comment       0x00000049       0x4a CMakeFiles/blink.dir/C_/Users/gene_/.pico-sdk/sdk/2.0.0/src/common/pico_time/time.c.obj
 .comment       0x00000049       0x4a CMakeFiles/blink.dir/C_/Users/gene_/.pico-sdk/sdk/2.0.0/src/rp2_common/hardware_timer/timer.c.obj
 .comment       0x00000049       0x4a CMakeFiles/blink.dir/C_/Users/gene_/.pico-sdk/sdk/2.0.0/src/rp2_common/hardware_clocks/clocks.c.obj
 .comment       0x00000049       0x4a CMakeFiles/blink.dir/C_/Users/gene_/.pico-sdk/sdk/2.0.0/src/rp2_common/hardware_pll/pll.c.obj
 .comment       0x00000049       0x4a CMakeFiles/blink.dir/C_/Users/gene_/.pico-sdk/sdk/2.0.0/src/rp2_common/hardware_ticks/ticks.c.obj
 .comment       0x00000049       0x4a CMakeFiles/blink.dir/C_/Users/gene_/.pico-sdk/sdk/2.0.0/src/rp2_common/hardware_xosc/xosc.c.obj
 .comment       0x00000049       0x4a CMakeFiles/blink.dir/C_/Users/gene_/.pico-sdk/sdk/2.0.0/src/rp2_common/pico_runtime/runtime.c.obj
 .comment       0x00000049       0x4a CMakeFiles/blink.dir/C_/Users/gene_/.pico-sdk/sdk/2.0.0/src/rp2_common/pico_runtime_init/runtime_init.c.obj
 .comment       0x00000049       0x4a CMakeFiles/blink.dir/C_/Users/gene_/.pico-sdk/sdk/2.0.0/src/rp2_common/pico_runtime_init/runtime_init_clocks.c.obj
 .comment       0x00000049       0x4a CMakeFiles/blink.dir/C_/Users/gene_/.pico-sdk/sdk/2.0.0/src/rp2_common/pico_bootrom/bootrom.c.obj
 .comment       0x00000049       0x4a CMakeFiles/blink.dir/C_/Users/gene_/.pico-sdk/sdk/2.0.0/src/rp2_common/pico_bootrom/bootrom_lock.c.obj
 .comment       0x00000049       0x4a CMakeFiles/blink.dir/C_/Users/gene_/.pico-sdk/sdk/2.0.0/src/rp2_common/hardware_boot_lock/boot_lock.c.obj
 .comment       0x00000049       0x4a CMakeFiles/blink.dir/C_/Users/gene_/.pico-sdk/sdk/2.0.0/src/rp2_common/pico_standard_binary_info/standard_binary_info.c.obj
 .comment       0x00000049       0x4a CMakeFiles/blink.dir/C_/Users/gene_/.pico-sdk/sdk/2.0.0/src/rp2_common/pico_printf/printf.c.obj
 .comment       0x00000049       0x4a CMakeFiles/blink.dir/C_/Users/gene_/.pico-sdk/sdk/2.0.0/src/rp2_common/pico_clib_interface/newlib_interface.c.obj
 .comment       0x00000049       0x4a CMakeFiles/blink.dir/C_/Users/gene_/.pico-sdk/sdk/2.0.0/src/rp2_common/pico_stdio/stdio.c.obj
 .comment       0x00000049       0x4a CMakeFiles/blink.dir/C_/Users/gene_/.pico-sdk/sdk/2.0.0/src/rp2_common/pico_unique_id/unique_id.c.obj

.debug_info     0x00000000    0x176a8
 .debug_info    0x00000000      0x3f3 CMakeFiles/blink.dir/blink.c.obj
 .debug_info    0x000003f3     0x1c3e CMakeFiles/blink.dir/C_/Users/gene_/.pico-sdk/sdk/2.0.0/src/rp2_common/hardware_gpio/gpio.c.obj
 .debug_info    0x00002031      0x19b CMakeFiles/blink.dir/C_/Users/gene_/.pico-sdk/sdk/2.0.0/src/rp2_common/pico_platform_panic/panic.c.obj
 .debug_info    0x000021cc      0x755 CMakeFiles/blink.dir/C_/Users/gene_/.pico-sdk/sdk/2.0.0/src/common/hardware_claim/claim.c.obj
 .debug_info    0x00002921      0x41c CMakeFiles/blink.dir/C_/Users/gene_/.pico-sdk/sdk/2.0.0/src/rp2_common/hardware_sync/sync.c.obj
 .debug_info    0x00002d3d     0x1733 CMakeFiles/blink.dir/C_/Users/gene_/.pico-sdk/sdk/2.0.0/src/rp2_common/hardware_sync_spin_lock/sync_spin_lock.c.obj
 .debug_info    0x00004470     0x23a0 CMakeFiles/blink.dir/C_/Users/gene_/.pico-sdk/sdk/2.0.0/src/rp2_common/hardware_irq/irq.c.obj
 .debug_info    0x00006810      0x1d4 CMakeFiles/blink.dir/C_/Users/gene_/.pico-sdk/sdk/2.0.0/src/common/pico_sync/lock_core.c.obj
 .debug_info    0x000069e4     0x1fdf CMakeFiles/blink.dir/C_/Users/gene_/.pico-sdk/sdk/2.0.0/src/common/pico_sync/mutex.c.obj
 .debug_info    0x000089c3     0x36c8 CMakeFiles/blink.dir/C_/Users/gene_/.pico-sdk/sdk/2.0.0/src/common/pico_time/time.c.obj
 .debug_info    0x0000c08b     0x1e09 CMakeFiles/blink.dir/C_/Users/gene_/.pico-sdk/sdk/2.0.0/src/rp2_common/hardware_timer/timer.c.obj
 .debug_info    0x0000de94     0x15a7 CMakeFiles/blink.dir/C_/Users/gene_/.pico-sdk/sdk/2.0.0/src/rp2_common/hardware_clocks/clocks.c.obj
 .debug_info    0x0000f43b      0x694 CMakeFiles/blink.dir/C_/Users/gene_/.pico-sdk/sdk/2.0.0/src/rp2_common/hardware_pll/pll.c.obj
 .debug_info    0x0000facf      0x2e6 CMakeFiles/blink.dir/C_/Users/gene_/.pico-sdk/sdk/2.0.0/src/rp2_common/hardware_ticks/ticks.c.obj
 .debug_info    0x0000fdb5      0x1c4 CMakeFiles/blink.dir/C_/Users/gene_/.pico-sdk/sdk/2.0.0/src/rp2_common/hardware_xosc/xosc.c.obj
 .debug_info    0x0000ff79      0x1b2 CMakeFiles/blink.dir/C_/Users/gene_/.pico-sdk/sdk/2.0.0/src/rp2_common/pico_runtime/runtime.c.obj
 .debug_info    0x0001012b     0x1dd5 CMakeFiles/blink.dir/C_/Users/gene_/.pico-sdk/sdk/2.0.0/src/rp2_common/pico_runtime_init/runtime_init.c.obj
 .debug_info    0x00011f00      0x761 CMakeFiles/blink.dir/C_/Users/gene_/.pico-sdk/sdk/2.0.0/src/rp2_common/pico_runtime_init/runtime_init_clocks.c.obj
 .debug_info    0x00012661      0x882 CMakeFiles/blink.dir/C_/Users/gene_/.pico-sdk/sdk/2.0.0/src/rp2_common/pico_bootrom/bootrom.c.obj
 .debug_info    0x00012ee3      0x1d2 CMakeFiles/blink.dir/C_/Users/gene_/.pico-sdk/sdk/2.0.0/src/rp2_common/pico_bootrom/bootrom_lock.c.obj
 .debug_info    0x000130b5      0x317 CMakeFiles/blink.dir/C_/Users/gene_/.pico-sdk/sdk/2.0.0/src/rp2_common/hardware_boot_lock/boot_lock.c.obj
 .debug_info    0x000133cc       0x23 CMakeFiles/blink.dir/C_/Users/gene_/.pico-sdk/sdk/2.0.0/src/rp2_common/pico_double/double_aeabi_dcp.S.obj
 .debug_info    0x000133ef      0x2ca CMakeFiles/blink.dir/C_/Users/gene_/.pico-sdk/sdk/2.0.0/src/rp2_common/pico_standard_binary_info/standard_binary_info.c.obj
 .debug_info    0x000136b9     0x19b3 CMakeFiles/blink.dir/C_/Users/gene_/.pico-sdk/sdk/2.0.0/src/rp2_common/pico_printf/printf.c.obj
 .debug_info    0x0001506c       0x23 CMakeFiles/blink.dir/C_/Users/gene_/.pico-sdk/sdk/2.0.0/src/rp2_common/pico_crt0/crt0.S.obj
 .debug_info    0x0001508f      0xc51 CMakeFiles/blink.dir/C_/Users/gene_/.pico-sdk/sdk/2.0.0/src/rp2_common/pico_clib_interface/newlib_interface.c.obj
 .debug_info    0x00015ce0     0x164f CMakeFiles/blink.dir/C_/Users/gene_/.pico-sdk/sdk/2.0.0/src/rp2_common/pico_stdio/stdio.c.obj
 .debug_info    0x0001732f      0x379 CMakeFiles/blink.dir/C_/Users/gene_/.pico-sdk/sdk/2.0.0/src/rp2_common/pico_unique_id/unique_id.c.obj

.debug_abbrev   0x00000000     0x468e
 .debug_abbrev  0x00000000      0x1f5 CMakeFiles/blink.dir/blink.c.obj
 .debug_abbrev  0x000001f5      0x479 CMakeFiles/blink.dir/C_/Users/gene_/.pico-sdk/sdk/2.0.0/src/rp2_common/hardware_gpio/gpio.c.obj
 .debug_abbrev  0x0000066e       0xf4 CMakeFiles/blink.dir/C_/Users/gene_/.pico-sdk/sdk/2.0.0/src/rp2_common/pico_platform_panic/panic.c.obj
 .debug_abbrev  0x00000762      0x312 CMakeFiles/blink.dir/C_/Users/gene_/.pico-sdk/sdk/2.0.0/src/common/hardware_claim/claim.c.obj
 .debug_abbrev  0x00000a74      0x1e8 CMakeFiles/blink.dir/C_/Users/gene_/.pico-sdk/sdk/2.0.0/src/rp2_common/hardware_sync/sync.c.obj
 .debug_abbrev  0x00000c5c      0x2a3 CMakeFiles/blink.dir/C_/Users/gene_/.pico-sdk/sdk/2.0.0/src/rp2_common/hardware_sync_spin_lock/sync_spin_lock.c.obj
 .debug_abbrev  0x00000eff      0x5b7 CMakeFiles/blink.dir/C_/Users/gene_/.pico-sdk/sdk/2.0.0/src/rp2_common/hardware_irq/irq.c.obj
 .debug_abbrev  0x000014b6      0x12e CMakeFiles/blink.dir/C_/Users/gene_/.pico-sdk/sdk/2.0.0/src/common/pico_sync/lock_core.c.obj
 .debug_abbrev  0x000015e4      0x3d9 CMakeFiles/blink.dir/C_/Users/gene_/.pico-sdk/sdk/2.0.0/src/common/pico_sync/mutex.c.obj
 .debug_abbrev  0x000019bd      0x59d CMakeFiles/blink.dir/C_/Users/gene_/.pico-sdk/sdk/2.0.0/src/common/pico_time/time.c.obj
 .debug_abbrev  0x00001f5a      0x485 CMakeFiles/blink.dir/C_/Users/gene_/.pico-sdk/sdk/2.0.0/src/rp2_common/hardware_timer/timer.c.obj
 .debug_abbrev  0x000023df      0x3e8 CMakeFiles/blink.dir/C_/Users/gene_/.pico-sdk/sdk/2.0.0/src/rp2_common/hardware_clocks/clocks.c.obj
 .debug_abbrev  0x000027c7      0x202 CMakeFiles/blink.dir/C_/Users/gene_/.pico-sdk/sdk/2.0.0/src/rp2_common/hardware_pll/pll.c.obj
 .debug_abbrev  0x000029c9      0x14e CMakeFiles/blink.dir/C_/Users/gene_/.pico-sdk/sdk/2.0.0/src/rp2_common/hardware_ticks/ticks.c.obj
 .debug_abbrev  0x00002b17      0x108 CMakeFiles/blink.dir/C_/Users/gene_/.pico-sdk/sdk/2.0.0/src/rp2_common/hardware_xosc/xosc.c.obj
 .debug_abbrev  0x00002c1f      0x11c CMakeFiles/blink.dir/C_/Users/gene_/.pico-sdk/sdk/2.0.0/src/rp2_common/pico_runtime/runtime.c.obj
 .debug_abbrev  0x00002d3b      0x2b3 CMakeFiles/blink.dir/C_/Users/gene_/.pico-sdk/sdk/2.0.0/src/rp2_common/pico_runtime_init/runtime_init.c.obj
 .debug_abbrev  0x00002fee      0x25b CMakeFiles/blink.dir/C_/Users/gene_/.pico-sdk/sdk/2.0.0/src/rp2_common/pico_runtime_init/runtime_init_clocks.c.obj
 .debug_abbrev  0x00003249      0x333 CMakeFiles/blink.dir/C_/Users/gene_/.pico-sdk/sdk/2.0.0/src/rp2_common/pico_bootrom/bootrom.c.obj
 .debug_abbrev  0x0000357c      0x124 CMakeFiles/blink.dir/C_/Users/gene_/.pico-sdk/sdk/2.0.0/src/rp2_common/pico_bootrom/bootrom_lock.c.obj
 .debug_abbrev  0x000036a0      0x207 CMakeFiles/blink.dir/C_/Users/gene_/.pico-sdk/sdk/2.0.0/src/rp2_common/hardware_boot_lock/boot_lock.c.obj
 .debug_abbrev  0x000038a7       0x12 CMakeFiles/blink.dir/C_/Users/gene_/.pico-sdk/sdk/2.0.0/src/rp2_common/pico_double/double_aeabi_dcp.S.obj
 .debug_abbrev  0x000038b9       0xad CMakeFiles/blink.dir/C_/Users/gene_/.pico-sdk/sdk/2.0.0/src/rp2_common/pico_standard_binary_info/standard_binary_info.c.obj
 .debug_abbrev  0x00003966      0x3a2 CMakeFiles/blink.dir/C_/Users/gene_/.pico-sdk/sdk/2.0.0/src/rp2_common/pico_printf/printf.c.obj
 .debug_abbrev  0x00003d08       0x12 CMakeFiles/blink.dir/C_/Users/gene_/.pico-sdk/sdk/2.0.0/src/rp2_common/pico_crt0/crt0.S.obj
 .debug_abbrev  0x00003d1a      0x33c CMakeFiles/blink.dir/C_/Users/gene_/.pico-sdk/sdk/2.0.0/src/rp2_common/pico_clib_interface/newlib_interface.c.obj
 .debug_abbrev  0x00004056      0x48d CMakeFiles/blink.dir/C_/Users/gene_/.pico-sdk/sdk/2.0.0/src/rp2_common/pico_stdio/stdio.c.obj
 .debug_abbrev  0x000044e3      0x1ab CMakeFiles/blink.dir/C_/Users/gene_/.pico-sdk/sdk/2.0.0/src/rp2_common/pico_unique_id/unique_id.c.obj

.debug_loc      0x00000000     0xc686
 .debug_loc     0x00000000       0xd0 CMakeFiles/blink.dir/blink.c.obj
 .debug_loc     0x000000d0     0x131a CMakeFiles/blink.dir/C_/Users/gene_/.pico-sdk/sdk/2.0.0/src/rp2_common/hardware_gpio/gpio.c.obj
 .debug_loc     0x000013ea      0x3d3 CMakeFiles/blink.dir/C_/Users/gene_/.pico-sdk/sdk/2.0.0/src/common/hardware_claim/claim.c.obj
 .debug_loc     0x000017bd      0x13f CMakeFiles/blink.dir/C_/Users/gene_/.pico-sdk/sdk/2.0.0/src/rp2_common/hardware_sync/sync.c.obj
 .debug_loc     0x000018fc       0xff CMakeFiles/blink.dir/C_/Users/gene_/.pico-sdk/sdk/2.0.0/src/rp2_common/hardware_sync_spin_lock/sync_spin_lock.c.obj
 .debug_loc     0x000019fb     0x13fa CMakeFiles/blink.dir/C_/Users/gene_/.pico-sdk/sdk/2.0.0/src/rp2_common/hardware_irq/irq.c.obj
 .debug_loc     0x00002df5       0x15 CMakeFiles/blink.dir/C_/Users/gene_/.pico-sdk/sdk/2.0.0/src/common/pico_sync/lock_core.c.obj
 .debug_loc     0x00002e0a     0x13ae CMakeFiles/blink.dir/C_/Users/gene_/.pico-sdk/sdk/2.0.0/src/common/pico_sync/mutex.c.obj
 .debug_loc     0x000041b8     0x2884 CMakeFiles/blink.dir/C_/Users/gene_/.pico-sdk/sdk/2.0.0/src/common/pico_time/time.c.obj
 .debug_loc     0x00006a3c     0x116e CMakeFiles/blink.dir/C_/Users/gene_/.pico-sdk/sdk/2.0.0/src/rp2_common/hardware_timer/timer.c.obj
 .debug_loc     0x00007baa      0xd07 CMakeFiles/blink.dir/C_/Users/gene_/.pico-sdk/sdk/2.0.0/src/rp2_common/hardware_clocks/clocks.c.obj
 .debug_loc     0x000088b1      0x4cf CMakeFiles/blink.dir/C_/Users/gene_/.pico-sdk/sdk/2.0.0/src/rp2_common/hardware_pll/pll.c.obj
 .debug_loc     0x00008d80       0xa0 CMakeFiles/blink.dir/C_/Users/gene_/.pico-sdk/sdk/2.0.0/src/rp2_common/hardware_ticks/ticks.c.obj
 .debug_loc     0x00008e20       0x71 CMakeFiles/blink.dir/C_/Users/gene_/.pico-sdk/sdk/2.0.0/src/rp2_common/hardware_xosc/xosc.c.obj
 .debug_loc     0x00008e91       0x78 CMakeFiles/blink.dir/C_/Users/gene_/.pico-sdk/sdk/2.0.0/src/rp2_common/pico_runtime/runtime.c.obj
 .debug_loc     0x00008f09      0x19c CMakeFiles/blink.dir/C_/Users/gene_/.pico-sdk/sdk/2.0.0/src/rp2_common/pico_runtime_init/runtime_init.c.obj
 .debug_loc     0x000090a5       0x98 CMakeFiles/blink.dir/C_/Users/gene_/.pico-sdk/sdk/2.0.0/src/rp2_common/pico_runtime_init/runtime_init_clocks.c.obj
 .debug_loc     0x0000913d      0x5ad CMakeFiles/blink.dir/C_/Users/gene_/.pico-sdk/sdk/2.0.0/src/rp2_common/pico_bootrom/bootrom.c.obj
 .debug_loc     0x000096ea       0xce CMakeFiles/blink.dir/C_/Users/gene_/.pico-sdk/sdk/2.0.0/src/rp2_common/hardware_boot_lock/boot_lock.c.obj
 .debug_loc     0x000097b8     0x1d1a CMakeFiles/blink.dir/C_/Users/gene_/.pico-sdk/sdk/2.0.0/src/rp2_common/pico_printf/printf.c.obj
 .debug_loc     0x0000b4d2      0x62f CMakeFiles/blink.dir/C_/Users/gene_/.pico-sdk/sdk/2.0.0/src/rp2_common/pico_clib_interface/newlib_interface.c.obj
 .debug_loc     0x0000bb01      0xa3f CMakeFiles/blink.dir/C_/Users/gene_/.pico-sdk/sdk/2.0.0/src/rp2_common/pico_stdio/stdio.c.obj
 .debug_loc     0x0000c540      0x146 CMakeFiles/blink.dir/C_/Users/gene_/.pico-sdk/sdk/2.0.0/src/rp2_common/pico_unique_id/unique_id.c.obj

.debug_aranges  0x00000000      0xb78
 .debug_aranges
                0x00000000       0x30 CMakeFiles/blink.dir/blink.c.obj
 .debug_aranges
                0x00000030      0x128 CMakeFiles/blink.dir/C_/Users/gene_/.pico-sdk/sdk/2.0.0/src/rp2_common/hardware_gpio/gpio.c.obj
 .debug_aranges
                0x00000158       0x28 CMakeFiles/blink.dir/C_/Users/gene_/.pico-sdk/sdk/2.0.0/src/rp2_common/pico_platform_panic/panic.c.obj
 .debug_aranges
                0x00000180       0x48 CMakeFiles/blink.dir/C_/Users/gene_/.pico-sdk/sdk/2.0.0/src/common/hardware_claim/claim.c.obj
 .debug_aranges
                0x000001c8       0x48 CMakeFiles/blink.dir/C_/Users/gene_/.pico-sdk/sdk/2.0.0/src/rp2_common/hardware_sync/sync.c.obj
 .debug_aranges
                0x00000210       0x30 CMakeFiles/blink.dir/C_/Users/gene_/.pico-sdk/sdk/2.0.0/src/rp2_common/hardware_sync_spin_lock/sync_spin_lock.c.obj
 .debug_aranges
                0x00000240       0xd8 CMakeFiles/blink.dir/C_/Users/gene_/.pico-sdk/sdk/2.0.0/src/rp2_common/hardware_irq/irq.c.obj
 .debug_aranges
                0x00000318       0x20 CMakeFiles/blink.dir/C_/Users/gene_/.pico-sdk/sdk/2.0.0/src/common/pico_sync/lock_core.c.obj
 .debug_aranges
                0x00000338       0x98 CMakeFiles/blink.dir/C_/Users/gene_/.pico-sdk/sdk/2.0.0/src/common/pico_sync/mutex.c.obj
 .debug_aranges
                0x000003d0       0xf0 CMakeFiles/blink.dir/C_/Users/gene_/.pico-sdk/sdk/2.0.0/src/common/pico_time/time.c.obj
 .debug_aranges
                0x000004c0       0xf0 CMakeFiles/blink.dir/C_/Users/gene_/.pico-sdk/sdk/2.0.0/src/rp2_common/hardware_timer/timer.c.obj
 .debug_aranges
                0x000005b0       0xa0 CMakeFiles/blink.dir/C_/Users/gene_/.pico-sdk/sdk/2.0.0/src/rp2_common/hardware_clocks/clocks.c.obj
 .debug_aranges
                0x00000650       0x28 CMakeFiles/blink.dir/C_/Users/gene_/.pico-sdk/sdk/2.0.0/src/rp2_common/hardware_pll/pll.c.obj
 .debug_aranges
                0x00000678       0x30 CMakeFiles/blink.dir/C_/Users/gene_/.pico-sdk/sdk/2.0.0/src/rp2_common/hardware_ticks/ticks.c.obj
 .debug_aranges
                0x000006a8       0x30 CMakeFiles/blink.dir/C_/Users/gene_/.pico-sdk/sdk/2.0.0/src/rp2_common/hardware_xosc/xosc.c.obj
 .debug_aranges
                0x000006d8       0x40 CMakeFiles/blink.dir/C_/Users/gene_/.pico-sdk/sdk/2.0.0/src/rp2_common/pico_runtime/runtime.c.obj
 .debug_aranges
                0x00000718       0x58 CMakeFiles/blink.dir/C_/Users/gene_/.pico-sdk/sdk/2.0.0/src/rp2_common/pico_runtime_init/runtime_init.c.obj
 .debug_aranges
                0x00000770       0x28 CMakeFiles/blink.dir/C_/Users/gene_/.pico-sdk/sdk/2.0.0/src/rp2_common/pico_runtime_init/runtime_init_clocks.c.obj
 .debug_aranges
                0x00000798       0x48 CMakeFiles/blink.dir/C_/Users/gene_/.pico-sdk/sdk/2.0.0/src/rp2_common/pico_bootrom/bootrom.c.obj
 .debug_aranges
                0x000007e0       0x20 CMakeFiles/blink.dir/C_/Users/gene_/.pico-sdk/sdk/2.0.0/src/rp2_common/pico_bootrom/bootrom_lock.c.obj
 .debug_aranges
                0x00000800       0x30 CMakeFiles/blink.dir/C_/Users/gene_/.pico-sdk/sdk/2.0.0/src/rp2_common/hardware_boot_lock/boot_lock.c.obj
 .debug_aranges
                0x00000830       0xd8 CMakeFiles/blink.dir/C_/Users/gene_/.pico-sdk/sdk/2.0.0/src/rp2_common/pico_double/double_aeabi_dcp.S.obj
 .debug_aranges
                0x00000908       0x18 CMakeFiles/blink.dir/C_/Users/gene_/.pico-sdk/sdk/2.0.0/src/rp2_common/pico_standard_binary_info/standard_binary_info.c.obj
 .debug_aranges
                0x00000920       0x90 CMakeFiles/blink.dir/C_/Users/gene_/.pico-sdk/sdk/2.0.0/src/rp2_common/pico_printf/printf.c.obj
 .debug_aranges
                0x000009b0       0x28 CMakeFiles/blink.dir/C_/Users/gene_/.pico-sdk/sdk/2.0.0/src/rp2_common/pico_crt0/crt0.S.obj
 .debug_aranges
                0x000009d8       0xa0 CMakeFiles/blink.dir/C_/Users/gene_/.pico-sdk/sdk/2.0.0/src/rp2_common/pico_clib_interface/newlib_interface.c.obj
 .debug_aranges
                0x00000a78       0xd0 CMakeFiles/blink.dir/C_/Users/gene_/.pico-sdk/sdk/2.0.0/src/rp2_common/pico_stdio/stdio.c.obj
 .debug_aranges
                0x00000b48       0x30 CMakeFiles/blink.dir/C_/Users/gene_/.pico-sdk/sdk/2.0.0/src/rp2_common/pico_unique_id/unique_id.c.obj

.debug_ranges   0x00000000     0x2b18
 .debug_ranges  0x00000000       0x50 CMakeFiles/blink.dir/blink.c.obj
 .debug_ranges  0x00000050      0x1a8 CMakeFiles/blink.dir/C_/Users/gene_/.pico-sdk/sdk/2.0.0/src/rp2_common/hardware_gpio/gpio.c.obj
 .debug_ranges  0x000001f8       0x18 CMakeFiles/blink.dir/C_/Users/gene_/.pico-sdk/sdk/2.0.0/src/rp2_common/pico_platform_panic/panic.c.obj
 .debug_ranges  0x00000210       0xd0 CMakeFiles/blink.dir/C_/Users/gene_/.pico-sdk/sdk/2.0.0/src/common/hardware_claim/claim.c.obj
 .debug_ranges  0x000002e0       0x50 CMakeFiles/blink.dir/C_/Users/gene_/.pico-sdk/sdk/2.0.0/src/rp2_common/hardware_sync/sync.c.obj
 .debug_ranges  0x00000330       0x68 CMakeFiles/blink.dir/C_/Users/gene_/.pico-sdk/sdk/2.0.0/src/rp2_common/hardware_sync_spin_lock/sync_spin_lock.c.obj
 .debug_ranges  0x00000398      0x418 CMakeFiles/blink.dir/C_/Users/gene_/.pico-sdk/sdk/2.0.0/src/rp2_common/hardware_irq/irq.c.obj
 .debug_ranges  0x000007b0       0x10 CMakeFiles/blink.dir/C_/Users/gene_/.pico-sdk/sdk/2.0.0/src/common/pico_sync/lock_core.c.obj
 .debug_ranges  0x000007c0      0xa50 CMakeFiles/blink.dir/C_/Users/gene_/.pico-sdk/sdk/2.0.0/src/common/pico_sync/mutex.c.obj
 .debug_ranges  0x00001210      0xb80 CMakeFiles/blink.dir/C_/Users/gene_/.pico-sdk/sdk/2.0.0/src/common/pico_time/time.c.obj
 .debug_ranges  0x00001d90      0x438 CMakeFiles/blink.dir/C_/Users/gene_/.pico-sdk/sdk/2.0.0/src/rp2_common/hardware_timer/timer.c.obj
 .debug_ranges  0x000021c8      0x170 CMakeFiles/blink.dir/C_/Users/gene_/.pico-sdk/sdk/2.0.0/src/rp2_common/hardware_clocks/clocks.c.obj
 .debug_ranges  0x00002338       0x48 CMakeFiles/blink.dir/C_/Users/gene_/.pico-sdk/sdk/2.0.0/src/rp2_common/hardware_pll/pll.c.obj
 .debug_ranges  0x00002380       0x20 CMakeFiles/blink.dir/C_/Users/gene_/.pico-sdk/sdk/2.0.0/src/rp2_common/hardware_ticks/ticks.c.obj
 .debug_ranges  0x000023a0       0x20 CMakeFiles/blink.dir/C_/Users/gene_/.pico-sdk/sdk/2.0.0/src/rp2_common/hardware_xosc/xosc.c.obj
 .debug_ranges  0x000023c0       0x30 CMakeFiles/blink.dir/C_/Users/gene_/.pico-sdk/sdk/2.0.0/src/rp2_common/pico_runtime/runtime.c.obj
 .debug_ranges  0x000023f0       0x98 CMakeFiles/blink.dir/C_/Users/gene_/.pico-sdk/sdk/2.0.0/src/rp2_common/pico_runtime_init/runtime_init.c.obj
 .debug_ranges  0x00002488       0x18 CMakeFiles/blink.dir/C_/Users/gene_/.pico-sdk/sdk/2.0.0/src/rp2_common/pico_runtime_init/runtime_init_clocks.c.obj
 .debug_ranges  0x000024a0       0xc8 CMakeFiles/blink.dir/C_/Users/gene_/.pico-sdk/sdk/2.0.0/src/rp2_common/pico_bootrom/bootrom.c.obj
 .debug_ranges  0x00002568       0x40 CMakeFiles/blink.dir/C_/Users/gene_/.pico-sdk/sdk/2.0.0/src/rp2_common/pico_bootrom/bootrom_lock.c.obj
 .debug_ranges  0x000025a8       0x98 CMakeFiles/blink.dir/C_/Users/gene_/.pico-sdk/sdk/2.0.0/src/rp2_common/hardware_boot_lock/boot_lock.c.obj
 .debug_ranges  0x00002640      0x138 CMakeFiles/blink.dir/C_/Users/gene_/.pico-sdk/sdk/2.0.0/src/rp2_common/pico_printf/printf.c.obj
 .debug_ranges  0x00002778      0x118 CMakeFiles/blink.dir/C_/Users/gene_/.pico-sdk/sdk/2.0.0/src/rp2_common/pico_clib_interface/newlib_interface.c.obj
 .debug_ranges  0x00002890      0x238 CMakeFiles/blink.dir/C_/Users/gene_/.pico-sdk/sdk/2.0.0/src/rp2_common/pico_stdio/stdio.c.obj
 .debug_ranges  0x00002ac8       0x50 CMakeFiles/blink.dir/C_/Users/gene_/.pico-sdk/sdk/2.0.0/src/rp2_common/pico_unique_id/unique_id.c.obj

.debug_line     0x00000000     0xd30e
 .debug_line    0x00000000      0x270 CMakeFiles/blink.dir/blink.c.obj
 .debug_line    0x00000270      0xf11 CMakeFiles/blink.dir/C_/Users/gene_/.pico-sdk/sdk/2.0.0/src/rp2_common/hardware_gpio/gpio.c.obj
 .debug_line    0x00001181      0x1f9 CMakeFiles/blink.dir/C_/Users/gene_/.pico-sdk/sdk/2.0.0/src/rp2_common/pico_platform_panic/panic.c.obj
 .debug_line    0x0000137a      0x560 CMakeFiles/blink.dir/C_/Users/gene_/.pico-sdk/sdk/2.0.0/src/common/hardware_claim/claim.c.obj
 .debug_line    0x000018da      0x3a7 CMakeFiles/blink.dir/C_/Users/gene_/.pico-sdk/sdk/2.0.0/src/rp2_common/hardware_sync/sync.c.obj
 .debug_line    0x00001c81      0x3bb CMakeFiles/blink.dir/C_/Users/gene_/.pico-sdk/sdk/2.0.0/src/rp2_common/hardware_sync_spin_lock/sync_spin_lock.c.obj
 .debug_line    0x0000203c     0x119b CMakeFiles/blink.dir/C_/Users/gene_/.pico-sdk/sdk/2.0.0/src/rp2_common/hardware_irq/irq.c.obj
 .debug_line    0x000031d7      0x24a CMakeFiles/blink.dir/C_/Users/gene_/.pico-sdk/sdk/2.0.0/src/common/pico_sync/lock_core.c.obj
 .debug_line    0x00003421     0x1037 CMakeFiles/blink.dir/C_/Users/gene_/.pico-sdk/sdk/2.0.0/src/common/pico_sync/mutex.c.obj
 .debug_line    0x00004458     0x1c02 CMakeFiles/blink.dir/C_/Users/gene_/.pico-sdk/sdk/2.0.0/src/common/pico_time/time.c.obj
 .debug_line    0x0000605a      0xfb9 CMakeFiles/blink.dir/C_/Users/gene_/.pico-sdk/sdk/2.0.0/src/rp2_common/hardware_timer/timer.c.obj
 .debug_line    0x00007013      0xc0a CMakeFiles/blink.dir/C_/Users/gene_/.pico-sdk/sdk/2.0.0/src/rp2_common/hardware_clocks/clocks.c.obj
 .debug_line    0x00007c1d      0x5b3 CMakeFiles/blink.dir/C_/Users/gene_/.pico-sdk/sdk/2.0.0/src/rp2_common/hardware_pll/pll.c.obj
 .debug_line    0x000081d0      0x2f6 CMakeFiles/blink.dir/C_/Users/gene_/.pico-sdk/sdk/2.0.0/src/rp2_common/hardware_ticks/ticks.c.obj
 .debug_line    0x000084c6      0x32e CMakeFiles/blink.dir/C_/Users/gene_/.pico-sdk/sdk/2.0.0/src/rp2_common/hardware_xosc/xosc.c.obj
 .debug_line    0x000087f4      0x281 CMakeFiles/blink.dir/C_/Users/gene_/.pico-sdk/sdk/2.0.0/src/rp2_common/pico_runtime/runtime.c.obj
 .debug_line    0x00008a75      0x586 CMakeFiles/blink.dir/C_/Users/gene_/.pico-sdk/sdk/2.0.0/src/rp2_common/pico_runtime_init/runtime_init.c.obj
 .debug_line    0x00008ffb      0x547 CMakeFiles/blink.dir/C_/Users/gene_/.pico-sdk/sdk/2.0.0/src/rp2_common/pico_runtime_init/runtime_init_clocks.c.obj
 .debug_line    0x00009542      0x5e1 CMakeFiles/blink.dir/C_/Users/gene_/.pico-sdk/sdk/2.0.0/src/rp2_common/pico_bootrom/bootrom.c.obj
 .debug_line    0x00009b23      0x378 CMakeFiles/blink.dir/C_/Users/gene_/.pico-sdk/sdk/2.0.0/src/rp2_common/pico_bootrom/bootrom_lock.c.obj
 .debug_line    0x00009e9b      0x3c6 CMakeFiles/blink.dir/C_/Users/gene_/.pico-sdk/sdk/2.0.0/src/rp2_common/hardware_boot_lock/boot_lock.c.obj
 .debug_line    0x0000a261      0x21c CMakeFiles/blink.dir/C_/Users/gene_/.pico-sdk/sdk/2.0.0/src/rp2_common/pico_double/double_aeabi_dcp.S.obj
 .debug_line    0x0000a47d      0x1dd CMakeFiles/blink.dir/C_/Users/gene_/.pico-sdk/sdk/2.0.0/src/rp2_common/pico_standard_binary_info/standard_binary_info.c.obj
 .debug_line    0x0000a65a     0x11f5 CMakeFiles/blink.dir/C_/Users/gene_/.pico-sdk/sdk/2.0.0/src/rp2_common/pico_printf/printf.c.obj
 .debug_line    0x0000b84f       0xa0 CMakeFiles/blink.dir/C_/Users/gene_/.pico-sdk/sdk/2.0.0/src/rp2_common/pico_crt0/crt0.S.obj
 .debug_line    0x0000b8ef      0x7d8 CMakeFiles/blink.dir/C_/Users/gene_/.pico-sdk/sdk/2.0.0/src/rp2_common/pico_clib_interface/newlib_interface.c.obj
 .debug_line    0x0000c0c7      0xe53 CMakeFiles/blink.dir/C_/Users/gene_/.pico-sdk/sdk/2.0.0/src/rp2_common/pico_stdio/stdio.c.obj
 .debug_line    0x0000cf1a      0x3f4 CMakeFiles/blink.dir/C_/Users/gene_/.pico-sdk/sdk/2.0.0/src/rp2_common/pico_unique_id/unique_id.c.obj

.debug_str      0x00000000     0x4d0e
 .debug_str     0x00000000      0x45c CMakeFiles/blink.dir/blink.c.obj
                                0x495 (size before relaxing)
 .debug_str     0x0000045c      0xaaa CMakeFiles/blink.dir/C_/Users/gene_/.pico-sdk/sdk/2.0.0/src/rp2_common/hardware_gpio/gpio.c.obj
                                0xd2f (size before relaxing)